Archive member included because of file (symbol)

/home/rajesh/.arduino15/packages/arduino/hardware/sam/1.6.6/variants/arduino_due_x/libsam_sam3x8e_gcc_rel.a(pio.o)
                              /media/rajesh/Bharadwaja/github/waggle/sensors/sensorcluster/integrated/build/libraries/Wire/Wire.cpp.o (PIO_Configure)
/home/rajesh/.arduino15/packages/arduino/hardware/sam/1.6.6/variants/arduino_due_x/libsam_sam3x8e_gcc_rel.a(pmc.o)
                              /media/rajesh/Bharadwaja/github/waggle/sensors/sensorcluster/integrated/build/libraries/Wire/Wire.cpp.o (pmc_enable_periph_clk)
/home/rajesh/.arduino15/packages/arduino/hardware/sam/1.6.6/variants/arduino_due_x/libsam_sam3x8e_gcc_rel.a(twi.o)
                              /media/rajesh/Bharadwaja/github/waggle/sensors/sensorcluster/integrated/build/libraries/Wire/Wire.cpp.o (TWI_SetClock)
/home/rajesh/.arduino15/packages/arduino/hardware/sam/1.6.6/variants/arduino_due_x/libsam_sam3x8e_gcc_rel.a(system_sam3xa.o)
                              /media/rajesh/Bharadwaja/github/waggle/sensors/sensorcluster/integrated/build/core/variant.cpp.o (SystemInit)
/home/rajesh/.arduino15/packages/arduino/hardware/sam/1.6.6/variants/arduino_due_x/libsam_sam3x8e_gcc_rel.a(startup_sam3xa.o)
                              (Reset_Handler)
/home/rajesh/.arduino15/packages/arduino/hardware/sam/1.6.6/variants/arduino_due_x/libsam_sam3x8e_gcc_rel.a(adc.o)
                              /media/rajesh/Bharadwaja/github/waggle/sensors/sensorcluster/integrated/build/core/variant.cpp.o (adc_init)
/home/rajesh/.arduino15/packages/arduino/hardware/sam/1.6.6/variants/arduino_due_x/libsam_sam3x8e_gcc_rel.a(uotghs.o)
                              /home/rajesh/.arduino15/packages/arduino/hardware/sam/1.6.6/variants/arduino_due_x/libsam_sam3x8e_gcc_rel.a(startup_sam3xa.o) (UOTGHS_Handler)
./build/core/core.a(WInterrupts.c.o)
                              /home/rajesh/.arduino15/packages/arduino/hardware/sam/1.6.6/variants/arduino_due_x/libsam_sam3x8e_gcc_rel.a(startup_sam3xa.o) (PIOA_Handler)
./build/core/core.a(cortex_handlers.c.o)
                              /home/rajesh/.arduino15/packages/arduino/hardware/sam/1.6.6/variants/arduino_due_x/libsam_sam3x8e_gcc_rel.a(startup_sam3xa.o) (NMI_Handler)
./build/core/core.a(hooks.c.o)
                              ./build/core/core.a(cortex_handlers.c.o) (sysTickHook)
./build/core/core.a(wiring.c.o)
                              /media/rajesh/Bharadwaja/github/waggle/sensors/sensorcluster/integrated/build/sketch/integrated.ino.cpp.o (millis)
./build/core/core.a(wiring_analog.c.o)
                              /media/rajesh/Bharadwaja/github/waggle/sensors/sensorcluster/integrated/build/sketch/integrated.ino.cpp.o (analogRead)
./build/core/core.a(wiring_digital.c.o)
                              ./build/core/core.a(wiring_analog.c.o) (pinMode)
./build/core/core.a(Print.cpp.o)
                              /media/rajesh/Bharadwaja/github/waggle/sensors/sensorcluster/integrated/build/libraries/Wire/Wire.cpp.o (Print::write(unsigned char const*, unsigned int))
./build/core/core.a(Reset.cpp.o)
                              ./build/core/core.a(cortex_handlers.c.o) (tickReset)
./build/core/core.a(RingBuffer.cpp.o)
                              /media/rajesh/Bharadwaja/github/waggle/sensors/sensorcluster/integrated/build/core/variant.cpp.o (RingBuffer::RingBuffer())
./build/core/core.a(UARTClass.cpp.o)
                              /media/rajesh/Bharadwaja/github/waggle/sensors/sensorcluster/integrated/build/sketch/integrated.ino.cpp.o (UARTClass::available())
./build/core/core.a(USARTClass.cpp.o)
                              /media/rajesh/Bharadwaja/github/waggle/sensors/sensorcluster/integrated/build/sketch/integrated.ino.cpp.o (USARTClass::begin(unsigned long))
./build/core/core.a(abi.cpp.o)
                              /media/rajesh/Bharadwaja/github/waggle/sensors/sensorcluster/integrated/build/sketch/integrated.ino.cpp.o (__cxa_pure_virtual)
./build/core/core.a(main.cpp.o)
                              /home/rajesh/Desktop/arduino-1.6.6_nightly/sam/packages/arduino/tools/arm-none-eabi-gcc/4.8.3-2014q1/bin/../lib/gcc/arm-none-eabi/4.8.3/../../../../arm-none-eabi/lib/armv7-m/crt0.o (main)
./build/core/core.a(new.cpp.o)
                              /media/rajesh/Bharadwaja/github/waggle/sensors/sensorcluster/integrated/build/sketch/integrated.ino.cpp.o (operator delete(void*))
./build/core/core.a(watchdog.cpp.o)
                              ./build/core/core.a(main.cpp.o) (watchdogSetup())
./build/core/core.a(CDC.cpp.o)
                              /media/rajesh/Bharadwaja/github/waggle/sensors/sensorcluster/integrated/build/sketch/integrated.ino.cpp.o (Serial_::write(unsigned char))
./build/core/core.a(USBCore.cpp.o)
                              ./build/core/core.a(CDC.cpp.o) (USBD_Available(unsigned long))
./build/core/core.a(PluggableUSB.cpp.o)
[...]
Memory Configuration

Name             Origin             Length             Attributes
rom              0x0000000000080000 0x0000000000080000 xr
sram0            0x0000000020000000 0x0000000000010000 xrw
sram1            0x0000000020080000 0x0000000000008000 xrw
ram              0x0000000020070000 0x0000000000018000 xrw
*default*        0x0000000000000000 0xffffffffffffffff

Linker script and memory map

LOAD /home/rajesh/Desktop/arduino-1.6.6_nightly/sam/packages/arduino/tools/arm-none-eabi-gcc/4.8.3-2014q1/bin/../lib/gcc/arm-none-eabi/4.8.3/armv7-m/crti.o
LOAD /home/rajesh/Desktop/arduino-1.6.6_nightly/sam/packages/arduino/tools/arm-none-eabi-gcc/4.8.3-2014q1/bin/../lib/gcc/arm-none-eabi/4.8.3/armv7-m/crtbegin.o
LOAD /home/rajesh/Desktop/arduino-1.6.6_nightly/sam/packages/arduino/tools/arm-none-eabi-gcc/4.8.3-2014q1/bin/../lib/gcc/arm-none-eabi/4.8.3/../../../../arm-none-eabi/lib/armv7-m/crt0.o
START GROUP
LOAD ./build/core/syscalls_sam3.c.o
LOAD /media/rajesh/Bharadwaja/github/waggle/sensors/sensorcluster/integrated/build/sketch/config.cpp.o
LOAD /media/rajesh/Bharadwaja/github/waggle/sensors/sensorcluster/integrated/build/sketch/integrated.ino.cpp.o
LOAD /media/rajesh/Bharadwaja/github/waggle/sensors/sensorcluster/integrated/build/sketch/libs/Adafruit_BMP085_Unified-master/Adafruit_BMP085_U.cpp.o
LOAD /media/rajesh/Bharadwaja/github/waggle/sensors/sensorcluster/integrated/build/sketch/libs/HMC5883L_waggle/HMC5883L_waggle.cpp.o
LOAD /media/rajesh/Bharadwaja/github/waggle/sensors/sensorcluster/integrated/build/sketch/libs/HTU21D/HTU21D.cpp.o
LOAD /media/rajesh/Bharadwaja/github/waggle/sensors/sensorcluster/integrated/build/sketch/libs/LibTempTMP421/LibTempTMP421.cpp.o
LOAD /media/rajesh/Bharadwaja/github/waggle/sensors/sensorcluster/integrated/build/sketch/libs/MCP342X_Waggle/MCP342X_Waggle.cpp.o
LOAD /media/rajesh/Bharadwaja/github/waggle/sensors/sensorcluster/integrated/build/libraries/Wire/Wire.cpp.o
LOAD /media/rajesh/Bharadwaja/github/waggle/sensors/sensorcluster/integrated/build/core/variant.cpp.o
LOAD /home/rajesh/.arduino15/packages/arduino/hardware/sam/1.6.6/variants/arduino_due_x/libsam_sam3x8e_gcc_rel.a
LOAD ./build/core/core.a
END GROUP
LOAD /home/rajesh/Desktop/arduino-1.6.6_nightly/sam/packages/arduino/tools/arm-none-eabi-gcc/4.8.3-2014q1/bin/../lib/gcc/arm-none-eabi/4.8.3/../../../../arm-none-eabi/lib/armv7-m/libm.a
START GROUP
LOAD /home/rajesh/Desktop/arduino-1.6.6_nightly/sam/packages/arduino/tools/arm-none-eabi-gcc/4.8.3-2014q1/bin/../lib/gcc/arm-none-eabi/4.8.3/armv7-m/libgcc.a
LOAD /home/rajesh/Desktop/arduino-1.6.6_nightly/sam/packages/arduino/tools/arm-none-eabi-gcc/4.8.3-2014q1/bin/../lib/gcc/arm-none-eabi/4.8.3/../../../../arm-none-eabi/lib/armv7-m/libg.a
LOAD /home/rajesh/Desktop/arduino-1.6.6_nightly/sam/packages/arduino/tools/arm-none-eabi-gcc/4.8.3-2014q1/bin/../lib/gcc/arm-none-eabi/4.8.3/../../../../arm-none-eabi/lib/armv7-m/libc.a
END GROUP
LOAD /home/rajesh/Desktop/arduino-1.6.6_nightly/sam/packages/arduino/tools/arm-none-eabi-gcc/4.8.3-2014q1/bin/../lib/gcc/arm-none-eabi/4.8.3/armv7-m/crtend.o
LOAD /home/rajesh/Desktop/arduino-1.6.6_nightly/sam/packages/arduino/tools/arm-none-eabi-gcc/4.8.3-2014q1/bin/../lib/gcc/arm-none-eabi/4.8.3/armv7-m/crtn.o

.text           0x0000000000080000     0xa110
                0x0000000000080000                . = ALIGN (0x4)
                0x0000000000080000                _sfixed = .
 *(.vectors .vectors.*)
 .vectors       0x0000000000080000       0xf4 /home/rajesh/.arduino15/packages/arduino/hardware/sam/1.6.6/variants/arduino_due_x/libsam_sam3x8e_gcc_rel.a(startup_sam3xa.o)
                0x0000000000080000                exception_table
 *(.text .text.* .gnu.linkonce.t.*)
 .text          0x00000000000800f4       0x54 /home/rajesh/Desktop/arduino-1.6.6_nightly/sam/packages/arduino/tools/arm-none-eabi-gcc/4.8.3-2014q1/bin/../lib/gcc/arm-none-eabi/4.8.3/armv7-m/crtbegin.o
 .text._sbrk    0x0000000000080148       0x1c ./build/core/syscalls_sam3.c.o
                0x0000000000080148                _sbrk
 .text._close   0x0000000000080164        0x6 ./build/core/syscalls_sam3.c.o
                0x0000000000080164                _close
 .text._fstat   0x000000000008016a        0xa ./build/core/syscalls_sam3.c.o
                0x000000000008016a                _fstat
 .text._isatty  0x0000000000080174        0x4 ./build/core/syscalls_sam3.c.o
                0x0000000000080174                _isatty
 .text._lseek   0x0000000000080178        0x4 ./build/core/syscalls_sam3.c.o
                0x0000000000080178                _lseek
 .text._read    0x000000000008017c        0x4 ./build/core/syscalls_sam3.c.o
                0x000000000008017c                _read
 .text._write   0x0000000000080180       0x24 ./build/core/syscalls_sam3.c.o
                0x0000000000080180                _write
 .text._exit    0x00000000000801a4       0x10 ./build/core/syscalls_sam3.c.o
                0x00000000000801a4                _exit
 .text._kill    0x00000000000801b4        0x2 ./build/core/syscalls_sam3.c.o
                0x00000000000801b4                _kill
 .text._getpid  0x00000000000801b6        0x6 ./build/core/syscalls_sam3.c.o
                0x00000000000801b6                _getpid
 .text._ZN15Adafruit_SensorD2Ev
                0x00000000000801bc        0xc /media/rajesh/Bharadwaja/github/waggle/sensors/sensorcluster/integrated/build/sketch/integrated.ino.cpp.o
                0x00000000000801bc                Adafruit_Sensor::~Adafruit_Sensor()
                0x00000000000801bc                Adafruit_Sensor::~Adafruit_Sensor()
 .text._ZN15Adafruit_Sensor15enableAutoRangeEb
                0x00000000000801c8        0x2 /media/rajesh/Bharadwaja/github/waggle/sensors/sensorcluster/integrated/build/sketch/integrated.ino.cpp.o
                0x00000000000801c8                Adafruit_Sensor::enableAutoRange(bool)
 *fill*         0x00000000000801ca        0x2 
 .text._ZN23Adafruit_BMP085_UnifiedD2Ev
                0x00000000000801cc        0xc /media/rajesh/Bharadwaja/github/waggle/sensors/sensorcluster/integrated/build/sketch/integrated.ino.cpp.o
                0x00000000000801cc                Adafruit_BMP085_Unified::~Adafruit_BMP085_Unified()
                0x00000000000801cc                Adafruit_BMP085_Unified::~Adafruit_BMP085_Unified()
 .text._ZN14HMC5883_SensorD2Ev
                0x00000000000801d8        0xc /media/rajesh/Bharadwaja/github/waggle/sensors/sensorcluster/integrated/build/sketch/integrated.ino.cpp.o
                0x00000000000801d8                HMC5883_Sensor::~HMC5883_Sensor()
                0x00000000000801d8                HMC5883_Sensor::~HMC5883_Sensor()
 .text._ZN15Adafruit_SensorD0Ev
                0x00000000000801e4       0x14 /media/rajesh/Bharadwaja/github/waggle/sensors/sensorcluster/integrated/build/sketch/integrated.ino.cpp.o
                0x00000000000801e4                Adafruit_Sensor::~Adafruit_Sensor()
 .text._ZN23Adafruit_BMP085_UnifiedD0Ev
                0x00000000000801f8       0x14 /media/rajesh/Bharadwaja/github/waggle/sensors/sensorcluster/integrated/build/sketch/integrated.ino.cpp.o
                0x00000000000801f8                Adafruit_BMP085_Unified::~Adafruit_BMP085_Unified()
 .text._ZN14HMC5883_SensorD0Ev
                0x000000000008020c       0x14 /media/rajesh/Bharadwaja/github/waggle/sensors/sensorcluster/integrated/build/sketch/integrated.ino.cpp.o
                0x000000000008020c                HMC5883_Sensor::~HMC5883_Sensor()
 .text._ZN7TwoWire5writeEi
                0x0000000000080220        0xc /media/rajesh/Bharadwaja/github/waggle/sensors/sensorcluster/integrated/build/sketch/integrated.ino.cpp.o
                0x0000000000080220                TwoWire::write(int)
 .text._Z12CRC_8_Wagglehh
                0x000000000008022c       0x20 /media/rajesh/Bharadwaja/github/waggle/sensors/sensorcluster/integrated/build/sketch/integrated.ino.cpp.o
                0x000000000008022c                CRC_8_Waggle(unsigned char, unsigned char)
 .text._Z8CRC_calch
                0x000000000008024c       0x24 /media/rajesh/Bharadwaja/github/waggle/sensors/sensorcluster/integrated/build/sketch/integrated.ino.cpp.o
                0x000000000008024c                CRC_calc(unsigned char)
 .text._Z10TSYS01INITv
                0x0000000000080270       0x28 /media/rajesh/Bharadwaja/github/waggle/sensors/sensorcluster/integrated/build/sketch/integrated.ino.cpp.o
                0x0000000000080270                TSYS01INIT()
 .text._Z16TSYS_ScaleTemp_Ct
                0x0000000000080298      0x170 /media/rajesh/Bharadwaja/github/waggle/sensors/sensorcluster/integrated/build/sketch/integrated.ino.cpp.o
                0x0000000000080298                TSYS_ScaleTemp_C(unsigned short)
 .text._Z21chemsense_parse_valueh
                0x0000000000080408       0x40 /media/rajesh/Bharadwaja/github/waggle/sensors/sensorcluster/integrated/build/sketch/integrated.ino.cpp.o
                0x0000000000080408                chemsense_parse_value(unsigned char)
 .text._Z7format1j
                0x0000000000080448       0x10 /media/rajesh/Bharadwaja/github/waggle/sensors/sensorcluster/integrated/build/sketch/integrated.ino.cpp.o
                0x0000000000080448                format1(unsigned int)
 .text._Z7format2i
                0x0000000000080458       0x20 /media/rajesh/Bharadwaja/github/waggle/sensors/sensorcluster/integrated/build/sketch/integrated.ino.cpp.o
                0x0000000000080458                format2(int)
 .text._Z7format4m
                0x0000000000080478       0x18 /media/rajesh/Bharadwaja/github/waggle/sensors/sensorcluster/integrated/build/sketch/integrated.ino.cpp.o
                0x0000000000080478                format4(unsigned long)
 .text._Z7format5l
                0x0000000000080490       0x24 /media/rajesh/Bharadwaja/github/waggle/sensors/sensorcluster/integrated/build/sketch/integrated.ino.cpp.o
                0x0000000000080490                format5(long)
 .text._Z14chemsense_packv
                0x00000000000804b4      0x31c /media/rajesh/Bharadwaja/github/waggle/sensors/sensorcluster/integrated/build/sketch/integrated.ino.cpp.o
                0x00000000000804b4                chemsense_pack()
 .text._Z7format6f
                0x00000000000807d0       0x54 /media/rajesh/Bharadwaja/github/waggle/sensors/sensorcluster/integrated/build/sketch/integrated.ino.cpp.o
                0x00000000000807d0                format6(float)
 .text._Z7format8f
                0x0000000000080824       0x60 /media/rajesh/Bharadwaja/github/waggle/sensors/sensorcluster/integrated/build/sketch/integrated.ino.cpp.o
                0x0000000000080824                format8(float)
 .text._Z21assemble_packet_emptyv
                0x0000000000080884       0x24 /media/rajesh/Bharadwaja/github/waggle/sensors/sensorcluster/integrated/build/sketch/integrated.ino.cpp.o
                0x0000000000080884                assemble_packet_empty()
 .text._Z21assemble_packet_wholev
                0x00000000000808a8      0x328 /media/rajesh/Bharadwaja/github/waggle/sensors/sensorcluster/integrated/build/sketch/integrated.ino.cpp.o
                0x00000000000808a8                assemble_packet_whole()
 .text.startup._GLOBAL__sub_I_wirex
                0x0000000000080bd0       0x60 /media/rajesh/Bharadwaja/github/waggle/sensors/sensorcluster/integrated/build/sketch/integrated.ino.cpp.o
 .text._Z16chemsense_aquirev
                0x0000000000080c30       0x70 /media/rajesh/Bharadwaja/github/waggle/sensors/sensorcluster/integrated/build/sketch/integrated.ino.cpp.o
                0x0000000000080c30                chemsense_aquire()
 .text._Z30HIH_fetch_humidity_temperaturev
                0x0000000000080ca0       0xd8 /media/rajesh/Bharadwaja/github/waggle/sensors/sensorcluster/integrated/build/sketch/integrated.ino.cpp.o
                0x0000000000080ca0                HIH_fetch_humidity_temperature()
 .text._Z18lightsense_acquirev
                0x0000000000080d78      0x1c8 /media/rajesh/Bharadwaja/github/waggle/sensors/sensorcluster/integrated/build/sketch/integrated.ino.cpp.o
                0x0000000000080d78                lightsense_acquire()
 .text._Z13TMP112_CONFIGv
                0x0000000000080f40       0x84 /media/rajesh/Bharadwaja/github/waggle/sensors/sensorcluster/integrated/build/sketch/integrated.ino.cpp.o
                0x0000000000080f40                TMP112_CONFIG()
 .text._Z11TMP112_readv
                0x0000000000080fc4       0xa8 /media/rajesh/Bharadwaja/github/waggle/sensors/sensorcluster/integrated/build/sketch/integrated.ino.cpp.o
                0x0000000000080fc4                TMP112_read()
 .text._Z14TSYS_Get_Coeffv
                0x000000000008106c       0x50 /media/rajesh/Bharadwaja/github/waggle/sensors/sensorcluster/integrated/build/sketch/integrated.ino.cpp.o
                0x000000000008106c                TSYS_Get_Coeff()
 .text._Z13TSYS01_CONFIGv
                0x00000000000810bc        0xe /media/rajesh/Bharadwaja/github/waggle/sensors/sensorcluster/integrated/build/sketch/integrated.ino.cpp.o
                0x00000000000810bc                TSYS01_CONFIG()
 *fill*         0x00000000000810ca        0x2 
 .text._Z13TSYS01GetTempv
                0x00000000000810cc       0x78 /media/rajesh/Bharadwaja/github/waggle/sensors/sensorcluster/integrated/build/sketch/integrated.ino.cpp.o
                0x00000000000810cc                TSYS01GetTemp()
 .text._Z20MMA8452readRegistershiPh
                0x0000000000081144       0x3c /media/rajesh/Bharadwaja/github/waggle/sensors/sensorcluster/integrated/build/sketch/integrated.ino.cpp.o
                0x0000000000081144                MMA8452readRegisters(unsigned char, int, unsigned char*)
 .text._Z13readAccelDataPi
                0x0000000000081180       0x36 /media/rajesh/Bharadwaja/github/waggle/sensors/sensorcluster/integrated/build/sketch/integrated.ino.cpp.o
                0x0000000000081180                readAccelData(int*)
 *fill*         0x00000000000811b6        0x2 
 .text._Z12MMA8452_readv
                0x00000000000811b8       0x30 /media/rajesh/Bharadwaja/github/waggle/sensors/sensorcluster/integrated/build/sketch/integrated.ino.cpp.o
                0x00000000000811b8                MMA8452_read()
 .text._Z16airsense_acquirev
                0x00000000000811e8      0x234 /media/rajesh/Bharadwaja/github/waggle/sensors/sensorcluster/integrated/build/sketch/integrated.ino.cpp.o
                0x00000000000811e8                airsense_acquire()
 .text._Z15ALL_SENSOR_READv
                0x000000000008141c       0x74 /media/rajesh/Bharadwaja/github/waggle/sensors/sensorcluster/integrated/build/sketch/integrated.ino.cpp.o
                0x000000000008141c                ALL_SENSOR_READ()
 .text.loop     0x0000000000081490       0x3c /media/rajesh/Bharadwaja/github/waggle/sensors/sensorcluster/integrated/build/sketch/integrated.ino.cpp.o
                0x0000000000081490                loop
 .text._Z19MMA8452readRegisterh
                0x00000000000814cc       0x2c /media/rajesh/Bharadwaja/github/waggle/sensors/sensorcluster/integrated/build/sketch/integrated.ino.cpp.o
                0x00000000000814cc                MMA8452readRegister(unsigned char)
 .text._Z20MMA8452writeRegisterhh
                0x00000000000814f8       0x30 /media/rajesh/Bharadwaja/github/waggle/sensors/sensorcluster/integrated/build/sketch/integrated.ino.cpp.o
                0x00000000000814f8                MMA8452writeRegister(unsigned char, unsigned char)
 .text._Z14MMA8452Standbyv
                0x0000000000081528       0x16 /media/rajesh/Bharadwaja/github/waggle/sensors/sensorcluster/integrated/build/sketch/integrated.ino.cpp.o
                0x0000000000081528                MMA8452Standby()
 .text._Z13MMA8452Activev
                0x000000000008153e       0x18 /media/rajesh/Bharadwaja/github/waggle/sensors/sensorcluster/integrated/build/sketch/integrated.ino.cpp.o
                0x000000000008153e                MMA8452Active()
 .text._Z14MMA8452_CONFIGv
                0x0000000000081556       0x16 /media/rajesh/Bharadwaja/github/waggle/sensors/sensorcluster/integrated/build/sketch/integrated.ino.cpp.o
                0x0000000000081556                MMA8452_CONFIG()
 .text._Z13Sensors_Setupv
                0x000000000008156c       0x44 /media/rajesh/Bharadwaja/github/waggle/sensors/sensorcluster/integrated/build/sketch/integrated.ino.cpp.o
                0x000000000008156c                Sensors_Setup()
 .text.setup    0x00000000000815b0       0x3c /media/rajesh/Bharadwaja/github/waggle/sensors/sensorcluster/integrated/build/sketch/integrated.ino.cpp.o
                0x00000000000815b0                setup
 .text._ZN23Adafruit_BMP085_Unified9getSensorEP8sensor_t
                0x00000000000815ec       0x4c /media/rajesh/Bharadwaja/github/waggle/sensors/sensorcluster/integrated/build/sketch/libs/Adafruit_BMP085_Unified-master/Adafruit_BMP085_U.cpp.o
                0x00000000000815ec                Adafruit_BMP085_Unified::getSensor(sensor_t*)
 .text._ZN23Adafruit_BMP085_Unified9computeB5El
                0x0000000000081638       0x24 /media/rajesh/Bharadwaja/github/waggle/sensors/sensorcluster/integrated/build/sketch/libs/Adafruit_BMP085_Unified-master/Adafruit_BMP085_U.cpp.o
                0x0000000000081638                Adafruit_BMP085_Unified::computeB5(long)
 .text._ZN23Adafruit_BMP085_UnifiedC2El
                0x000000000008165c        0xc /media/rajesh/Bharadwaja/github/waggle/sensors/sensorcluster/integrated/build/sketch/libs/Adafruit_BMP085_Unified-master/Adafruit_BMP085_U.cpp.o
                0x000000000008165c                Adafruit_BMP085_Unified::Adafruit_BMP085_Unified(long)
                0x000000000008165c                Adafruit_BMP085_Unified::Adafruit_BMP085_Unified(long)
 .text._ZL12writeCommandhh.constprop.0
                0x0000000000081668       0x2c /media/rajesh/Bharadwaja/github/waggle/sensors/sensorcluster/integrated/build/sketch/libs/Adafruit_BMP085_Unified-master/Adafruit_BMP085_U.cpp.o
 .text._ZL5read8hPh
                0x0000000000081694       0x40 /media/rajesh/Bharadwaja/github/waggle/sensors/sensorcluster/integrated/build/sketch/libs/Adafruit_BMP085_Unified-master/Adafruit_BMP085_U.cpp.o
 .text._ZL6read16hPt
                0x00000000000816d4       0x4c /media/rajesh/Bharadwaja/github/waggle/sensors/sensorcluster/integrated/build/sketch/libs/Adafruit_BMP085_Unified-master/Adafruit_BMP085_U.cpp.o
 .text._ZL7readS16hPs
                0x0000000000081720       0x16 /media/rajesh/Bharadwaja/github/waggle/sensors/sensorcluster/integrated/build/sketch/libs/Adafruit_BMP085_Unified-master/Adafruit_BMP085_U.cpp.o
 *fill*         0x0000000000081736        0x2 
 .text._ZN23Adafruit_BMP085_Unified5beginE13bmp085_mode_t
                0x0000000000081738       0xb4 /media/rajesh/Bharadwaja/github/waggle/sensors/sensorcluster/integrated/build/sketch/libs/Adafruit_BMP085_Unified-master/Adafruit_BMP085_U.cpp.o
                0x0000000000081738                Adafruit_BMP085_Unified::begin(bmp085_mode_t)
 .text._ZL18readRawTemperaturePl
                0x00000000000817ec       0x24 /media/rajesh/Bharadwaja/github/waggle/sensors/sensorcluster/integrated/build/sketch/libs/Adafruit_BMP085_Unified-master/Adafruit_BMP085_U.cpp.o
 .text._ZN23Adafruit_BMP085_Unified14getTemperatureEPf
                0x0000000000081810       0x2c /media/rajesh/Bharadwaja/github/waggle/sensors/sensorcluster/integrated/build/sketch/libs/Adafruit_BMP085_Unified-master/Adafruit_BMP085_U.cpp.o
                0x0000000000081810                Adafruit_BMP085_Unified::getTemperature(float*)
 .text._ZN23Adafruit_BMP085_Unified11getPressureEPf
                0x000000000008183c      0x10c /media/rajesh/Bharadwaja/github/waggle/sensors/sensorcluster/integrated/build/sketch/libs/Adafruit_BMP085_Unified-master/Adafruit_BMP085_U.cpp.o
                0x000000000008183c                Adafruit_BMP085_Unified::getPressure(float*)
 .text._ZN23Adafruit_BMP085_Unified8getEventEP15sensors_event_t
                0x0000000000081948       0x3a /media/rajesh/Bharadwaja/github/waggle/sensors/sensorcluster/integrated/build/sketch/libs/Adafruit_BMP085_Unified-master/Adafruit_BMP085_U.cpp.o
                0x0000000000081948                Adafruit_BMP085_Unified::getEvent(sensors_event_t*)
 *fill*         0x0000000000081982        0x2 
 .text._ZN14HMC5883_Sensor9getSensorEP8sensor_t
                0x0000000000081984       0x4c /media/rajesh/Bharadwaja/github/waggle/sensors/sensorcluster/integrated/build/sketch/libs/HMC5883L_waggle/HMC5883L_waggle.cpp.o
                0x0000000000081984                HMC5883_Sensor::getSensor(sensor_t*)
 .text._ZN14HMC5883_Sensor6write8Ehhh
                0x00000000000819d0       0x2c /media/rajesh/Bharadwaja/github/waggle/sensors/sensorcluster/integrated/build/sketch/libs/HMC5883L_waggle/HMC5883L_waggle.cpp.o
                0x00000000000819d0                HMC5883_Sensor::write8(unsigned char, unsigned char, unsigned char)
 .text._ZN14HMC5883_Sensor4readEv
                0x00000000000819fc       0xae /media/rajesh/Bharadwaja/github/waggle/sensors/sensorcluster/integrated/build/sketch/libs/HMC5883L_waggle/HMC5883L_waggle.cpp.o
                0x00000000000819fc                HMC5883_Sensor::read()
 *fill*         0x0000000000081aaa        0x2 
 .text._ZN14HMC5883_Sensor8getEventEP15sensors_event_t
                0x0000000000081aac       0x58 /media/rajesh/Bharadwaja/github/waggle/sensors/sensorcluster/integrated/build/sketch/libs/HMC5883L_waggle/HMC5883L_waggle.cpp.o
                0x0000000000081aac                HMC5883_Sensor::getEvent(sensors_event_t*)
 .text._ZN14HMC5883_SensorC2EP7TwoWire
                0x0000000000081b04       0x20 /media/rajesh/Bharadwaja/github/waggle/sensors/sensorcluster/integrated/build/sketch/libs/HMC5883L_waggle/HMC5883L_waggle.cpp.o
                0x0000000000081b04                HMC5883_Sensor::HMC5883_Sensor(TwoWire*)
                0x0000000000081b04                HMC5883_Sensor::HMC5883_Sensor(TwoWire*)
 .text._ZN14HMC5883_Sensor10setMagGainE14hmc5883MagGain
                0x0000000000081b24       0xb8 /media/rajesh/Bharadwaja/github/waggle/sensors/sensorcluster/integrated/build/sketch/libs/HMC5883L_waggle/HMC5883L_waggle.cpp.o
                0x0000000000081b24                HMC5883_Sensor::setMagGain(hmc5883MagGain)
 .text._ZN14HMC5883_Sensor5beginEv
                0x0000000000081bdc       0x22 /media/rajesh/Bharadwaja/github/waggle/sensors/sensorcluster/integrated/build/sketch/libs/HMC5883L_waggle/HMC5883L_waggle.cpp.o
                0x0000000000081bdc                HMC5883_Sensor::begin()
 .text._ZN6HTU21DC2Ev
                0x0000000000081bfe        0x2 /media/rajesh/Bharadwaja/github/waggle/sensors/sensorcluster/integrated/build/sketch/libs/HTU21D/HTU21D.cpp.o
                0x0000000000081bfe                HTU21D::HTU21D()
                0x0000000000081bfe                HTU21D::HTU21D()
 .text._ZN6HTU21D9check_crcEth
                0x0000000000081c00       0x24 /media/rajesh/Bharadwaja/github/waggle/sensors/sensorcluster/integrated/build/sketch/libs/HTU21D/HTU21D.cpp.o
                0x0000000000081c00                HTU21D::check_crc(unsigned short, unsigned char)
 .text._ZN6HTU21D12readHumidityEv
                0x0000000000081c24       0xa8 /media/rajesh/Bharadwaja/github/waggle/sensors/sensorcluster/integrated/build/sketch/libs/HTU21D/HTU21D.cpp.o
                0x0000000000081c24                HTU21D::readHumidity()
 *fill*         0x0000000000081ccc        0x4 
 .text._ZN6HTU21D15readTemperatureEv
                0x0000000000081cd0       0xc8 /media/rajesh/Bharadwaja/github/waggle/sensors/sensorcluster/integrated/build/sketch/libs/HTU21D/HTU21D.cpp.o
                0x0000000000081cd0                HTU21D::readTemperature()
 .text._ZN13LibTempTMP421C2Ev
                0x0000000000081d98        0xe /media/rajesh/Bharadwaja/github/waggle/sensors/sensorcluster/integrated/build/sketch/libs/LibTempTMP421/LibTempTMP421.cpp.o
                0x0000000000081d98                LibTempTMP421::LibTempTMP421()
                0x0000000000081d98                LibTempTMP421::LibTempTMP421()
 *fill*         0x0000000000081da6        0x2 
 .text._ZN13LibTempTMP42116getRegisterValueEv
                0x0000000000081da8       0x24 /media/rajesh/Bharadwaja/github/waggle/sensors/sensorcluster/integrated/build/sketch/libs/LibTempTMP421/LibTempTMP421.cpp.o
                0x0000000000081da8                LibTempTMP421::getRegisterValue()
 .text._ZN13LibTempTMP4219setPtrLocEh
                0x0000000000081dcc       0x2c /media/rajesh/Bharadwaja/github/waggle/sensors/sensorcluster/integrated/build/sketch/libs/LibTempTMP421/LibTempTMP421.cpp.o
                0x0000000000081dcc                LibTempTMP421::setPtrLoc(unsigned char)
 .text._ZN13LibTempTMP42114GetTemperatureEv
                0x0000000000081df8      0x13c /media/rajesh/Bharadwaja/github/waggle/sensors/sensorcluster/integrated/build/sketch/libs/LibTempTMP421/LibTempTMP421.cpp.o
                0x0000000000081df8                LibTempTMP421::GetTemperature()
 .text._ZN7MCP342X4initEhh
                0x0000000000081f34       0x4c /media/rajesh/Bharadwaja/github/waggle/sensors/sensorcluster/integrated/build/sketch/libs/MCP342X_Waggle/MCP342X_Waggle.cpp.o
                0x0000000000081f34                MCP342X::init(unsigned char, unsigned char)
 .text._ZN7MCP342X13selectChannelEhh
                0x0000000000081f80       0x30 /media/rajesh/Bharadwaja/github/waggle/sensors/sensorcluster/integrated/build/sketch/libs/MCP342X_Waggle/MCP342X_Waggle.cpp.o
                0x0000000000081f80                MCP342X::selectChannel(unsigned char, unsigned char)
 .text._ZN7MCP342X7readADCEv
                0x0000000000081fb0       0x40 /media/rajesh/Bharadwaja/github/waggle/sensors/sensorcluster/integrated/build/sketch/libs/MCP342X_Waggle/MCP342X_Waggle.cpp.o
                0x0000000000081fb0                MCP342X::readADC()
 .text._ZN7TwoWire5writeEPKhj
                0x0000000000081ff0       0x50 /media/rajesh/Bharadwaja/github/waggle/sensors/sensorcluster/integrated/build/libraries/Wire/Wire.cpp.o
                0x0000000000081ff0                TwoWire::write(unsigned char const*, unsigned int)
 .text._ZN7TwoWire9availableEv
                0x0000000000082040        0xc /media/rajesh/Bharadwaja/github/waggle/sensors/sensorcluster/integrated/build/libraries/Wire/Wire.cpp.o
                0x0000000000082040                TwoWire::available()
 .text._ZN7TwoWire4readEv
                0x000000000008204c       0x1e /media/rajesh/Bharadwaja/github/waggle/sensors/sensorcluster/integrated/build/libraries/Wire/Wire.cpp.o
                0x000000000008204c                TwoWire::read()
 .text._ZN7TwoWire4peekEv
                0x000000000008206a       0x16 /media/rajesh/Bharadwaja/github/waggle/sensors/sensorcluster/integrated/build/libraries/Wire/Wire.cpp.o
                0x000000000008206a                TwoWire::peek()
 .text._ZN7TwoWire5flushEv
                0x0000000000082080        0x2 /media/rajesh/Bharadwaja/github/waggle/sensors/sensorcluster/integrated/build/libraries/Wire/Wire.cpp.o
                0x0000000000082080                TwoWire::flush()
 .text._ZN7TwoWire5writeEh
                0x0000000000082082       0x3a /media/rajesh/Bharadwaja/github/waggle/sensors/sensorcluster/integrated/build/libraries/Wire/Wire.cpp.o
                0x0000000000082082                TwoWire::write(unsigned char)
 .text._ZL20TWI_WaitByteReceivedP3Twim.constprop.2
                0x00000000000820bc       0x2c /media/rajesh/Bharadwaja/github/waggle/sensors/sensorcluster/integrated/build/libraries/Wire/Wire.cpp.o
 .text._ZL16TWI_WaitByteSentP3Twim.constprop.3
                0x00000000000820e8       0x2c /media/rajesh/Bharadwaja/github/waggle/sensors/sensorcluster/integrated/build/libraries/Wire/Wire.cpp.o
 .text._ZL24TWI_WaitTransferCompleteP3Twim.constprop.4
                0x0000000000082114       0x2c /media/rajesh/Bharadwaja/github/waggle/sensors/sensorcluster/integrated/build/libraries/Wire/Wire.cpp.o
 .text._ZL9Wire_Initv
                0x0000000000082140       0x54 /media/rajesh/Bharadwaja/github/waggle/sensors/sensorcluster/integrated/build/libraries/Wire/Wire.cpp.o
 .text._ZL10Wire1_Initv
                0x0000000000082194       0x54 /media/rajesh/Bharadwaja/github/waggle/sensors/sensorcluster/integrated/build/libraries/Wire/Wire.cpp.o
 .text._ZN7TwoWireC2EP3TwiPFvvE
                0x00000000000821e8       0x44 /media/rajesh/Bharadwaja/github/waggle/sensors/sensorcluster/integrated/build/libraries/Wire/Wire.cpp.o
                0x00000000000821e8                TwoWire::TwoWire(Twi*, void (*)())
                0x00000000000821e8                TwoWire::TwoWire(Twi*, void (*)())
 .text._ZN7TwoWire5beginEv
                0x000000000008222c       0x30 /media/rajesh/Bharadwaja/github/waggle/sensors/sensorcluster/integrated/build/libraries/Wire/Wire.cpp.o
                0x000000000008222c                TwoWire::begin()
 .text._ZN7TwoWire11requestFromEhhh
                0x000000000008225c       0x56 /media/rajesh/Bharadwaja/github/waggle/sensors/sensorcluster/integrated/build/libraries/Wire/Wire.cpp.o
                0x000000000008225c                TwoWire::requestFrom(unsigned char, unsigned char, unsigned char)
 .text._ZN7TwoWire11requestFromEhh
                0x00000000000822b2        0x6 /media/rajesh/Bharadwaja/github/waggle/sensors/sensorcluster/integrated/build/libraries/Wire/Wire.cpp.o
                0x00000000000822b2                TwoWire::requestFrom(unsigned char, unsigned char)
 .text._ZN7TwoWire11requestFromEii
                0x00000000000822b8        0xa /media/rajesh/Bharadwaja/github/waggle/sensors/sensorcluster/integrated/build/libraries/Wire/Wire.cpp.o
                0x00000000000822b8                TwoWire::requestFrom(int, int)
 .text._ZN7TwoWire17beginTransmissionEh
                0x00000000000822c2       0x12 /media/rajesh/Bharadwaja/github/waggle/sensors/sensorcluster/integrated/build/libraries/Wire/Wire.cpp.o
                0x00000000000822c2                TwoWire::beginTransmission(unsigned char)
 .text._ZN7TwoWire17beginTransmissionEi
                0x00000000000822d4       0x12 /media/rajesh/Bharadwaja/github/waggle/sensors/sensorcluster/integrated/build/libraries/Wire/Wire.cpp.o
                0x00000000000822d4                TwoWire::beginTransmission(int)
 .text._ZN7TwoWire15endTransmissionEh
                0x00000000000822e6       0x82 /media/rajesh/Bharadwaja/github/waggle/sensors/sensorcluster/integrated/build/libraries/Wire/Wire.cpp.o
                0x00000000000822e6                TwoWire::endTransmission(unsigned char)
 .text._ZN7TwoWire15endTransmissionEv
                0x0000000000082368        0x6 /media/rajesh/Bharadwaja/github/waggle/sensors/sensorcluster/integrated/build/libraries/Wire/Wire.cpp.o
                0x0000000000082368                TwoWire::endTransmission()
 .text._ZN7TwoWire9onServiceEv
                0x000000000008236e      0x126 /media/rajesh/Bharadwaja/github/waggle/sensors/sensorcluster/integrated/build/libraries/Wire/Wire.cpp.o
                0x000000000008236e                TwoWire::onService()
 .text.TWI1_Handler
                0x0000000000082494        0xc /media/rajesh/Bharadwaja/github/waggle/sensors/sensorcluster/integrated/build/libraries/Wire/Wire.cpp.o
                0x0000000000082494                TWI1_Handler
 .text.TWI0_Handler
                0x00000000000824a0        0xc /media/rajesh/Bharadwaja/github/waggle/sensors/sensorcluster/integrated/build/libraries/Wire/Wire.cpp.o
                0x00000000000824a0                TWI0_Handler
 .text._ZN7TwoWire11requestFromEhhmh
                0x00000000000824ac       0x58 /media/rajesh/Bharadwaja/github/waggle/sensors/sensorcluster/integrated/build/libraries/Wire/Wire.cpp.o
                0x00000000000824ac                TwoWire::requestFrom(unsigned char, unsigned char, unsigned long, unsigned char)
 .text.startup._GLOBAL__sub_I__ZN7TwoWireC2EP3TwiPFvvE
                0x0000000000082504       0x34 /media/rajesh/Bharadwaja/github/waggle/sensors/sensorcluster/integrated/build/libraries/Wire/Wire.cpp.o
 .text._Z11serialEventv
                0x0000000000082538        0x2 /media/rajesh/Bharadwaja/github/waggle/sensors/sensorcluster/integrated/build/core/variant.cpp.o
                0x0000000000082538                serialEvent()
 *fill*         0x000000000008253a        0x2 
 .text.UART_Handler
                0x000000000008253c        0xc /media/rajesh/Bharadwaja/github/waggle/sensors/sensorcluster/integrated/build/core/variant.cpp.o
                0x000000000008253c                UART_Handler
 .text._Z12serialEvent1v
                0x0000000000082548        0x2 /media/rajesh/Bharadwaja/github/waggle/sensors/sensorcluster/integrated/build/core/variant.cpp.o
                0x0000000000082548                serialEvent1()
 .text._Z12serialEvent2v
                0x000000000008254a        0x2 /media/rajesh/Bharadwaja/github/waggle/sensors/sensorcluster/integrated/build/core/variant.cpp.o
                0x000000000008254a                serialEvent2()
 .text._Z12serialEvent3v
                0x000000000008254c        0x2 /media/rajesh/Bharadwaja/github/waggle/sensors/sensorcluster/integrated/build/core/variant.cpp.o
                0x000000000008254c                serialEvent3()
 *fill*         0x000000000008254e        0x2 
 .text.USART0_Handler
                0x0000000000082550        0xc /media/rajesh/Bharadwaja/github/waggle/sensors/sensorcluster/integrated/build/core/variant.cpp.o
                0x0000000000082550                USART0_Handler
 .text.USART1_Handler
                0x000000000008255c        0xc /media/rajesh/Bharadwaja/github/waggle/sensors/sensorcluster/integrated/build/core/variant.cpp.o
                0x000000000008255c                USART1_Handler
 .text.USART3_Handler
                0x0000000000082568        0xc /media/rajesh/Bharadwaja/github/waggle/sensors/sensorcluster/integrated/build/core/variant.cpp.o
                0x0000000000082568                USART3_Handler
 .text.init     0x0000000000082574      0x128 /media/rajesh/Bharadwaja/github/waggle/sensors/sensorcluster/integrated/build/core/variant.cpp.o
                0x0000000000082574                init
 .text.startup._GLOBAL__sub_I_g_APinDescription
                0x000000000008269c       0xd4 /media/rajesh/Bharadwaja/github/waggle/sensors/sensorcluster/integrated/build/core/variant.cpp.o
 .text._Z14serialEventRunv
                0x0000000000082770       0x44 /media/rajesh/Bharadwaja/github/waggle/sensors/sensorcluster/integrated/build/core/variant.cpp.o
                0x0000000000082770                serialEventRun()
 .text.PIO_PullUp
                0x00000000000827b4        0xa /home/rajesh/.arduino15/packages/arduino/hardware/sam/1.6.6/variants/arduino_due_x/libsam_sam3x8e_gcc_rel.a(pio.o)
                0x00000000000827b4                PIO_PullUp
 .text.PIO_SetPeripheral
                0x00000000000827be       0x26 /home/rajesh/.arduino15/packages/arduino/hardware/sam/1.6.6/variants/arduino_due_x/libsam_sam3x8e_gcc_rel.a(pio.o)
                0x00000000000827be                PIO_SetPeripheral
 .text.PIO_SetInput
                0x00000000000827e4       0x26 /home/rajesh/.arduino15/packages/arduino/hardware/sam/1.6.6/variants/arduino_due_x/libsam_sam3x8e_gcc_rel.a(pio.o)
                0x00000000000827e4                PIO_SetInput
 .text.PIO_SetOutput
                0x000000000008280a       0x24 /home/rajesh/.arduino15/packages/arduino/hardware/sam/1.6.6/variants/arduino_due_x/libsam_sam3x8e_gcc_rel.a(pio.o)
                0x000000000008280a                PIO_SetOutput
 *fill*         0x000000000008282e        0x2 
 .text.PIO_Configure
                0x0000000000082830       0x64 /home/rajesh/.arduino15/packages/arduino/hardware/sam/1.6.6/variants/arduino_due_x/libsam_sam3x8e_gcc_rel.a(pio.o)
                0x0000000000082830                PIO_Configure
 .text.PIO_GetOutputDataStatus
                0x0000000000082894       0x14 /home/rajesh/.arduino15/packages/arduino/hardware/sam/1.6.6/variants/arduino_due_x/libsam_sam3x8e_gcc_rel.a(pio.o)
                0x0000000000082894                PIO_GetOutputDataStatus
 .text.pmc_enable_upll_clock
                0x00000000000828a8       0x14 /home/rajesh/.arduino15/packages/arduino/hardware/sam/1.6.6/variants/arduino_due_x/libsam_sam3x8e_gcc_rel.a(pmc.o)
                0x00000000000828a8                pmc_enable_upll_clock
 .text.pmc_enable_periph_clk
                0x00000000000828bc       0x44 /home/rajesh/.arduino15/packages/arduino/hardware/sam/1.6.6/variants/arduino_due_x/libsam_sam3x8e_gcc_rel.a(pmc.o)
                0x00000000000828bc                pmc_enable_periph_clk
 .text.pmc_disable_periph_clk
                0x0000000000082900       0x40 /home/rajesh/.arduino15/packages/arduino/hardware/sam/1.6.6/variants/arduino_due_x/libsam_sam3x8e_gcc_rel.a(pmc.o)
                0x0000000000082900                pmc_disable_periph_clk
 .text.pmc_switch_udpck_to_upllck
                0x0000000000082940       0x14 /home/rajesh/.arduino15/packages/arduino/hardware/sam/1.6.6/variants/arduino_due_x/libsam_sam3x8e_gcc_rel.a(pmc.o)
                0x0000000000082940                pmc_switch_udpck_to_upllck
 .text.pmc_enable_udpck
                0x0000000000082954        0xc /home/rajesh/.arduino15/packages/arduino/hardware/sam/1.6.6/variants/arduino_due_x/libsam_sam3x8e_gcc_rel.a(pmc.o)
                0x0000000000082954                pmc_enable_udpck
 .text.TWI_SetClock
                0x0000000000082960       0x58 /home/rajesh/.arduino15/packages/arduino/hardware/sam/1.6.6/variants/arduino_due_x/libsam_sam3x8e_gcc_rel.a(twi.o)
                0x0000000000082960                TWI_SetClock
 .text.TWI_Disable
                0x00000000000829b8       0x2c /home/rajesh/.arduino15/packages/arduino/hardware/sam/1.6.6/variants/arduino_due_x/libsam_sam3x8e_gcc_rel.a(twi.o)
                0x00000000000829b8                TWI_Disable
 .text.TWI_ConfigureMaster
                0x00000000000829e4       0x48 /home/rajesh/.arduino15/packages/arduino/hardware/sam/1.6.6/variants/arduino_due_x/libsam_sam3x8e_gcc_rel.a(twi.o)
                0x00000000000829e4                TWI_ConfigureMaster
 .text.TWI_Stop
                0x0000000000082a2c       0x28 /home/rajesh/.arduino15/packages/arduino/hardware/sam/1.6.6/variants/arduino_due_x/libsam_sam3x8e_gcc_rel.a(twi.o)
                0x0000000000082a2c                TWI_Stop
 .text.TWI_StartRead
                0x0000000000082a54       0x70 /home/rajesh/.arduino15/packages/arduino/hardware/sam/1.6.6/variants/arduino_due_x/libsam_sam3x8e_gcc_rel.a(twi.o)
                0x0000000000082a54                TWI_StartRead
 .text.TWI_ReadByte
                0x0000000000082ac4       0x28 /home/rajesh/.arduino15/packages/arduino/hardware/sam/1.6.6/variants/arduino_due_x/libsam_sam3x8e_gcc_rel.a(twi.o)
                0x0000000000082ac4                TWI_ReadByte
 .text.TWI_WriteByte
                0x0000000000082aec       0x24 /home/rajesh/.arduino15/packages/arduino/hardware/sam/1.6.6/variants/arduino_due_x/libsam_sam3x8e_gcc_rel.a(twi.o)
                0x0000000000082aec                TWI_WriteByte
 .text.TWI_StartWrite
                0x0000000000082b10       0x7c /home/rajesh/.arduino15/packages/arduino/hardware/sam/1.6.6/variants/arduino_due_x/libsam_sam3x8e_gcc_rel.a(twi.o)
                0x0000000000082b10                TWI_StartWrite
 .text.TWI_EnableIt
                0x0000000000082b8c       0x40 /home/rajesh/.arduino15/packages/arduino/hardware/sam/1.6.6/variants/arduino_due_x/libsam_sam3x8e_gcc_rel.a(twi.o)
                0x0000000000082b8c                TWI_EnableIt
 .text.TWI_DisableIt
                0x0000000000082bcc       0x40 /home/rajesh/.arduino15/packages/arduino/hardware/sam/1.6.6/variants/arduino_due_x/libsam_sam3x8e_gcc_rel.a(twi.o)
                0x0000000000082bcc                TWI_DisableIt
 .text.TWI_GetStatus
                0x0000000000082c0c       0x28 /home/rajesh/.arduino15/packages/arduino/hardware/sam/1.6.6/variants/arduino_due_x/libsam_sam3x8e_gcc_rel.a(twi.o)
                0x0000000000082c0c                TWI_GetStatus
 .text.TWI_SendSTOPCondition
                0x0000000000082c34       0x2c /home/rajesh/.arduino15/packages/arduino/hardware/sam/1.6.6/variants/arduino_due_x/libsam_sam3x8e_gcc_rel.a(twi.o)
                0x0000000000082c34                TWI_SendSTOPCondition
 .text.SystemInit
                0x0000000000082c60       0x88 /home/rajesh/.arduino15/packages/arduino/hardware/sam/1.6.6/variants/arduino_due_x/libsam_sam3x8e_gcc_rel.a(system_sam3xa.o)
                0x0000000000082c60                SystemInit
 .text.Reset_Handler
                0x0000000000082ce8       0x78 /home/rajesh/.arduino15/packages/arduino/hardware/sam/1.6.6/variants/arduino_due_x/libsam_sam3x8e_gcc_rel.a(startup_sam3xa.o)
                0x0000000000082ce8                Reset_Handler
 .text.adc_init
                0x0000000000082d60       0x98 /home/rajesh/.arduino15/packages/arduino/hardware/sam/1.6.6/variants/arduino_due_x/libsam_sam3x8e_gcc_rel.a(adc.o)
                0x0000000000082d60                adc_init
 .text.adc_configure_trigger
                0x0000000000082df8        0xe /home/rajesh/.arduino15/packages/arduino/hardware/sam/1.6.6/variants/arduino_due_x/libsam_sam3x8e_gcc_rel.a(adc.o)
                0x0000000000082df8                adc_configure_trigger
 .text.adc_configure_timing
                0x0000000000082e06       0x1a /home/rajesh/.arduino15/packages/arduino/hardware/sam/1.6.6/variants/arduino_due_x/libsam_sam3x8e_gcc_rel.a(adc.o)
                0x0000000000082e06                adc_configure_timing
 .text.adc_start
                0x0000000000082e20        0x6 /home/rajesh/.arduino15/packages/arduino/hardware/sam/1.6.6/variants/arduino_due_x/libsam_sam3x8e_gcc_rel.a(adc.o)
                0x0000000000082e20                adc_start
 .text.adc_enable_channel
                0x0000000000082e26        0xa /home/rajesh/.arduino15/packages/arduino/hardware/sam/1.6.6/variants/arduino_due_x/libsam_sam3x8e_gcc_rel.a(adc.o)
                0x0000000000082e26                adc_enable_channel
 .text.adc_disable_channel
                0x0000000000082e30        0xa /home/rajesh/.arduino15/packages/arduino/hardware/sam/1.6.6/variants/arduino_due_x/libsam_sam3x8e_gcc_rel.a(adc.o)
                0x0000000000082e30                adc_disable_channel
 .text.adc_disable_all_channel
                0x0000000000082e3a        0x8 /home/rajesh/.arduino15/packages/arduino/hardware/sam/1.6.6/variants/arduino_due_x/libsam_sam3x8e_gcc_rel.a(adc.o)
                0x0000000000082e3a                adc_disable_all_channel
 .text.adc_get_latest_value
                0x0000000000082e42        0x4 /home/rajesh/.arduino15/packages/arduino/hardware/sam/1.6.6/variants/arduino_due_x/libsam_sam3x8e_gcc_rel.a(adc.o)
                0x0000000000082e42                adc_get_latest_value
 .text.adc_disable_interrupt
                0x0000000000082e46        0x4 /home/rajesh/.arduino15/packages/arduino/hardware/sam/1.6.6/variants/arduino_due_x/libsam_sam3x8e_gcc_rel.a(adc.o)
                0x0000000000082e46                adc_disable_interrupt
 .text.adc_get_status
                0x0000000000082e4a        0x4 /home/rajesh/.arduino15/packages/arduino/hardware/sam/1.6.6/variants/arduino_due_x/libsam_sam3x8e_gcc_rel.a(adc.o)
                0x0000000000082e4a                adc_get_status
 *fill*         0x0000000000082e4e        0x2 
 .text.UOTGHS_Handler
                0x0000000000082e50       0x10 /home/rajesh/.arduino15/packages/arduino/hardware/sam/1.6.6/variants/arduino_due_x/libsam_sam3x8e_gcc_rel.a(uotghs.o)
                0x0000000000082e50                UOTGHS_Handler
 .text.PIOA_Handler
                0x0000000000082e60       0x28 ./build/core/core.a(WInterrupts.c.o)
                0x0000000000082e60                PIOA_Handler
 .text.PIOB_Handler
                0x0000000000082e88       0x28 ./build/core/core.a(WInterrupts.c.o)
                0x0000000000082e88                PIOB_Handler
 .text.PIOC_Handler
                0x0000000000082eb0       0x28 ./build/core/core.a(WInterrupts.c.o)
                0x0000000000082eb0                PIOC_Handler
 .text.PIOD_Handler
                0x0000000000082ed8       0x28 ./build/core/core.a(WInterrupts.c.o)
                0x0000000000082ed8                PIOD_Handler
 .text.__halt   0x0000000000082f00        0x2 ./build/core/core.a(cortex_handlers.c.o)
                0x0000000000082f00                DACC_Handler
                0x0000000000082f00                DebugMon_Handler
                0x0000000000082f00                DMAC_Handler
                0x0000000000082f00                TRNG_Handler
                0x0000000000082f00                HardFault_Handler
                0x0000000000082f00                TC2_Handler
                0x0000000000082f00                NMI_Handler
                0x0000000000082f00                TC7_Handler
                0x0000000000082f00                ADC_Handler
                0x0000000000082f00                SMC_Handler
                0x0000000000082f00                RTT_Handler
                0x0000000000082f00                EFC1_Handler
                0x0000000000082f00                RTC_Handler
                0x0000000000082f00                UsageFault_Handler
                0x0000000000082f00                TC6_Handler
                0x0000000000082f00                WDT_Handler
                0x0000000000082f00                CAN0_Handler
                0x0000000000082f00                TC4_Handler
                0x0000000000082f00                TC1_Handler
                0x0000000000082f00                HSMCI_Handler
                0x0000000000082f00                TC3_Handler
                0x0000000000082f00                SSC_Handler
                0x0000000000082f00                EFC0_Handler
                0x0000000000082f00                PMC_Handler
                0x0000000000082f00                PWM_Handler
                0x0000000000082f00                CAN1_Handler
                0x0000000000082f00                MemManage_Handler
                0x0000000000082f00                SUPC_Handler
                0x0000000000082f00                TC8_Handler
                0x0000000000082f00                USART2_Handler
                0x0000000000082f00                EMAC_Handler
                0x0000000000082f00                BusFault_Handler
                0x0000000000082f00                RSTC_Handler
                0x0000000000082f00                TC0_Handler
                0x0000000000082f00                TC5_Handler
                0x0000000000082f00                SPI0_Handler
 .text.SVC_Handler
                0x0000000000082f02        0x4 ./build/core/core.a(cortex_handlers.c.o)
                0x0000000000082f02                SVC_Handler
 .text.PendSV_Handler
                0x0000000000082f06        0x4 ./build/core/core.a(cortex_handlers.c.o)
                0x0000000000082f06                PendSV_Handler
 .text.SysTick_Handler
                0x0000000000082f0a       0x16 ./build/core/core.a(cortex_handlers.c.o)
                0x0000000000082f0a                SysTick_Handler
 .text.__empty  0x0000000000082f20        0x2 ./build/core/core.a(hooks.c.o)
                0x0000000000082f20                yield
 .text.__false  0x0000000000082f22        0x4 ./build/core/core.a(hooks.c.o)
                0x0000000000082f22                sysTickHook
 .text.__halt   0x0000000000082f26        0x2 ./build/core/core.a(hooks.c.o)
                0x0000000000082f26                pendSVHook
                0x0000000000082f26                svcHook
 .text.millis   0x0000000000082f28        0x4 ./build/core/core.a(wiring.c.o)
                0x0000000000082f28                millis
 .text.delay    0x0000000000082f2c       0x1c ./build/core/core.a(wiring.c.o)
                0x0000000000082f2c                delay
 .text.mapResolution
                0x0000000000082f48       0x12 ./build/core/core.a(wiring_analog.c.o)
 *fill*         0x0000000000082f5a        0x2 
 .text.analogRead
                0x0000000000082f5c       0x74 ./build/core/core.a(wiring_analog.c.o)
                0x0000000000082f5c                analogRead
 .text.analogOutputInit
                0x0000000000082fd0       0x14 ./build/core/core.a(wiring_analog.c.o)
                0x0000000000082fd0                analogOutputInit
 .text.digitalWrite
                0x0000000000082fe4       0x48 ./build/core/core.a(wiring_digital.c.o)
                0x0000000000082fe4                digitalWrite
 .text._ZN5Print5writeEPKhj
                0x000000000008302c       0x22 ./build/core/core.a(Print.cpp.o)
                0x000000000008302c                Print::write(unsigned char const*, unsigned int)
 *fill*         0x000000000008304e        0x2 
 .text.initiateReset
                0x0000000000083050        0xc ./build/core/core.a(Reset.cpp.o)
                0x0000000000083050                initiateReset
 .text.cancelReset
                0x000000000008305c       0x10 ./build/core/core.a(Reset.cpp.o)
                0x000000000008305c                cancelReset
 .text.tickReset
                0x000000000008306c       0x20 ./build/core/core.a(Reset.cpp.o)
                0x000000000008306c                tickReset
 .text._ZN10RingBufferC2Ev
                0x000000000008308c       0x1a ./build/core/core.a(RingBuffer.cpp.o)
                0x000000000008308c                RingBuffer::RingBuffer()
                0x000000000008308c                RingBuffer::RingBuffer()
 .text._ZN10RingBuffer10store_charEh
                0x00000000000830a6       0x1e ./build/core/core.a(RingBuffer.cpp.o)
                0x00000000000830a6                RingBuffer::store_char(unsigned char)
 .text._ZN9UARTClasscvbEv
                0x00000000000830c4        0x4 ./build/core/core.a(UARTClass.cpp.o)
                0x00000000000830c4                UARTClass::operator bool()
 .text._ZN9UARTClass9availableEv
                0x00000000000830c8       0x12 ./build/core/core.a(UARTClass.cpp.o)
                0x00000000000830c8                UARTClass::available()
 .text._ZN9UARTClass4peekEv
                0x00000000000830da       0x1c ./build/core/core.a(UARTClass.cpp.o)
                0x00000000000830da                UARTClass::peek()
 .text._ZN9UARTClass4readEv
                0x00000000000830f6       0x2a ./build/core/core.a(UARTClass.cpp.o)
                0x00000000000830f6                UARTClass::read()
 .text._ZN9UARTClass5flushEv
                0x0000000000083120       0x18 ./build/core/core.a(UARTClass.cpp.o)
                0x0000000000083120                UARTClass::flush()
 .text._ZN9UARTClass5writeEh
                0x0000000000083138       0x54 ./build/core/core.a(UARTClass.cpp.o)
                0x0000000000083138                UARTClass::write(unsigned char)
 .text._ZN9UARTClass3endEv
                0x000000000008318c       0x3c ./build/core/core.a(UARTClass.cpp.o)
                0x000000000008318c                UARTClass::end()
 .text._ZN9UARTClassC2EP4Uart4IRQnmP10RingBufferS4_
                0x00000000000831c8       0x24 ./build/core/core.a(UARTClass.cpp.o)
                0x00000000000831c8                UARTClass::UARTClass(Uart*, IRQn, unsigned long, RingBuffer*, RingBuffer*)
                0x00000000000831c8                UARTClass::UARTClass(Uart*, IRQn, unsigned long, RingBuffer*, RingBuffer*)
 .text._ZN9UARTClass4initEmm
                0x00000000000831ec       0x70 ./build/core/core.a(UARTClass.cpp.o)
                0x00000000000831ec                UARTClass::init(unsigned long, unsigned long)
 .text._ZN9UARTClass5beginEm
                0x000000000008325c        0x8 ./build/core/core.a(UARTClass.cpp.o)
                0x000000000008325c                UARTClass::begin(unsigned long)
 .text._ZN9UARTClass10IrqHandlerEv
                0x0000000000083264       0x5a ./build/core/core.a(UARTClass.cpp.o)
                0x0000000000083264                UARTClass::IrqHandler()
 .text._ZN10USARTClass5beginEm
                0x00000000000832be        0x8 ./build/core/core.a(USARTClass.cpp.o)
                0x00000000000832be                USARTClass::begin(unsigned long)
 *fill*         0x00000000000832c6        0x2 
 .text._ZN10USARTClassC2EP5Usart4IRQnmP10RingBufferS4_
                0x00000000000832c8       0x24 ./build/core/core.a(USARTClass.cpp.o)
                0x00000000000832c8                USARTClass::USARTClass(Usart*, IRQn, unsigned long, RingBuffer*, RingBuffer*)
                0x00000000000832c8                USARTClass::USARTClass(Usart*, IRQn, unsigned long, RingBuffer*, RingBuffer*)
 .text.__cxa_pure_virtual
                0x00000000000832ec        0x2 ./build/core/core.a(abi.cpp.o)
                0x00000000000832ec                __cxa_pure_virtual
 .text.initVariant
                0x00000000000832ee        0x2 ./build/core/core.a(main.cpp.o)
                0x00000000000832ee                initVariant
 .text.startup.main
                0x00000000000832f0       0x38 ./build/core/core.a(main.cpp.o)
                0x00000000000832f0                main
 .text._ZdlPv   0x0000000000083328        0x4 ./build/core/core.a(new.cpp.o)
                0x0000000000083328                operator delete(void*)
 .text._watchdogDefaultSetup
                0x000000000008332c        0xc ./build/core/core.a(watchdog.cpp.o)
                0x000000000008332c                watchdogSetup()
                0x000000000008332c                _watchdogDefaultSetup
 .text._ZN7Serial_9availableEv
                0x0000000000083338       0x18 ./build/core/core.a(CDC.cpp.o)
                0x0000000000083338                Serial_::available()
 .text._ZN7Serial_4peekEv
                0x0000000000083350       0x20 ./build/core/core.a(CDC.cpp.o)
                0x0000000000083350                Serial_::peek()
 .text._ZN7Serial_5writeEh
                0x0000000000083370       0x16 ./build/core/core.a(CDC.cpp.o)
                0x0000000000083370                Serial_::write(unsigned char)
 *fill*         0x0000000000083386        0x2 
 .text._ZN7Serial_4readEv
                0x0000000000083388       0x44 ./build/core/core.a(CDC.cpp.o)
                0x0000000000083388                Serial_::read()
 .text._ZN7Serial_5flushEv
                0x00000000000833cc        0x6 ./build/core/core.a(CDC.cpp.o)
                0x00000000000833cc                Serial_::flush()
 *fill*         0x00000000000833d2        0x2 
 .text._ZN7Serial_6acceptEv
                0x00000000000833d4       0x70 ./build/core/core.a(CDC.cpp.o)
                0x00000000000833d4                Serial_::accept()
 .text._ZN7Serial_5writeEPKhj
                0x0000000000083444       0x2c ./build/core/core.a(CDC.cpp.o)
                0x0000000000083444                Serial_::write(unsigned char const*, unsigned int)
 .text._Z16CDC_GetInterfacePh
                0x0000000000083470       0x14 ./build/core/core.a(CDC.cpp.o)
                0x0000000000083470                CDC_GetInterface(unsigned char*)
 .text._Z21CDC_GetOtherInterfacePh
                0x0000000000083484       0x14 ./build/core/core.a(CDC.cpp.o)
                0x0000000000083484                CDC_GetOtherInterface(unsigned char*)
 .text._Z9CDC_SetupR8USBSetup
                0x0000000000083498       0x64 ./build/core/core.a(CDC.cpp.o)
                0x0000000000083498                CDC_Setup(USBSetup&)
 .text.startup._GLOBAL__sub_I_cdc_rx_buffer
                0x00000000000834fc       0x1c ./build/core/core.a(CDC.cpp.o)
 .text.unlikely._ZL11USB_SendZlpv
                0x0000000000083518       0x20 ./build/core/core.a(USBCore.cpp.o)
 .text._Z14USBD_Availablem
                0x0000000000083538       0x2c ./build/core/core.a(USBCore.cpp.o)
                0x0000000000083538                USBD_Available(unsigned long)
 .text._Z9USBD_RecvmPvm
                0x0000000000083564       0x7c ./build/core/core.a(USBCore.cpp.o)
                0x0000000000083564                USBD_Recv(unsigned long, void*, unsigned long)
 .text._Z9USBD_Recvm
                0x00000000000835e0       0x22 ./build/core/core.a(USBCore.cpp.o)
                0x00000000000835e0                USBD_Recv(unsigned long)
 *fill*         0x0000000000083602        0x2 
 .text._Z9USBD_SendmPKvm
                0x0000000000083604       0x4c ./build/core/core.a(USBCore.cpp.o)
                0x0000000000083604                USBD_Send(unsigned long, void const*, unsigned long)
 .text._Z16USBD_SendControlhPKvm
                0x0000000000083650       0x40 ./build/core/core.a(USBCore.cpp.o)
                0x0000000000083650                USBD_SendControl(unsigned char, void const*, unsigned long)
 .text.unlikely._ZL24USB_SendStringDescriptorPKhi
                0x0000000000083690       0x38 ./build/core/core.a(USBCore.cpp.o)
 .text._Z16USBD_RecvControlPvm
                0x00000000000836c8       0x1c ./build/core/core.a(USBCore.cpp.o)
                0x00000000000836c8                USBD_RecvControl(void*, unsigned long)
 .text._Z26USBD_ClassInterfaceRequestR8USBSetup
                0x00000000000836e4       0x1e ./build/core/core.a(USBCore.cpp.o)
                0x00000000000836e4                USBD_ClassInterfaceRequest(USBSetup&)
 .text._Z19USBD_SendInterfacesv
                0x0000000000083702       0x22 ./build/core/core.a(USBCore.cpp.o)
                0x0000000000083702                USBD_SendInterfaces()
 .text._Z24USBD_SendOtherInterfacesv
                0x0000000000083724       0x22 ./build/core/core.a(USBCore.cpp.o)
                0x0000000000083724                USBD_SendOtherInterfaces()
 .text._Z10USBD_Flushm
                0x0000000000083746       0x16 ./build/core/core.a(USBCore.cpp.o)
                0x0000000000083746                USBD_Flush(unsigned long)
 .text._ZN10USBDevice_C2Ev
                0x000000000008375c       0x24 ./build/core/core.a(USBCore.cpp.o)
                0x000000000008375c                USBDevice_::USBDevice_()
                0x000000000008375c                USBDevice_::USBDevice_()
 .text._ZN10USBDevice_6attachEv
                0x0000000000083780       0x20 ./build/core/core.a(USBCore.cpp.o)
                0x0000000000083780                USBDevice_::attach()
 .text.startup._GLOBAL__sub_I_EndPoints
                0x00000000000837a0        0xc ./build/core/core.a(USBCore.cpp.o)
 .text._ZL7USB_ISRv
                0x00000000000837ac      0x454 ./build/core/core.a(USBCore.cpp.o)
 .text._ZN13PluggableUSB_12getInterfaceEPh
                0x0000000000083c00       0x28 ./build/core/core.a(PluggableUSB.cpp.o)
                0x0000000000083c00                PluggableUSB_::getInterface(unsigned char*)
 .text._ZN13PluggableUSB_13getDescriptorER8USBSetup
                0x0000000000083c28       0x1c ./build/core/core.a(PluggableUSB.cpp.o)
                0x0000000000083c28                PluggableUSB_::getDescriptor(USBSetup&)
 .text._ZN13PluggableUSB_12getShortNameEPc
                0x0000000000083c44       0x1c ./build/core/core.a(PluggableUSB.cpp.o)
                0x0000000000083c44                PluggableUSB_::getShortName(char*)
 .text._ZN13PluggableUSB_5setupER8USBSetup
                0x0000000000083c60       0x20 ./build/core/core.a(PluggableUSB.cpp.o)
                0x0000000000083c60                PluggableUSB_::setup(USBSetup&)
 .text._Z12PluggableUSBv
                0x0000000000083c80       0x28 ./build/core/core.a(PluggableUSB.cpp.o)
                0x0000000000083c80                PluggableUSB()
 .text.TimeTick_Increment
                0x0000000000083ca8       0x10 /home/rajesh/.arduino15/packages/arduino/hardware/sam/1.6.6/variants/arduino_due_x/libsam_sam3x8e_gcc_rel.a(timetick.o)
                0x0000000000083ca8                TimeTick_Increment
 .text.GetTickCount
                0x0000000000083cb8        0xc /home/rajesh/.arduino15/packages/arduino/hardware/sam/1.6.6/variants/arduino_due_x/libsam_sam3x8e_gcc_rel.a(timetick.o)
                0x0000000000083cb8                GetTickCount
 .text.WDT_Disable
                0x0000000000083cc4        0x8 /home/rajesh/.arduino15/packages/arduino/hardware/sam/1.6.6/variants/arduino_due_x/libsam_sam3x8e_gcc_rel.a(wdt.o)
                0x0000000000083cc4                WDT_Disable
 .text.UDD_SetStack
                0x0000000000083ccc        0xc /home/rajesh/.arduino15/packages/arduino/hardware/sam/1.6.6/variants/arduino_due_x/libsam_sam3x8e_gcc_rel.a(uotghs_device.o)
                0x0000000000083ccc                UDD_SetStack
 .text.UDD_Init
                0x0000000000083cd8       0xd0 /home/rajesh/.arduino15/packages/arduino/hardware/sam/1.6.6/variants/arduino_due_x/libsam_sam3x8e_gcc_rel.a(uotghs_device.o)
                0x0000000000083cd8                UDD_Init
 .text.UDD_Attach
                0x0000000000083da8       0x50 /home/rajesh/.arduino15/packages/arduino/hardware/sam/1.6.6/variants/arduino_due_x/libsam_sam3x8e_gcc_rel.a(uotghs_device.o)
                0x0000000000083da8                UDD_Attach
 .text.UDD_InitEP
                0x0000000000083df8       0x2c /home/rajesh/.arduino15/packages/arduino/hardware/sam/1.6.6/variants/arduino_due_x/libsam_sam3x8e_gcc_rel.a(uotghs_device.o)
                0x0000000000083df8                UDD_InitEP
 .text.UDD_InitEndpoints
                0x0000000000083e24       0x3c /home/rajesh/.arduino15/packages/arduino/hardware/sam/1.6.6/variants/arduino_due_x/libsam_sam3x8e_gcc_rel.a(uotghs_device.o)
                0x0000000000083e24                UDD_InitEndpoints
 .text.UDD_WaitIN
                0x0000000000083e60       0x10 /home/rajesh/.arduino15/packages/arduino/hardware/sam/1.6.6/variants/arduino_due_x/libsam_sam3x8e_gcc_rel.a(uotghs_device.o)
                0x0000000000083e60                UDD_WaitIN
 .text.UDD_WaitOUT
                0x0000000000083e70       0x10 /home/rajesh/.arduino15/packages/arduino/hardware/sam/1.6.6/variants/arduino_due_x/libsam_sam3x8e_gcc_rel.a(uotghs_device.o)
                0x0000000000083e70                UDD_WaitOUT
 .text.UDD_ClearIN
                0x0000000000083e80       0x18 /home/rajesh/.arduino15/packages/arduino/hardware/sam/1.6.6/variants/arduino_due_x/libsam_sam3x8e_gcc_rel.a(uotghs_device.o)
                0x0000000000083e80                UDD_ClearIN
 .text.UDD_ClearOUT
                0x0000000000083e98       0x18 /home/rajesh/.arduino15/packages/arduino/hardware/sam/1.6.6/variants/arduino_due_x/libsam_sam3x8e_gcc_rel.a(uotghs_device.o)
                0x0000000000083e98                UDD_ClearOUT
 .text.UDD_ReceivedSetupInt
                0x0000000000083eb0       0x10 /home/rajesh/.arduino15/packages/arduino/hardware/sam/1.6.6/variants/arduino_due_x/libsam_sam3x8e_gcc_rel.a(uotghs_device.o)
                0x0000000000083eb0                UDD_ReceivedSetupInt
 .text.UDD_ClearSetupInt
                0x0000000000083ec0       0x10 /home/rajesh/.arduino15/packages/arduino/hardware/sam/1.6.6/variants/arduino_due_x/libsam_sam3x8e_gcc_rel.a(uotghs_device.o)
                0x0000000000083ec0                UDD_ClearSetupInt
 .text.UDD_Send
                0x0000000000083ed0       0x88 /home/rajesh/.arduino15/packages/arduino/hardware/sam/1.6.6/variants/arduino_due_x/libsam_sam3x8e_gcc_rel.a(uotghs_device.o)
                0x0000000000083ed0                UDD_Send
 .text.UDD_Send8
                0x0000000000083f58       0x24 /home/rajesh/.arduino15/packages/arduino/hardware/sam/1.6.6/variants/arduino_due_x/libsam_sam3x8e_gcc_rel.a(uotghs_device.o)
                0x0000000000083f58                UDD_Send8
 .text.UDD_Recv8
                0x0000000000083f7c       0x28 /home/rajesh/.arduino15/packages/arduino/hardware/sam/1.6.6/variants/arduino_due_x/libsam_sam3x8e_gcc_rel.a(uotghs_device.o)
                0x0000000000083f7c                UDD_Recv8
 .text.UDD_Recv
                0x0000000000083fa4       0x34 /home/rajesh/.arduino15/packages/arduino/hardware/sam/1.6.6/variants/arduino_due_x/libsam_sam3x8e_gcc_rel.a(uotghs_device.o)
                0x0000000000083fa4                UDD_Recv
 .text.UDD_Stall
                0x0000000000083fd8       0x14 /home/rajesh/.arduino15/packages/arduino/hardware/sam/1.6.6/variants/arduino_due_x/libsam_sam3x8e_gcc_rel.a(uotghs_device.o)
                0x0000000000083fd8                UDD_Stall
 .text.UDD_FifoByteCount
                0x0000000000083fec       0x14 /home/rajesh/.arduino15/packages/arduino/hardware/sam/1.6.6/variants/arduino_due_x/libsam_sam3x8e_gcc_rel.a(uotghs_device.o)
                0x0000000000083fec                UDD_FifoByteCount
 .text.UDD_ReleaseRX
                0x0000000000084000       0x28 /home/rajesh/.arduino15/packages/arduino/hardware/sam/1.6.6/variants/arduino_due_x/libsam_sam3x8e_gcc_rel.a(uotghs_device.o)
                0x0000000000084000                UDD_ReleaseRX
 .text.UDD_ReleaseTX
                0x0000000000084028       0x28 /home/rajesh/.arduino15/packages/arduino/hardware/sam/1.6.6/variants/arduino_due_x/libsam_sam3x8e_gcc_rel.a(uotghs_device.o)
                0x0000000000084028                UDD_ReleaseTX
 .text.UDD_SetAddress
                0x0000000000084050       0x20 /home/rajesh/.arduino15/packages/arduino/hardware/sam/1.6.6/variants/arduino_due_x/libsam_sam3x8e_gcc_rel.a(uotghs_device.o)
                0x0000000000084050                UDD_SetAddress
 .text.__fpclassifyd
                0x0000000000084070       0x50 /home/rajesh/Desktop/arduino-1.6.6_nightly/sam/packages/arduino/tools/arm-none-eabi-gcc/4.8.3-2014q1/bin/../lib/gcc/arm-none-eabi/4.8.3/../../../../arm-none-eabi/lib/armv7-m/libm.a(lib_a-s_fpclassify.o)
                0x0000000000084070                __fpclassifyd
 .text.pow      0x00000000000840c0      0x2f8 /home/rajesh/Desktop/arduino-1.6.6_nightly/sam/packages/arduino/tools/arm-none-eabi-gcc/4.8.3-2014q1/bin/../lib/gcc/arm-none-eabi/4.8.3/../../../../arm-none-eabi/lib/armv7-m/libm.a(lib_a-w_pow.o)
                0x00000000000840c0                pow
 .text.__ieee754_pow
                0x00000000000843b8      0xab8 /home/rajesh/Desktop/arduino-1.6.6_nightly/sam/packages/arduino/tools/arm-none-eabi-gcc/4.8.3-2014q1/bin/../lib/gcc/arm-none-eabi/4.8.3/../../../../arm-none-eabi/lib/armv7-m/libm.a(lib_a-e_pow.o)
                0x00000000000843b8                __ieee754_pow
 .text.__ieee754_sqrt
                0x0000000000084e70      0x180 /home/rajesh/Desktop/arduino-1.6.6_nightly/sam/packages/arduino/tools/arm-none-eabi-gcc/4.8.3-2014q1/bin/../lib/gcc/arm-none-eabi/4.8.3/../../../../arm-none-eabi/lib/armv7-m/libm.a(lib_a-e_sqrt.o)
                0x0000000000084e70                __ieee754_sqrt
 .text.fabs     0x0000000000084ff0        0x8 /home/rajesh/Desktop/arduino-1.6.6_nightly/sam/packages/arduino/tools/arm-none-eabi-gcc/4.8.3-2014q1/bin/../lib/gcc/arm-none-eabi/4.8.3/../../../../arm-none-eabi/lib/armv7-m/libm.a(lib_a-s_fabs.o)
                0x0000000000084ff0                fabs
 .text.finite   0x0000000000084ff8        0xc /home/rajesh/Desktop/arduino-1.6.6_nightly/sam/packages/arduino/tools/arm-none-eabi-gcc/4.8.3-2014q1/bin/../lib/gcc/arm-none-eabi/4.8.3/../../../../arm-none-eabi/lib/armv7-m/libm.a(lib_a-s_finite.o)
                0x0000000000084ff8                finite
 .text.matherr  0x0000000000085004        0x4 /home/rajesh/Desktop/arduino-1.6.6_nightly/sam/packages/arduino/tools/arm-none-eabi-gcc/4.8.3-2014q1/bin/../lib/gcc/arm-none-eabi/4.8.3/../../../../arm-none-eabi/lib/armv7-m/libm.a(lib_a-s_matherr.o)
                0x0000000000085004                matherr
 .text.nan      0x0000000000085008        0xc /home/rajesh/Desktop/arduino-1.6.6_nightly/sam/packages/arduino/tools/arm-none-eabi-gcc/4.8.3-2014q1/bin/../lib/gcc/arm-none-eabi/4.8.3/../../../../arm-none-eabi/lib/armv7-m/libm.a(lib_a-s_nan.o)
                0x0000000000085008                nan
 .text.rint     0x0000000000085014      0x118 /home/rajesh/Desktop/arduino-1.6.6_nightly/sam/packages/arduino/tools/arm-none-eabi-gcc/4.8.3-2014q1/bin/../lib/gcc/arm-none-eabi/4.8.3/../../../../arm-none-eabi/lib/armv7-m/libm.a(lib_a-s_rint.o)
                0x0000000000085014                rint
 *fill*         0x000000000008512c        0x4 
 .text.scalbn   0x0000000000085130      0x100 /home/rajesh/Desktop/arduino-1.6.6_nightly/sam/packages/arduino/tools/arm-none-eabi-gcc/4.8.3-2014q1/bin/../lib/gcc/arm-none-eabi/4.8.3/../../../../arm-none-eabi/lib/armv7-m/libm.a(lib_a-s_scalbn.o)
                0x0000000000085130                scalbn
 .text.copysign
                0x0000000000085230       0x14 /home/rajesh/Desktop/arduino-1.6.6_nightly/sam/packages/arduino/tools/arm-none-eabi-gcc/4.8.3-2014q1/bin/../lib/gcc/arm-none-eabi/4.8.3/../../../../arm-none-eabi/lib/armv7-m/libm.a(lib_a-s_copysign.o)
                0x0000000000085230                copysign
 .text          0x0000000000085244      0x370 /home/rajesh/Desktop/arduino-1.6.6_nightly/sam/packages/arduino/tools/arm-none-eabi-gcc/4.8.3-2014q1/bin/../lib/gcc/arm-none-eabi/4.8.3/armv7-m/libgcc.a(_arm_addsubdf3.o)
                0x0000000000085244                __aeabi_drsub
                0x000000000008524c                __aeabi_dsub
                0x000000000008524c                __subdf3
                0x0000000000085250                __adddf3
                0x0000000000085250                __aeabi_dadd
                0x00000000000854c8                __aeabi_ui2d
                0x00000000000854c8                __floatunsidf
                0x00000000000854e8                __floatsidf
                0x00000000000854e8                __aeabi_i2d
                0x000000000008550c                __extendsfdf2
                0x000000000008550c                __aeabi_f2d
                0x0000000000085548                __aeabi_ul2d
                0x0000000000085548                __floatundidf
                0x0000000000085558                __floatdidf
                0x0000000000085558                __aeabi_l2d
 .text          0x00000000000855b4      0x424 /home/rajesh/Desktop/arduino-1.6.6_nightly/sam/packages/arduino/tools/arm-none-eabi-gcc/4.8.3-2014q1/bin/../lib/gcc/arm-none-eabi/4.8.3/armv7-m/libgcc.a(_arm_muldivdf3.o)
                0x00000000000855b4                __aeabi_dmul
                0x00000000000855b4                __muldf3
                0x0000000000085808                __aeabi_ddiv
                0x0000000000085808                __divdf3
 .text          0x00000000000859d8      0x110 /home/rajesh/Desktop/arduino-1.6.6_nightly/sam/packages/arduino/tools/arm-none-eabi-gcc/4.8.3-2014q1/bin/../lib/gcc/arm-none-eabi/4.8.3/armv7-m/libgcc.a(_arm_cmpdf2.o)
                0x00000000000859d8                __gtdf2
                0x00000000000859d8                __gedf2
                0x00000000000859e0                __ltdf2
                0x00000000000859e0                __ledf2
                0x00000000000859e8                __cmpdf2
                0x00000000000859e8                __eqdf2
                0x00000000000859e8                __nedf2
                0x0000000000085a64                __aeabi_cdrcmple
                0x0000000000085a74                __aeabi_cdcmple
                0x0000000000085a74                __aeabi_cdcmpeq
                0x0000000000085a84                __aeabi_dcmpeq
                0x0000000000085a98                __aeabi_dcmplt
                0x0000000000085aac                __aeabi_dcmple
                0x0000000000085ac0                __aeabi_dcmpge
                0x0000000000085ad4                __aeabi_dcmpgt
 .text          0x0000000000085ae8       0x50 /home/rajesh/Desktop/arduino-1.6.6_nightly/sam/packages/arduino/tools/arm-none-eabi-gcc/4.8.3-2014q1/bin/../lib/gcc/arm-none-eabi/4.8.3/armv7-m/libgcc.a(_arm_fixdfsi.o)
                0x0000000000085ae8                __fixdfsi
                0x0000000000085ae8                __aeabi_d2iz
 .text          0x0000000000085b38       0xa0 /home/rajesh/Desktop/arduino-1.6.6_nightly/sam/packages/arduino/tools/arm-none-eabi-gcc/4.8.3-2014q1/bin/../lib/gcc/arm-none-eabi/4.8.3/armv7-m/libgcc.a(_arm_truncdfsf2.o)
                0x0000000000085b38                __aeabi_d2f
                0x0000000000085b38                __truncdfsf2
 .text          0x0000000000085bd8      0x21c /home/rajesh/Desktop/arduino-1.6.6_nightly/sam/packages/arduino/tools/arm-none-eabi-gcc/4.8.3-2014q1/bin/../lib/gcc/arm-none-eabi/4.8.3/armv7-m/libgcc.a(_arm_addsubsf3.o)
                0x0000000000085bd8                __aeabi_frsub
                0x0000000000085be0                __subsf3
                0x0000000000085be0                __aeabi_fsub
                0x0000000000085be4                __aeabi_fadd
                0x0000000000085be4                __addsf3
                0x0000000000085d44                __aeabi_ui2f
                0x0000000000085d44                __floatunsisf
                0x0000000000085d4c                __aeabi_i2f
                0x0000000000085d4c                __floatsisf
                0x0000000000085d68                __floatundisf
                0x0000000000085d68                __aeabi_ul2f
                0x0000000000085d78                __floatdisf
                0x0000000000085d78                __aeabi_l2f
 .text          0x0000000000085df4      0x2a0 /home/rajesh/Desktop/arduino-1.6.6_nightly/sam/packages/arduino/tools/arm-none-eabi-gcc/4.8.3-2014q1/bin/../lib/gcc/arm-none-eabi/4.8.3/armv7-m/libgcc.a(_arm_muldivsf3.o)
                0x0000000000085df4                __mulsf3
                0x0000000000085df4                __aeabi_fmul
                0x0000000000085f5c                __divsf3
                0x0000000000085f5c                __aeabi_fdiv
 .text          0x0000000000086094       0xec /home/rajesh/Desktop/arduino-1.6.6_nightly/sam/packages/arduino/tools/arm-none-eabi-gcc/4.8.3-2014q1/bin/../lib/gcc/arm-none-eabi/4.8.3/armv7-m/libgcc.a(_arm_cmpsf2.o)
                0x0000000000086094                __gtsf2
                0x0000000000086094                __gesf2
                0x000000000008609c                __lesf2
                0x000000000008609c                __ltsf2
                0x00000000000860a4                __nesf2
                0x00000000000860a4                __eqsf2
                0x00000000000860a4                __cmpsf2
                0x0000000000086104                __aeabi_cfrcmple
                0x000000000008610c                __aeabi_cfcmple
                0x000000000008610c                __aeabi_cfcmpeq
                0x000000000008611c                __aeabi_fcmpeq
                0x0000000000086130                __aeabi_fcmplt
                0x0000000000086144                __aeabi_fcmple
                0x0000000000086158                __aeabi_fcmpge
                0x000000000008616c                __aeabi_fcmpgt
 .text          0x0000000000086180       0x4c /home/rajesh/Desktop/arduino-1.6.6_nightly/sam/packages/arduino/tools/arm-none-eabi-gcc/4.8.3-2014q1/bin/../lib/gcc/arm-none-eabi/4.8.3/armv7-m/libgcc.a(_arm_fixsfsi.o)
                0x0000000000086180                __fixsfsi
                0x0000000000086180                __aeabi_f2iz
 .text.__aeabi_atexit
                0x00000000000861cc        0xc /home/rajesh/Desktop/arduino-1.6.6_nightly/sam/packages/arduino/tools/arm-none-eabi-gcc/4.8.3-2014q1/bin/../lib/gcc/arm-none-eabi/4.8.3/../../../../arm-none-eabi/lib/armv7-m/libg.a(lib_a-aeabi_atexit.o)
                0x00000000000861cc                __aeabi_atexit
 .text.__assert_func
                0x00000000000861d8       0x3c /home/rajesh/Desktop/arduino-1.6.6_nightly/sam/packages/arduino/tools/arm-none-eabi-gcc/4.8.3-2014q1/bin/../lib/gcc/arm-none-eabi/4.8.3/../../../../arm-none-eabi/lib/armv7-m/libg.a(lib_a-assert.o)
                0x00000000000861d8                __assert_func
 .text.__cxa_atexit
                0x0000000000086214       0x14 /home/rajesh/Desktop/arduino-1.6.6_nightly/sam/packages/arduino/tools/arm-none-eabi-gcc/4.8.3-2014q1/bin/../lib/gcc/arm-none-eabi/4.8.3/../../../../arm-none-eabi/lib/armv7-m/libg.a(lib_a-cxa_atexit.o)
                0x0000000000086214                __cxa_atexit
 .text.__errno  0x0000000000086228        0xc /home/rajesh/Desktop/arduino-1.6.6_nightly/sam/packages/arduino/tools/arm-none-eabi-gcc/4.8.3-2014q1/bin/../lib/gcc/arm-none-eabi/4.8.3/../../../../arm-none-eabi/lib/armv7-m/libg.a(lib_a-errno.o)
                0x0000000000086228                __errno
 .text.fiprintf
                0x0000000000086234       0x28 /home/rajesh/Desktop/arduino-1.6.6_nightly/sam/packages/arduino/tools/arm-none-eabi-gcc/4.8.3-2014q1/bin/../lib/gcc/arm-none-eabi/4.8.3/../../../../arm-none-eabi/lib/armv7-m/libg.a(lib_a-fiprintf.o)
                0x0000000000086234                fiprintf
 .text.__libc_init_array
                0x000000000008625c       0x50 /home/rajesh/Desktop/arduino-1.6.6_nightly/sam/packages/arduino/tools/arm-none-eabi-gcc/4.8.3-2014q1/bin/../lib/gcc/arm-none-eabi/4.8.3/../../../../arm-none-eabi/lib/armv7-m/libg.a(lib_a-init.o)
                0x000000000008625c                __libc_init_array
 .text.iprintf  0x00000000000862ac       0x28 /home/rajesh/Desktop/arduino-1.6.6_nightly/sam/packages/arduino/tools/arm-none-eabi-gcc/4.8.3-2014q1/bin/../lib/gcc/arm-none-eabi/4.8.3/../../../../arm-none-eabi/lib/armv7-m/libg.a(lib_a-iprintf.o)
                0x00000000000862ac                iprintf
 .text.malloc   0x00000000000862d4       0x10 /home/rajesh/Desktop/arduino-1.6.6_nightly/sam/packages/arduino/tools/arm-none-eabi-gcc/4.8.3-2014q1/bin/../lib/gcc/arm-none-eabi/4.8.3/../../../../arm-none-eabi/lib/armv7-m/libg.a(lib_a-malloc.o)
                0x00000000000862d4                malloc
 .text.free     0x00000000000862e4       0x10 /home/rajesh/Desktop/arduino-1.6.6_nightly/sam/packages/arduino/tools/arm-none-eabi-gcc/4.8.3-2014q1/bin/../lib/gcc/arm-none-eabi/4.8.3/../../../../arm-none-eabi/lib/armv7-m/libg.a(lib_a-malloc.o)
                0x00000000000862e4                free
 .text._malloc_r
                0x00000000000862f4      0x538 /home/rajesh/Desktop/arduino-1.6.6_nightly/sam/packages/arduino/tools/arm-none-eabi-gcc/4.8.3-2014q1/bin/../lib/gcc/arm-none-eabi/4.8.3/../../../../arm-none-eabi/lib/armv7-m/libg.a(lib_a-mallocr.o)
                0x00000000000862f4                _malloc_r
 .text.memset   0x000000000008682c       0x94 /home/rajesh/Desktop/arduino-1.6.6_nightly/sam/packages/arduino/tools/arm-none-eabi-gcc/4.8.3-2014q1/bin/../lib/gcc/arm-none-eabi/4.8.3/../../../../arm-none-eabi/lib/armv7-m/libg.a(lib_a-memset.o)
                0x000000000008682c                memset
 .text.__malloc_lock
                0x00000000000868c0        0x4 /home/rajesh/Desktop/arduino-1.6.6_nightly/sam/packages/arduino/tools/arm-none-eabi-gcc/4.8.3-2014q1/bin/../lib/gcc/arm-none-eabi/4.8.3/../../../../arm-none-eabi/lib/armv7-m/libg.a(lib_a-mlock.o)
                0x00000000000868c0                __malloc_lock
 .text.__malloc_unlock
                0x00000000000868c4        0x4 /home/rajesh/Desktop/arduino-1.6.6_nightly/sam/packages/arduino/tools/arm-none-eabi-gcc/4.8.3-2014q1/bin/../lib/gcc/arm-none-eabi/4.8.3/../../../../arm-none-eabi/lib/armv7-m/libg.a(lib_a-mlock.o)
                0x00000000000868c4                __malloc_unlock
 .text._sbrk_r  0x00000000000868c8       0x24 /home/rajesh/Desktop/arduino-1.6.6_nightly/sam/packages/arduino/tools/arm-none-eabi-gcc/4.8.3-2014q1/bin/../lib/gcc/arm-none-eabi/4.8.3/../../../../arm-none-eabi/lib/armv7-m/libg.a(lib_a-sbrkr.o)
                0x00000000000868c8                _sbrk_r
 .text.strlen   0x00000000000868ec       0x60 /home/rajesh/Desktop/arduino-1.6.6_nightly/sam/packages/arduino/tools/arm-none-eabi-gcc/4.8.3-2014q1/bin/../lib/gcc/arm-none-eabi/4.8.3/../../../../arm-none-eabi/lib/armv7-m/libg.a(lib_a-strlen.o)
                0x00000000000868ec                strlen
 .text.strncpy  0x000000000008694c       0x64 /home/rajesh/Desktop/arduino-1.6.6_nightly/sam/packages/arduino/tools/arm-none-eabi-gcc/4.8.3-2014q1/bin/../lib/gcc/arm-none-eabi/4.8.3/../../../../arm-none-eabi/lib/armv7-m/libg.a(lib_a-strncpy.o)
                0x000000000008694c                strncpy
 .text.__sprint_r.part.0
                0x00000000000869b0       0x78 /home/rajesh/Desktop/arduino-1.6.6_nightly/sam/packages/arduino/tools/arm-none-eabi-gcc/4.8.3-2014q1/bin/../lib/gcc/arm-none-eabi/4.8.3/../../../../arm-none-eabi/lib/armv7-m/libg.a(lib_a-vfiprintf.o)
 .text._vfiprintf_r
                0x0000000000086a28      0xc54 /home/rajesh/Desktop/arduino-1.6.6_nightly/sam/packages/arduino/tools/arm-none-eabi-gcc/4.8.3-2014q1/bin/../lib/gcc/arm-none-eabi/4.8.3/../../../../arm-none-eabi/lib/armv7-m/libg.a(lib_a-vfiprintf.o)
                0x0000000000086a28                _vfiprintf_r
 .text.__sbprintf
                0x000000000008767c       0x7c /home/rajesh/Desktop/arduino-1.6.6_nightly/sam/packages/arduino/tools/arm-none-eabi-gcc/4.8.3-2014q1/bin/../lib/gcc/arm-none-eabi/4.8.3/../../../../arm-none-eabi/lib/armv7-m/libg.a(lib_a-vfiprintf.o)
 .text.__swsetup_r
                0x00000000000876f8       0xc4 /home/rajesh/Desktop/arduino-1.6.6_nightly/sam/packages/arduino/tools/arm-none-eabi-gcc/4.8.3-2014q1/bin/../lib/gcc/arm-none-eabi/4.8.3/../../../../arm-none-eabi/lib/armv7-m/libg.a(lib_a-wsetup.o)
                0x00000000000876f8                __swsetup_r
 .text.__register_exitproc
                0x00000000000877bc       0xa8 /home/rajesh/Desktop/arduino-1.6.6_nightly/sam/packages/arduino/tools/arm-none-eabi-gcc/4.8.3-2014q1/bin/../lib/gcc/arm-none-eabi/4.8.3/../../../../arm-none-eabi/lib/armv7-m/libg.a(lib_a-__atexit.o)
                0x00000000000877bc                __register_exitproc
 .text.startup.register_fini
                0x0000000000087864       0x14 /home/rajesh/Desktop/arduino-1.6.6_nightly/sam/packages/arduino/tools/arm-none-eabi-gcc/4.8.3-2014q1/bin/../lib/gcc/arm-none-eabi/4.8.3/../../../../arm-none-eabi/lib/armv7-m/libg.a(lib_a-__call_atexit.o)
 .text.abort    0x0000000000087878       0x10 /home/rajesh/Desktop/arduino-1.6.6_nightly/sam/packages/arduino/tools/arm-none-eabi-gcc/4.8.3-2014q1/bin/../lib/gcc/arm-none-eabi/4.8.3/../../../../arm-none-eabi/lib/armv7-m/libg.a(lib_a-abort.o)
                0x0000000000087878                abort
 .text.atexit   0x0000000000087888        0xc /home/rajesh/Desktop/arduino-1.6.6_nightly/sam/packages/arduino/tools/arm-none-eabi-gcc/4.8.3-2014q1/bin/../lib/gcc/arm-none-eabi/4.8.3/../../../../arm-none-eabi/lib/armv7-m/libg.a(lib_a-atexit.o)
                0x0000000000087888                atexit
 .text.__sflush_r
                0x0000000000087894      0x148 /home/rajesh/Desktop/arduino-1.6.6_nightly/sam/packages/arduino/tools/arm-none-eabi-gcc/4.8.3-2014q1/bin/../lib/gcc/arm-none-eabi/4.8.3/../../../../arm-none-eabi/lib/armv7-m/libg.a(lib_a-fflush.o)
                0x0000000000087894                __sflush_r
 .text._fflush_r
                0x00000000000879dc       0x2c /home/rajesh/Desktop/arduino-1.6.6_nightly/sam/packages/arduino/tools/arm-none-eabi-gcc/4.8.3-2014q1/bin/../lib/gcc/arm-none-eabi/4.8.3/../../../../arm-none-eabi/lib/armv7-m/libg.a(lib_a-fflush.o)
                0x00000000000879dc                _fflush_r
 .text._cleanup_r
                0x0000000000087a08        0xc /home/rajesh/Desktop/arduino-1.6.6_nightly/sam/packages/arduino/tools/arm-none-eabi-gcc/4.8.3-2014q1/bin/../lib/gcc/arm-none-eabi/4.8.3/../../../../arm-none-eabi/lib/armv7-m/libg.a(lib_a-findfp.o)
                0x0000000000087a08                _cleanup_r
 .text.__sinit  0x0000000000087a14       0xf4 /home/rajesh/Desktop/arduino-1.6.6_nightly/sam/packages/arduino/tools/arm-none-eabi-gcc/4.8.3-2014q1/bin/../lib/gcc/arm-none-eabi/4.8.3/../../../../arm-none-eabi/lib/armv7-m/libg.a(lib_a-findfp.o)
                0x0000000000087a14                __sinit
 .text.__sfp_lock_acquire
                0x0000000000087b08        0x4 /home/rajesh/Desktop/arduino-1.6.6_nightly/sam/packages/arduino/tools/arm-none-eabi-gcc/4.8.3-2014q1/bin/../lib/gcc/arm-none-eabi/4.8.3/../../../../arm-none-eabi/lib/armv7-m/libg.a(lib_a-findfp.o)
                0x0000000000087b08                __sfp_lock_acquire
 .text.__sfp_lock_release
                0x0000000000087b0c        0x4 /home/rajesh/Desktop/arduino-1.6.6_nightly/sam/packages/arduino/tools/arm-none-eabi-gcc/4.8.3-2014q1/bin/../lib/gcc/arm-none-eabi/4.8.3/../../../../arm-none-eabi/lib/armv7-m/libg.a(lib_a-findfp.o)
                0x0000000000087b0c                __sfp_lock_release
 .text.__libc_fini_array
                0x0000000000087b10       0x30 /home/rajesh/Desktop/arduino-1.6.6_nightly/sam/packages/arduino/tools/arm-none-eabi-gcc/4.8.3-2014q1/bin/../lib/gcc/arm-none-eabi/4.8.3/../../../../arm-none-eabi/lib/armv7-m/libg.a(lib_a-fini.o)
                0x0000000000087b10                __libc_fini_array
 .text._fputwc_r
                0x0000000000087b40       0xc0 /home/rajesh/Desktop/arduino-1.6.6_nightly/sam/packages/arduino/tools/arm-none-eabi-gcc/4.8.3-2014q1/bin/../lib/gcc/arm-none-eabi/4.8.3/../../../../arm-none-eabi/lib/armv7-m/libg.a(lib_a-fputwc.o)
                0x0000000000087b40                _fputwc_r
 .text._malloc_trim_r
                0x0000000000087c00       0x9c /home/rajesh/Desktop/arduino-1.6.6_nightly/sam/packages/arduino/tools/arm-none-eabi-gcc/4.8.3-2014q1/bin/../lib/gcc/arm-none-eabi/4.8.3/../../../../arm-none-eabi/lib/armv7-m/libg.a(lib_a-freer.o)
                0x0000000000087c00                _malloc_trim_r
 .text._free_r  0x0000000000087c9c      0x198 /home/rajesh/Desktop/arduino-1.6.6_nightly/sam/packages/arduino/tools/arm-none-eabi-gcc/4.8.3-2014q1/bin/../lib/gcc/arm-none-eabi/4.8.3/../../../../arm-none-eabi/lib/armv7-m/libg.a(lib_a-freer.o)
                0x0000000000087c9c                _free_r
 .text.__sfvwrite_r
                0x0000000000087e34      0x314 /home/rajesh/Desktop/arduino-1.6.6_nightly/sam/packages/arduino/tools/arm-none-eabi-gcc/4.8.3-2014q1/bin/../lib/gcc/arm-none-eabi/4.8.3/../../../../arm-none-eabi/lib/armv7-m/libg.a(lib_a-fvwrite.o)
                0x0000000000087e34                __sfvwrite_r
 .text._fwalk   0x0000000000088148       0x48 /home/rajesh/Desktop/arduino-1.6.6_nightly/sam/packages/arduino/tools/arm-none-eabi-gcc/4.8.3-2014q1/bin/../lib/gcc/arm-none-eabi/4.8.3/../../../../arm-none-eabi/lib/armv7-m/libg.a(lib_a-fwalk.o)
                0x0000000000088148                _fwalk
 .text.__locale_charset
                0x0000000000088190        0x8 /home/rajesh/Desktop/arduino-1.6.6_nightly/sam/packages/arduino/tools/arm-none-eabi-gcc/4.8.3-2014q1/bin/../lib/gcc/arm-none-eabi/4.8.3/../../../../arm-none-eabi/lib/armv7-m/libg.a(lib_a-locale.o)
                0x0000000000088190                __locale_charset
 .text.__locale_mb_cur_max
                0x0000000000088198        0xc /home/rajesh/Desktop/arduino-1.6.6_nightly/sam/packages/arduino/tools/arm-none-eabi-gcc/4.8.3-2014q1/bin/../lib/gcc/arm-none-eabi/4.8.3/../../../../arm-none-eabi/lib/armv7-m/libg.a(lib_a-locale.o)
                0x0000000000088198                __locale_mb_cur_max
 .text.__smakebuf_r
                0x00000000000881a4       0xe0 /home/rajesh/Desktop/arduino-1.6.6_nightly/sam/packages/arduino/tools/arm-none-eabi-gcc/4.8.3-2014q1/bin/../lib/gcc/arm-none-eabi/4.8.3/../../../../arm-none-eabi/lib/armv7-m/libg.a(lib_a-makebuf.o)
                0x00000000000881a4                __smakebuf_r
 .text.memchr   0x0000000000088284       0x94 /home/rajesh/Desktop/arduino-1.6.6_nightly/sam/packages/arduino/tools/arm-none-eabi-gcc/4.8.3-2014q1/bin/../lib/gcc/arm-none-eabi/4.8.3/../../../../arm-none-eabi/lib/armv7-m/libg.a(lib_a-memchr-stub.o)
                0x0000000000088284                memchr
 .text          0x0000000000088318       0xec /home/rajesh/Desktop/arduino-1.6.6_nightly/sam/packages/arduino/tools/arm-none-eabi-gcc/4.8.3-2014q1/bin/../lib/gcc/arm-none-eabi/4.8.3/../../../../arm-none-eabi/lib/armv7-m/libg.a(lib_a-memcpy.o)
                0x0000000000088318                memcpy
 .text.memmove  0x0000000000088404       0xcc /home/rajesh/Desktop/arduino-1.6.6_nightly/sam/packages/arduino/tools/arm-none-eabi-gcc/4.8.3-2014q1/bin/../lib/gcc/arm-none-eabi/4.8.3/../../../../arm-none-eabi/lib/armv7-m/libg.a(lib_a-memmove.o)
                0x0000000000088404                memmove
 .text._realloc_r
                0x00000000000884d0      0x3c0 /home/rajesh/Desktop/arduino-1.6.6_nightly/sam/packages/arduino/tools/arm-none-eabi-gcc/4.8.3-2014q1/bin/../lib/gcc/arm-none-eabi/4.8.3/../../../../arm-none-eabi/lib/armv7-m/libg.a(lib_a-reallocr.o)
                0x00000000000884d0                _realloc_r
 .text._raise_r
                0x0000000000088890       0x58 /home/rajesh/Desktop/arduino-1.6.6_nightly/sam/packages/arduino/tools/arm-none-eabi-gcc/4.8.3-2014q1/bin/../lib/gcc/arm-none-eabi/4.8.3/../../../../arm-none-eabi/lib/armv7-m/libg.a(lib_a-signal.o)
                0x0000000000088890                _raise_r
 .text.raise    0x00000000000888e8       0x10 /home/rajesh/Desktop/arduino-1.6.6_nightly/sam/packages/arduino/tools/arm-none-eabi-gcc/4.8.3-2014q1/bin/../lib/gcc/arm-none-eabi/4.8.3/../../../../arm-none-eabi/lib/armv7-m/libg.a(lib_a-signal.o)
                0x00000000000888e8                raise
 .text._kill_r  0x00000000000888f8       0x28 /home/rajesh/Desktop/arduino-1.6.6_nightly/sam/packages/arduino/tools/arm-none-eabi-gcc/4.8.3-2014q1/bin/../lib/gcc/arm-none-eabi/4.8.3/../../../../arm-none-eabi/lib/armv7-m/libg.a(lib_a-signalr.o)
                0x00000000000888f8                _kill_r
 .text._getpid_r
                0x0000000000088920        0x4 /home/rajesh/Desktop/arduino-1.6.6_nightly/sam/packages/arduino/tools/arm-none-eabi-gcc/4.8.3-2014q1/bin/../lib/gcc/arm-none-eabi/4.8.3/../../../../arm-none-eabi/lib/armv7-m/libg.a(lib_a-signalr.o)
                0x0000000000088920                _getpid_r
 .text.__sread  0x0000000000088924       0x24 /home/rajesh/Desktop/arduino-1.6.6_nightly/sam/packages/arduino/tools/arm-none-eabi-gcc/4.8.3-2014q1/bin/../lib/gcc/arm-none-eabi/4.8.3/../../../../arm-none-eabi/lib/armv7-m/libg.a(lib_a-stdio.o)
                0x0000000000088924                __sread
 .text.__swrite
                0x0000000000088948       0x38 /home/rajesh/Desktop/arduino-1.6.6_nightly/sam/packages/arduino/tools/arm-none-eabi-gcc/4.8.3-2014q1/bin/../lib/gcc/arm-none-eabi/4.8.3/../../../../arm-none-eabi/lib/armv7-m/libg.a(lib_a-stdio.o)
                0x0000000000088948                __swrite
 .text.__sseek  0x0000000000088980       0x20 /home/rajesh/Desktop/arduino-1.6.6_nightly/sam/packages/arduino/tools/arm-none-eabi-gcc/4.8.3-2014q1/bin/../lib/gcc/arm-none-eabi/4.8.3/../../../../arm-none-eabi/lib/armv7-m/libg.a(lib_a-stdio.o)
                0x0000000000088980                __sseek
 .text.__sclose
                0x00000000000889a0        0x8 /home/rajesh/Desktop/arduino-1.6.6_nightly/sam/packages/arduino/tools/arm-none-eabi-gcc/4.8.3-2014q1/bin/../lib/gcc/arm-none-eabi/4.8.3/../../../../arm-none-eabi/lib/armv7-m/libg.a(lib_a-stdio.o)
                0x00000000000889a0                __sclose
 .text.__swbuf_r
                0x00000000000889a8       0xa8 /home/rajesh/Desktop/arduino-1.6.6_nightly/sam/packages/arduino/tools/arm-none-eabi-gcc/4.8.3-2014q1/bin/../lib/gcc/arm-none-eabi/4.8.3/../../../../arm-none-eabi/lib/armv7-m/libg.a(lib_a-wbuf.o)
                0x00000000000889a8                __swbuf_r
 .text._wcrtomb_r
                0x0000000000088a50       0x50 /home/rajesh/Desktop/arduino-1.6.6_nightly/sam/packages/arduino/tools/arm-none-eabi-gcc/4.8.3-2014q1/bin/../lib/gcc/arm-none-eabi/4.8.3/../../../../arm-none-eabi/lib/armv7-m/libg.a(lib_a-wcrtomb.o)
                0x0000000000088a50                _wcrtomb_r
 .text.__ascii_wctomb
                0x0000000000088aa0       0x1c /home/rajesh/Desktop/arduino-1.6.6_nightly/sam/packages/arduino/tools/arm-none-eabi-gcc/4.8.3-2014q1/bin/../lib/gcc/arm-none-eabi/4.8.3/../../../../arm-none-eabi/lib/armv7-m/libg.a(lib_a-wctomb_r.o)
                0x0000000000088aa0                __ascii_wctomb
 .text._write_r
                0x0000000000088abc       0x28 /home/rajesh/Desktop/arduino-1.6.6_nightly/sam/packages/arduino/tools/arm-none-eabi-gcc/4.8.3-2014q1/bin/../lib/gcc/arm-none-eabi/4.8.3/../../../../arm-none-eabi/lib/armv7-m/libg.a(lib_a-writer.o)
                0x0000000000088abc                _write_r
 .text._close_r
                0x0000000000088ae4       0x24 /home/rajesh/Desktop/arduino-1.6.6_nightly/sam/packages/arduino/tools/arm-none-eabi-gcc/4.8.3-2014q1/bin/../lib/gcc/arm-none-eabi/4.8.3/../../../../arm-none-eabi/lib/armv7-m/libg.a(lib_a-closer.o)
                0x0000000000088ae4                _close_r
 .text._fclose_r
                0x0000000000088b08       0x80 /home/rajesh/Desktop/arduino-1.6.6_nightly/sam/packages/arduino/tools/arm-none-eabi-gcc/4.8.3-2014q1/bin/../lib/gcc/arm-none-eabi/4.8.3/../../../../arm-none-eabi/lib/armv7-m/libg.a(lib_a-fclose.o)
                0x0000000000088b08                _fclose_r
 .text.fclose   0x0000000000088b88       0x10 /home/rajesh/Desktop/arduino-1.6.6_nightly/sam/packages/arduino/tools/arm-none-eabi-gcc/4.8.3-2014q1/bin/../lib/gcc/arm-none-eabi/4.8.3/../../../../arm-none-eabi/lib/armv7-m/libg.a(lib_a-fclose.o)
                0x0000000000088b88                fclose
 .text._fstat_r
                0x0000000000088b98       0x28 /home/rajesh/Desktop/arduino-1.6.6_nightly/sam/packages/arduino/tools/arm-none-eabi-gcc/4.8.3-2014q1/bin/../lib/gcc/arm-none-eabi/4.8.3/../../../../arm-none-eabi/lib/armv7-m/libg.a(lib_a-fstatr.o)
                0x0000000000088b98                _fstat_r
 .text._isatty_r
                0x0000000000088bc0       0x24 /home/rajesh/Desktop/arduino-1.6.6_nightly/sam/packages/arduino/tools/arm-none-eabi-gcc/4.8.3-2014q1/bin/../lib/gcc/arm-none-eabi/4.8.3/../../../../arm-none-eabi/lib/armv7-m/libg.a(lib_a-isattyr.o)
                0x0000000000088bc0                _isatty_r
 .text._lseek_r
                0x0000000000088be4       0x28 /home/rajesh/Desktop/arduino-1.6.6_nightly/sam/packages/arduino/tools/arm-none-eabi-gcc/4.8.3-2014q1/bin/../lib/gcc/arm-none-eabi/4.8.3/../../../../arm-none-eabi/lib/armv7-m/libg.a(lib_a-lseekr.o)
                0x0000000000088be4                _lseek_r