Archive member included because of file (symbol)

/home/spark/.arduino15/packages/arduino/hardware/sam/1.6.7/variants/arduino_due_x/libsam_sam3x8e_gcc_rel.a(pio.o)
                              /home/spark/repos/waggle/coresensors/v3/pbay/coresense/build/core/variant.cpp.o (PIO_Configure)
/home/spark/.arduino15/packages/arduino/hardware/sam/1.6.7/variants/arduino_due_x/libsam_sam3x8e_gcc_rel.a(pmc.o)
                              /home/spark/repos/waggle/coresensors/v3/pbay/coresense/build/core/variant.cpp.o (pmc_enable_periph_clk)
/home/spark/.arduino15/packages/arduino/hardware/sam/1.6.7/variants/arduino_due_x/libsam_sam3x8e_gcc_rel.a(system_sam3xa.o)
                              /home/spark/repos/waggle/coresensors/v3/pbay/coresense/build/core/variant.cpp.o (SystemInit)
/home/spark/.arduino15/packages/arduino/hardware/sam/1.6.7/variants/arduino_due_x/libsam_sam3x8e_gcc_rel.a(startup_sam3xa.o)
                              (Reset_Handler)
/home/spark/.arduino15/packages/arduino/hardware/sam/1.6.7/variants/arduino_due_x/libsam_sam3x8e_gcc_rel.a(adc.o)
                              /home/spark/repos/waggle/coresensors/v3/pbay/coresense/build/core/variant.cpp.o (adc_init)
/home/spark/.arduino15/packages/arduino/hardware/sam/1.6.7/variants/arduino_due_x/libsam_sam3x8e_gcc_rel.a(uotghs.o)
                              /home/spark/.arduino15/packages/arduino/hardware/sam/1.6.7/variants/arduino_due_x/libsam_sam3x8e_gcc_rel.a(startup_sam3xa.o) (UOTGHS_Handler)
./build/core/core.a(WInterrupts.c.o)
                              /home/spark/.arduino15/packages/arduino/hardware/sam/1.6.7/variants/arduino_due_x/libsam_sam3x8e_gcc_rel.a(startup_sam3xa.o) (PIOA_Handler)
./build/core/core.a(cortex_handlers.c.o)
                              /home/spark/.arduino15/packages/arduino/hardware/sam/1.6.7/variants/arduino_due_x/libsam_sam3x8e_gcc_rel.a(startup_sam3xa.o) (NMI_Handler)
./build/core/core.a(hooks.c.o)
                              ./build/core/core.a(cortex_handlers.c.o) (sysTickHook)
./build/core/core.a(wiring_analog.c.o)
                              /home/spark/repos/waggle/coresensors/v3/pbay/coresense/build/core/variant.cpp.o (analogOutputInit)
./build/core/core.a(wiring_digital.c.o)
                              /home/spark/repos/waggle/coresensors/v3/pbay/coresense/build/sketch/coresense.ino.cpp.o (pinMode)
./build/core/core.a(Print.cpp.o)
                              /home/spark/repos/waggle/coresensors/v3/pbay/coresense/build/sketch/coresense.ino.cpp.o (Print::print(char const*))
./build/core/core.a(Reset.cpp.o)
                              ./build/core/core.a(cortex_handlers.c.o) (tickReset)
./build/core/core.a(RingBuffer.cpp.o)
                              /home/spark/repos/waggle/coresensors/v3/pbay/coresense/build/core/variant.cpp.o (RingBuffer::RingBuffer())
./build/core/core.a(UARTClass.cpp.o)
                              /home/spark/repos/waggle/coresensors/v3/pbay/coresense/build/sketch/coresense.ino.cpp.o (UARTClass::available())
./build/core/core.a(USARTClass.cpp.o)
                              /home/spark/repos/waggle/coresensors/v3/pbay/coresense/build/sketch/coresense.ino.cpp.o (USARTClass::begin(unsigned long))
./build/core/core.a(abi.cpp.o)
                              ./build/core/core.a(Print.cpp.o) (__cxa_pure_virtual)
./build/core/core.a(main.cpp.o)
                              /home/spark/repos/arduino-1.6.7/Atmel_SAM/packages/arduino/tools/arm-none-eabi-gcc/4.8.3-2014q1/bin/../lib/gcc/arm-none-eabi/4.8.3/../../../../arm-none-eabi/lib/armv7-m/crt0.o (main)
./build/core/core.a(watchdog.cpp.o)
                              ./build/core/core.a(main.cpp.o) (watchdogSetup())
./build/core/core.a(CDC.cpp.o)
                              /home/spark/repos/waggle/coresensors/v3/pbay/coresense/build/sketch/coresense.ino.cpp.o (Serial_::begin(unsigned long))
./build/core/core.a(USBCore.cpp.o)
                              ./build/core/core.a(CDC.cpp.o) (USBD_Available(unsigned long))
./build/core/core.a(wiring.c.o)
                              ./build/core/core.a(CDC.cpp.o) (millis)
./build/core/core.a(PluggableUSB.cpp.o)
                              ./build/core/core.a(USBCore.cpp.o) (PluggableUSB_::getInterface(unsigned char*))
/home/spark/.arduino15/packages/arduino/hardware/sam/1.6.7/variants/arduino_due_x/libsam_sam3x8e_gcc_rel.a(pwmc.o)
                              ./build/core/core.a(wiring_analog.c.o) (PWMC_ConfigureChannel)
/home/spark/.arduino15/packages/arduino/hardware/sam/1.6.7/variants/arduino_due_x/libsam_sam3x8e_gcc_rel.a(tc.o)
                              ./build/core/core.a(wiring_analog.c.o) (TC_Configure)
/home/spark/.arduino15/packages/arduino/hardware/sam/1.6.7/variants/arduino_due_x/libsam_sam3x8e_gcc_rel.a(timetick.o)
                              ./build/core/core.a(cortex_handlers.c.o) (TimeTick_Increment)
/home/spark/.arduino15/packages/arduino/hardware/sam/1.6.7/variants/arduino_due_x/libsam_sam3x8e_gcc_rel.a(wdt.o)
[...]
Memory Configuration

Name             Origin             Length             Attributes
rom              0x0000000000080000 0x0000000000080000 xr
sram0            0x0000000020000000 0x0000000000010000 xrw
sram1            0x0000000020080000 0x0000000000008000 xrw
ram              0x0000000020070000 0x0000000000018000 xrw
*default*        0x0000000000000000 0xffffffffffffffff

Linker script and memory map

LOAD /home/spark/repos/arduino-1.6.7/Atmel_SAM/packages/arduino/tools/arm-none-eabi-gcc/4.8.3-2014q1/bin/../lib/gcc/arm-none-eabi/4.8.3/armv7-m/crti.o
LOAD /home/spark/repos/arduino-1.6.7/Atmel_SAM/packages/arduino/tools/arm-none-eabi-gcc/4.8.3-2014q1/bin/../lib/gcc/arm-none-eabi/4.8.3/armv7-m/crtbegin.o
LOAD /home/spark/repos/arduino-1.6.7/Atmel_SAM/packages/arduino/tools/arm-none-eabi-gcc/4.8.3-2014q1/bin/../lib/gcc/arm-none-eabi/4.8.3/../../../../arm-none-eabi/lib/armv7-m/crt0.o
START GROUP
LOAD ./build/core/syscalls_sam3.c.o
LOAD /home/spark/repos/waggle/coresensors/v3/pbay/coresense/build/sketch/config.cpp.o
LOAD /home/spark/repos/waggle/coresensors/v3/pbay/coresense/build/sketch/coresense.ino.cpp.o
LOAD /home/spark/repos/waggle/coresensors/v3/pbay/coresense/build/core/variant.cpp.o
LOAD /home/spark/.arduino15/packages/arduino/hardware/sam/1.6.7/variants/arduino_due_x/libsam_sam3x8e_gcc_rel.a
LOAD ./build/core/core.a
END GROUP
LOAD /home/spark/repos/arduino-1.6.7/Atmel_SAM/packages/arduino/tools/arm-none-eabi-gcc/4.8.3-2014q1/bin/../lib/gcc/arm-none-eabi/4.8.3/../../../../arm-none-eabi/lib/armv7-m/libm.a
START GROUP
LOAD /home/spark/repos/arduino-1.6.7/Atmel_SAM/packages/arduino/tools/arm-none-eabi-gcc/4.8.3-2014q1/bin/../lib/gcc/arm-none-eabi/4.8.3/armv7-m/libgcc.a
LOAD /home/spark/repos/arduino-1.6.7/Atmel_SAM/packages/arduino/tools/arm-none-eabi-gcc/4.8.3-2014q1/bin/../lib/gcc/arm-none-eabi/4.8.3/../../../../arm-none-eabi/lib/armv7-m/libg.a
LOAD /home/spark/repos/arduino-1.6.7/Atmel_SAM/packages/arduino/tools/arm-none-eabi-gcc/4.8.3-2014q1/bin/../lib/gcc/arm-none-eabi/4.8.3/../../../../arm-none-eabi/lib/armv7-m/libc.a
END GROUP
LOAD /home/spark/repos/arduino-1.6.7/Atmel_SAM/packages/arduino/tools/arm-none-eabi-gcc/4.8.3-2014q1/bin/../lib/gcc/arm-none-eabi/4.8.3/armv7-m/crtend.o
LOAD /home/spark/repos/arduino-1.6.7/Atmel_SAM/packages/arduino/tools/arm-none-eabi-gcc/4.8.3-2014q1/bin/../lib/gcc/arm-none-eabi/4.8.3/armv7-m/crtn.o

.text           0x0000000000080000     0x35c8
                0x0000000000080000                . = ALIGN (0x4)
                0x0000000000080000                _sfixed = .
 *(.vectors .vectors.*)
 .vectors       0x0000000000080000       0xf4 /home/spark/.arduino15/packages/arduino/hardware/sam/1.6.7/variants/arduino_due_x/libsam_sam3x8e_gcc_rel.a(startup_sam3xa.o)
                0x0000000000080000                exception_table
 *(.text .text.* .gnu.linkonce.t.*)
 .text          0x00000000000800f4       0x54 /home/spark/repos/arduino-1.6.7/Atmel_SAM/packages/arduino/tools/arm-none-eabi-gcc/4.8.3-2014q1/bin/../lib/gcc/arm-none-eabi/4.8.3/armv7-m/crtbegin.o
 .text._Z7format1j
                0x0000000000080148       0x10 /home/spark/repos/waggle/coresensors/v3/pbay/coresense/build/sketch/coresense.ino.cpp.o
                0x0000000000080148                format1(unsigned int)
 .text._Z9Hex_form1v
                0x0000000000080158       0x18 /home/spark/repos/waggle/coresensors/v3/pbay/coresense/build/sketch/coresense.ino.cpp.o
                0x0000000000080158                Hex_form1()
 .text._Z7format2i
                0x0000000000080170       0x20 /home/spark/repos/waggle/coresensors/v3/pbay/coresense/build/sketch/coresense.ino.cpp.o
                0x0000000000080170                format2(int)
 .text._Z9Int_form2v
                0x0000000000080190       0x14 /home/spark/repos/waggle/coresensors/v3/pbay/coresense/build/sketch/coresense.ino.cpp.o
                0x0000000000080190                Int_form2()
 .text._Z7format3Ph
                0x00000000000801a4       0x20 /home/spark/repos/waggle/coresensors/v3/pbay/coresense/build/sketch/coresense.ino.cpp.o
                0x00000000000801a4                format3(unsigned char*)
 .text._Z7Hex_BADv
                0x00000000000801c4       0x68 /home/spark/repos/waggle/coresensors/v3/pbay/coresense/build/sketch/coresense.ino.cpp.o
                0x00000000000801c4                Hex_BAD()
 .text._Z7format4m
                0x000000000008022c       0x18 /home/spark/repos/waggle/coresensors/v3/pbay/coresense/build/sketch/coresense.ino.cpp.o
                0x000000000008022c                format4(unsigned long)
 .text._Z9Int_form4v
                0x0000000000080244       0x14 /home/spark/repos/waggle/coresensors/v3/pbay/coresense/build/sketch/coresense.ino.cpp.o
                0x0000000000080244                Int_form4()
 .text._Z7format5l
                0x0000000000080258       0x24 /home/spark/repos/waggle/coresensors/v3/pbay/coresense/build/sketch/coresense.ino.cpp.o
                0x0000000000080258                format5(long)
 .text._Z9Int_form5v
                0x000000000008027c       0x18 /home/spark/repos/waggle/coresensors/v3/pbay/coresense/build/sketch/coresense.ino.cpp.o
                0x000000000008027c                Int_form5()
 .text._Z7Carrierv
                0x0000000000080294      0x5ec /home/spark/repos/waggle/coresensors/v3/pbay/coresense/build/sketch/coresense.ino.cpp.o
                0x0000000000080294                Carrier()
 .text._Z21initializeSensorBoardv
                0x0000000000080880       0x2e /home/spark/repos/waggle/coresensors/v3/pbay/coresense/build/sketch/coresense.ino.cpp.o
                0x0000000000080880                initializeSensorBoard()
 *fill*         0x00000000000808ae        0x2 
 .text.setup    0x00000000000808b0       0x44 /home/spark/repos/waggle/coresensors/v3/pbay/coresense/build/sketch/coresense.ino.cpp.o
                0x00000000000808b0                setup
 .text.loop     0x00000000000808f4       0xa4 /home/spark/repos/waggle/coresensors/v3/pbay/coresense/build/sketch/coresense.ino.cpp.o
                0x00000000000808f4                loop
 .text._Z11serialEventv
                0x0000000000080998        0x2 /home/spark/repos/waggle/coresensors/v3/pbay/coresense/build/core/variant.cpp.o
                0x0000000000080998                serialEvent()
 *fill*         0x000000000008099a        0x2 
 .text.UART_Handler
                0x000000000008099c        0xc /home/spark/repos/waggle/coresensors/v3/pbay/coresense/build/core/variant.cpp.o
                0x000000000008099c                UART_Handler
 .text._Z12serialEvent1v
                0x00000000000809a8        0x2 /home/spark/repos/waggle/coresensors/v3/pbay/coresense/build/core/variant.cpp.o
                0x00000000000809a8                serialEvent1()
 .text._Z12serialEvent2v
                0x00000000000809aa        0x2 /home/spark/repos/waggle/coresensors/v3/pbay/coresense/build/core/variant.cpp.o
                0x00000000000809aa                serialEvent2()
 .text._Z12serialEvent3v
                0x00000000000809ac        0x2 /home/spark/repos/waggle/coresensors/v3/pbay/coresense/build/core/variant.cpp.o
                0x00000000000809ac                serialEvent3()
 *fill*         0x00000000000809ae        0x2 
 .text.USART0_Handler
                0x00000000000809b0        0xc /home/spark/repos/waggle/coresensors/v3/pbay/coresense/build/core/variant.cpp.o
                0x00000000000809b0                USART0_Handler
 .text.USART1_Handler
                0x00000000000809bc        0xc /home/spark/repos/waggle/coresensors/v3/pbay/coresense/build/core/variant.cpp.o
                0x00000000000809bc                USART1_Handler
 .text.USART3_Handler
                0x00000000000809c8        0xc /home/spark/repos/waggle/coresensors/v3/pbay/coresense/build/core/variant.cpp.o
                0x00000000000809c8                USART3_Handler
 .text.init     0x00000000000809d4      0x128 /home/spark/repos/waggle/coresensors/v3/pbay/coresense/build/core/variant.cpp.o
                0x00000000000809d4                init
 .text.startup._GLOBAL__sub_I_g_APinDescription
                0x0000000000080afc       0xd4 /home/spark/repos/waggle/coresensors/v3/pbay/coresense/build/core/variant.cpp.o
 .text._Z14serialEventRunv
                0x0000000000080bd0       0x44 /home/spark/repos/waggle/coresensors/v3/pbay/coresense/build/core/variant.cpp.o
                0x0000000000080bd0                serialEventRun()
 .text.PIO_PullUp
                0x0000000000080c14        0xa /home/spark/.arduino15/packages/arduino/hardware/sam/1.6.7/variants/arduino_due_x/libsam_sam3x8e_gcc_rel.a(pio.o)
                0x0000000000080c14                PIO_PullUp
 .text.PIO_SetPeripheral
                0x0000000000080c1e       0x26 /home/spark/.arduino15/packages/arduino/hardware/sam/1.6.7/variants/arduino_due_x/libsam_sam3x8e_gcc_rel.a(pio.o)
                0x0000000000080c1e                PIO_SetPeripheral
 .text.PIO_SetInput
                0x0000000000080c44       0x26 /home/spark/.arduino15/packages/arduino/hardware/sam/1.6.7/variants/arduino_due_x/libsam_sam3x8e_gcc_rel.a(pio.o)
                0x0000000000080c44                PIO_SetInput
 .text.PIO_SetOutput
                0x0000000000080c6a       0x24 /home/spark/.arduino15/packages/arduino/hardware/sam/1.6.7/variants/arduino_due_x/libsam_sam3x8e_gcc_rel.a(pio.o)
                0x0000000000080c6a                PIO_SetOutput
 *fill*         0x0000000000080c8e        0x2 
 .text.PIO_Configure
                0x0000000000080c90       0x64 /home/spark/.arduino15/packages/arduino/hardware/sam/1.6.7/variants/arduino_due_x/libsam_sam3x8e_gcc_rel.a(pio.o)
                0x0000000000080c90                PIO_Configure
 .text.PIO_GetOutputDataStatus
                0x0000000000080cf4       0x14 /home/spark/.arduino15/packages/arduino/hardware/sam/1.6.7/variants/arduino_due_x/libsam_sam3x8e_gcc_rel.a(pio.o)
                0x0000000000080cf4                PIO_GetOutputDataStatus
 .text.pmc_enable_upll_clock
                0x0000000000080d08       0x14 /home/spark/.arduino15/packages/arduino/hardware/sam/1.6.7/variants/arduino_due_x/libsam_sam3x8e_gcc_rel.a(pmc.o)
                0x0000000000080d08                pmc_enable_upll_clock
 .text.pmc_enable_periph_clk
                0x0000000000080d1c       0x44 /home/spark/.arduino15/packages/arduino/hardware/sam/1.6.7/variants/arduino_due_x/libsam_sam3x8e_gcc_rel.a(pmc.o)
                0x0000000000080d1c                pmc_enable_periph_clk
 .text.pmc_disable_periph_clk
                0x0000000000080d60       0x40 /home/spark/.arduino15/packages/arduino/hardware/sam/1.6.7/variants/arduino_due_x/libsam_sam3x8e_gcc_rel.a(pmc.o)
                0x0000000000080d60                pmc_disable_periph_clk
 .text.pmc_switch_udpck_to_upllck
                0x0000000000080da0       0x14 /home/spark/.arduino15/packages/arduino/hardware/sam/1.6.7/variants/arduino_due_x/libsam_sam3x8e_gcc_rel.a(pmc.o)
                0x0000000000080da0                pmc_switch_udpck_to_upllck
 .text.pmc_enable_udpck
                0x0000000000080db4        0xc /home/spark/.arduino15/packages/arduino/hardware/sam/1.6.7/variants/arduino_due_x/libsam_sam3x8e_gcc_rel.a(pmc.o)
                0x0000000000080db4                pmc_enable_udpck
 .text.SystemInit
                0x0000000000080dc0       0x88 /home/spark/.arduino15/packages/arduino/hardware/sam/1.6.7/variants/arduino_due_x/libsam_sam3x8e_gcc_rel.a(system_sam3xa.o)
                0x0000000000080dc0                SystemInit
 .text.Reset_Handler
                0x0000000000080e48       0x78 /home/spark/.arduino15/packages/arduino/hardware/sam/1.6.7/variants/arduino_due_x/libsam_sam3x8e_gcc_rel.a(startup_sam3xa.o)
                0x0000000000080e48                Reset_Handler
 .text.adc_init
                0x0000000000080ec0       0x98 /home/spark/.arduino15/packages/arduino/hardware/sam/1.6.7/variants/arduino_due_x/libsam_sam3x8e_gcc_rel.a(adc.o)
                0x0000000000080ec0                adc_init
 .text.adc_configure_trigger
                0x0000000000080f58        0xe /home/spark/.arduino15/packages/arduino/hardware/sam/1.6.7/variants/arduino_due_x/libsam_sam3x8e_gcc_rel.a(adc.o)
                0x0000000000080f58                adc_configure_trigger
 .text.adc_configure_timing
                0x0000000000080f66       0x1a /home/spark/.arduino15/packages/arduino/hardware/sam/1.6.7/variants/arduino_due_x/libsam_sam3x8e_gcc_rel.a(adc.o)
                0x0000000000080f66                adc_configure_timing
 .text.adc_disable_channel
                0x0000000000080f80        0xa /home/spark/.arduino15/packages/arduino/hardware/sam/1.6.7/variants/arduino_due_x/libsam_sam3x8e_gcc_rel.a(adc.o)
                0x0000000000080f80                adc_disable_channel
 .text.adc_disable_all_channel
                0x0000000000080f8a        0x8 /home/spark/.arduino15/packages/arduino/hardware/sam/1.6.7/variants/arduino_due_x/libsam_sam3x8e_gcc_rel.a(adc.o)
                0x0000000000080f8a                adc_disable_all_channel
 .text.adc_disable_interrupt
                0x0000000000080f92        0x4 /home/spark/.arduino15/packages/arduino/hardware/sam/1.6.7/variants/arduino_due_x/libsam_sam3x8e_gcc_rel.a(adc.o)
                0x0000000000080f92                adc_disable_interrupt
 *fill*         0x0000000000080f96        0x2 
 .text.UOTGHS_Handler
                0x0000000000080f98       0x10 /home/spark/.arduino15/packages/arduino/hardware/sam/1.6.7/variants/arduino_due_x/libsam_sam3x8e_gcc_rel.a(uotghs.o)
                0x0000000000080f98                UOTGHS_Handler
 .text.PIOA_Handler
                0x0000000000080fa8       0x38 ./build/core/core.a(WInterrupts.c.o)
                0x0000000000080fa8                PIOA_Handler
 .text.PIOB_Handler
                0x0000000000080fe0       0x38 ./build/core/core.a(WInterrupts.c.o)
                0x0000000000080fe0                PIOB_Handler
 .text.PIOC_Handler
                0x0000000000081018       0x38 ./build/core/core.a(WInterrupts.c.o)
                0x0000000000081018                PIOC_Handler
 .text.PIOD_Handler
                0x0000000000081050       0x38 ./build/core/core.a(WInterrupts.c.o)
                0x0000000000081050                PIOD_Handler
 .text.__halt   0x0000000000081088        0x2 ./build/core/core.a(cortex_handlers.c.o)
                0x0000000000081088                DACC_Handler
                0x0000000000081088                DebugMon_Handler
                0x0000000000081088                DMAC_Handler
                0x0000000000081088                TRNG_Handler
                0x0000000000081088                HardFault_Handler
                0x0000000000081088                TC2_Handler
                0x0000000000081088                TWI1_Handler
                0x0000000000081088                NMI_Handler
                0x0000000000081088                TC7_Handler
                0x0000000000081088                ADC_Handler
                0x0000000000081088                SMC_Handler
                0x0000000000081088                RTT_Handler
                0x0000000000081088                EFC1_Handler
                0x0000000000081088                RTC_Handler
                0x0000000000081088                UsageFault_Handler
                0x0000000000081088                TC6_Handler
                0x0000000000081088                WDT_Handler
                0x0000000000081088                CAN0_Handler
                0x0000000000081088                TC4_Handler
                0x0000000000081088                TC1_Handler
                0x0000000000081088                HSMCI_Handler
                0x0000000000081088                TC3_Handler
                0x0000000000081088                TWI0_Handler
                0x0000000000081088                SSC_Handler
                0x0000000000081088                EFC0_Handler
                0x0000000000081088                PMC_Handler
                0x0000000000081088                PWM_Handler
                0x0000000000081088                CAN1_Handler
                0x0000000000081088                MemManage_Handler
                0x0000000000081088                SUPC_Handler
                0x0000000000081088                TC8_Handler
                0x0000000000081088                USART2_Handler
                0x0000000000081088                EMAC_Handler
                0x0000000000081088                BusFault_Handler
                0x0000000000081088                RSTC_Handler
                0x0000000000081088                TC0_Handler
                0x0000000000081088                TC5_Handler
                0x0000000000081088                SPI0_Handler
 .text.SVC_Handler
                0x000000000008108a        0x4 ./build/core/core.a(cortex_handlers.c.o)
                0x000000000008108a                SVC_Handler
 .text.PendSV_Handler
                0x000000000008108e        0x4 ./build/core/core.a(cortex_handlers.c.o)
                0x000000000008108e                PendSV_Handler
 .text.SysTick_Handler
                0x0000000000081092       0x16 ./build/core/core.a(cortex_handlers.c.o)
                0x0000000000081092                SysTick_Handler
 .text.__empty  0x00000000000810a8        0x2 ./build/core/core.a(hooks.c.o)
                0x00000000000810a8                yield
 .text.__false  0x00000000000810aa        0x4 ./build/core/core.a(hooks.c.o)
                0x00000000000810aa                sysTickHook
 .text.__halt   0x00000000000810ae        0x2 ./build/core/core.a(hooks.c.o)
                0x00000000000810ae                pendSVHook
                0x00000000000810ae                svcHook
 .text.analogOutputInit
                0x00000000000810b0        0x2 ./build/core/core.a(wiring_analog.c.o)
                0x00000000000810b0                analogOutputInit
 *fill*         0x00000000000810b2        0x2 
 .text.pinMode  0x00000000000810b4      0x108 ./build/core/core.a(wiring_digital.c.o)
                0x00000000000810b4                pinMode
 .text.digitalWrite
                0x00000000000811bc       0x70 ./build/core/core.a(wiring_digital.c.o)
                0x00000000000811bc                digitalWrite
 .text._ZN5Print5writeEPKhj
                0x000000000008122c       0x22 ./build/core/core.a(Print.cpp.o)
                0x000000000008122c                Print::write(unsigned char const*, unsigned int)
 .text._ZN5Print5writeEPKc
                0x000000000008124e       0x1e ./build/core/core.a(Print.cpp.o)
                0x000000000008124e                Print::write(char const*)
 .text._ZN5Print5printEPKc
                0x000000000008126c        0x8 ./build/core/core.a(Print.cpp.o)
                0x000000000008126c                Print::print(char const*)
 .text._ZN5Print11printNumberEmh
                0x0000000000081274       0x3e ./build/core/core.a(Print.cpp.o)
                0x0000000000081274                Print::printNumber(unsigned long, unsigned char)
 .text._ZN5Print5printEmi
                0x00000000000812b2       0x18 ./build/core/core.a(Print.cpp.o)
                0x00000000000812b2                Print::print(unsigned long, int)
 .text._ZN5Print5printEhi
                0x00000000000812ca        0x4 ./build/core/core.a(Print.cpp.o)
                0x00000000000812ca                Print::print(unsigned char, int)
 *fill*         0x00000000000812ce        0x2 
 .text.initiateReset
                0x00000000000812d0        0xc ./build/core/core.a(Reset.cpp.o)
                0x00000000000812d0                initiateReset
 .text.cancelReset
                0x00000000000812dc       0x10 ./build/core/core.a(Reset.cpp.o)
                0x00000000000812dc                cancelReset
 .text.tickReset
                0x00000000000812ec       0x20 ./build/core/core.a(Reset.cpp.o)
                0x00000000000812ec                tickReset
 .text._ZN10RingBufferC2Ev
                0x000000000008130c       0x1a ./build/core/core.a(RingBuffer.cpp.o)
                0x000000000008130c                RingBuffer::RingBuffer()
                0x000000000008130c                RingBuffer::RingBuffer()
 .text._ZN10RingBuffer10store_charEh
                0x0000000000081326       0x1e ./build/core/core.a(RingBuffer.cpp.o)
                0x0000000000081326                RingBuffer::store_char(unsigned char)
 .text._ZN9UARTClasscvbEv
                0x0000000000081344        0x4 ./build/core/core.a(UARTClass.cpp.o)
                0x0000000000081344                UARTClass::operator bool()
 .text._ZN9UARTClass9availableEv
                0x0000000000081348       0x12 ./build/core/core.a(UARTClass.cpp.o)
                0x0000000000081348                UARTClass::available()
 .text._ZN9UARTClass4peekEv
                0x000000000008135a       0x1c ./build/core/core.a(UARTClass.cpp.o)
                0x000000000008135a                UARTClass::peek()
 .text._ZN9UARTClass4readEv
                0x0000000000081376       0x2a ./build/core/core.a(UARTClass.cpp.o)
                0x0000000000081376                UARTClass::read()
 .text._ZN9UARTClass5flushEv
                0x00000000000813a0       0x18 ./build/core/core.a(UARTClass.cpp.o)
                0x00000000000813a0                UARTClass::flush()
 .text._ZN9UARTClass5writeEh
                0x00000000000813b8       0x54 ./build/core/core.a(UARTClass.cpp.o)
                0x00000000000813b8                UARTClass::write(unsigned char)
 .text._ZN9UARTClass3endEv
                0x000000000008140c       0x3c ./build/core/core.a(UARTClass.cpp.o)
                0x000000000008140c                UARTClass::end()
 .text._ZN9UARTClassC2EP4Uart4IRQnmP10RingBufferS4_
                0x0000000000081448       0x24 ./build/core/core.a(UARTClass.cpp.o)
                0x0000000000081448                UARTClass::UARTClass(Uart*, IRQn, unsigned long, RingBuffer*, RingBuffer*)
                0x0000000000081448                UARTClass::UARTClass(Uart*, IRQn, unsigned long, RingBuffer*, RingBuffer*)
 .text._ZN9UARTClass4initEmm
                0x000000000008146c       0x70 ./build/core/core.a(UARTClass.cpp.o)
                0x000000000008146c                UARTClass::init(unsigned long, unsigned long)
 .text._ZN9UARTClass5beginEm
                0x00000000000814dc        0x8 ./build/core/core.a(UARTClass.cpp.o)
                0x00000000000814dc                UARTClass::begin(unsigned long)
 .text._ZN9UARTClass10IrqHandlerEv
                0x00000000000814e4       0x5a ./build/core/core.a(UARTClass.cpp.o)
                0x00000000000814e4                UARTClass::IrqHandler()
 .text._ZN10USARTClass5beginEm
                0x000000000008153e        0x8 ./build/core/core.a(USARTClass.cpp.o)
                0x000000000008153e                USARTClass::begin(unsigned long)
 *fill*         0x0000000000081546        0x2 
 .text._ZN10USARTClassC2EP5Usart4IRQnmP10RingBufferS4_
                0x0000000000081548       0x24 ./build/core/core.a(USARTClass.cpp.o)
                0x0000000000081548                USARTClass::USARTClass(Usart*, IRQn, unsigned long, RingBuffer*, RingBuffer*)
                0x0000000000081548                USARTClass::USARTClass(Usart*, IRQn, unsigned long, RingBuffer*, RingBuffer*)
 .text.initVariant
                0x000000000008156c        0x2 ./build/core/core.a(main.cpp.o)
                0x000000000008156c                initVariant
 *fill*         0x000000000008156e        0x2 
 .text.startup.main
                0x0000000000081570       0x38 ./build/core/core.a(main.cpp.o)
                0x0000000000081570                main
 .text._watchdogDefaultSetup
                0x00000000000815a8        0xc ./build/core/core.a(watchdog.cpp.o)
                0x00000000000815a8                watchdogSetup()
                0x00000000000815a8                _watchdogDefaultSetup
 .text._ZN7Serial_9availableEv
                0x00000000000815b4       0x18 ./build/core/core.a(CDC.cpp.o)
                0x00000000000815b4                Serial_::available()
 .text._ZN7Serial_4peekEv
                0x00000000000815cc       0x20 ./build/core/core.a(CDC.cpp.o)
                0x00000000000815cc                Serial_::peek()
 .text._ZN7Serial_5writeEh
                0x00000000000815ec       0x16 ./build/core/core.a(CDC.cpp.o)
                0x00000000000815ec                Serial_::write(unsigned char)
 *fill*         0x0000000000081602        0x2 
 .text._ZN7Serial_4readEv
                0x0000000000081604       0x44 ./build/core/core.a(CDC.cpp.o)
                0x0000000000081604                Serial_::read()
 .text._ZN7Serial_5flushEv
                0x0000000000081648        0x6 ./build/core/core.a(CDC.cpp.o)
                0x0000000000081648                Serial_::flush()
 *fill*         0x000000000008164e        0x2 
 .text._ZN7Serial_6acceptEv
                0x0000000000081650       0x70 ./build/core/core.a(CDC.cpp.o)
                0x0000000000081650                Serial_::accept()
 .text._ZN7Serial_5writeEPKhj
                0x00000000000816c0       0x2c ./build/core/core.a(CDC.cpp.o)
                0x00000000000816c0                Serial_::write(unsigned char const*, unsigned int)
 .text._Z16CDC_GetInterfacePh
                0x00000000000816ec       0x14 ./build/core/core.a(CDC.cpp.o)
                0x00000000000816ec                CDC_GetInterface(unsigned char*)
 .text._Z21CDC_GetOtherInterfacePh
                0x0000000000081700       0x14 ./build/core/core.a(CDC.cpp.o)
                0x0000000000081700                CDC_GetOtherInterface(unsigned char*)
 .text._Z9CDC_SetupR8USBSetup
                0x0000000000081714       0x78 ./build/core/core.a(CDC.cpp.o)
                0x0000000000081714                CDC_Setup(USBSetup&)
 .text._ZN7Serial_5beginEm
                0x000000000008178c        0x2 ./build/core/core.a(CDC.cpp.o)
                0x000000000008178c                Serial_::begin(unsigned long)
 *fill*         0x000000000008178e        0x2 
 .text._ZN7Serial_cvbEv
                0x0000000000081790       0x28 ./build/core/core.a(CDC.cpp.o)
                0x0000000000081790                Serial_::operator bool()
 .text.startup._GLOBAL__sub_I_cdc_rx_buffer
                0x00000000000817b8       0x1c ./build/core/core.a(CDC.cpp.o)
 .text.unlikely._ZL11USB_SendZlpv
                0x00000000000817d4       0x20 ./build/core/core.a(USBCore.cpp.o)
 .text._Z14USBD_Availablem
                0x00000000000817f4       0x2c ./build/core/core.a(USBCore.cpp.o)
                0x00000000000817f4                USBD_Available(unsigned long)
 .text._Z9USBD_RecvmPvm
                0x0000000000081820       0x7c ./build/core/core.a(USBCore.cpp.o)
                0x0000000000081820                USBD_Recv(unsigned long, void*, unsigned long)
 .text._Z9USBD_Recvm
                0x000000000008189c       0x22 ./build/core/core.a(USBCore.cpp.o)
                0x000000000008189c                USBD_Recv(unsigned long)
 *fill*         0x00000000000818be        0x2 
 .text._Z9USBD_SendmPKvm
                0x00000000000818c0       0x4c ./build/core/core.a(USBCore.cpp.o)
                0x00000000000818c0                USBD_Send(unsigned long, void const*, unsigned long)
 .text._Z16USBD_SendControlhPKvm
                0x000000000008190c       0x40 ./build/core/core.a(USBCore.cpp.o)
                0x000000000008190c                USBD_SendControl(unsigned char, void const*, unsigned long)
 .text.unlikely._ZL24USB_SendStringDescriptorPKhi
                0x000000000008194c       0x64 ./build/core/core.a(USBCore.cpp.o)
 .text._Z16USBD_RecvControlPvm
                0x00000000000819b0       0x1c ./build/core/core.a(USBCore.cpp.o)
                0x00000000000819b0                USBD_RecvControl(void*, unsigned long)
 .text._Z26USBD_ClassInterfaceRequestR8USBSetup
                0x00000000000819cc       0x1e ./build/core/core.a(USBCore.cpp.o)
                0x00000000000819cc                USBD_ClassInterfaceRequest(USBSetup&)
 .text._Z19USBD_SendInterfacesv
                0x00000000000819ea       0x22 ./build/core/core.a(USBCore.cpp.o)
                0x00000000000819ea                USBD_SendInterfaces()
 .text._Z24USBD_SendOtherInterfacesv
                0x0000000000081a0c       0x22 ./build/core/core.a(USBCore.cpp.o)
                0x0000000000081a0c                USBD_SendOtherInterfaces()
 .text._Z10USBD_Flushm
                0x0000000000081a2e       0x16 ./build/core/core.a(USBCore.cpp.o)
                0x0000000000081a2e                USBD_Flush(unsigned long)
 .text._ZN10USBDevice_C2Ev
                0x0000000000081a44       0x24 ./build/core/core.a(USBCore.cpp.o)
                0x0000000000081a44                USBDevice_::USBDevice_()
                0x0000000000081a44                USBDevice_::USBDevice_()
 .text._ZN10USBDevice_6attachEv
                0x0000000000081a68       0x20 ./build/core/core.a(USBCore.cpp.o)
                0x0000000000081a68                USBDevice_::attach()
 .text.startup._GLOBAL__sub_I_EndPoints
                0x0000000000081a88        0xc ./build/core/core.a(USBCore.cpp.o)
 .text._ZL7USB_ISRv
                0x0000000000081a94      0x454 ./build/core/core.a(USBCore.cpp.o)
 .text.millis   0x0000000000081ee8        0x4 ./build/core/core.a(wiring.c.o)
                0x0000000000081ee8                millis
 .text.delay    0x0000000000081eec       0x1c ./build/core/core.a(wiring.c.o)
                0x0000000000081eec                delay
 .text._ZN13PluggableUSB_12getInterfaceEPh
                0x0000000000081f08       0x28 ./build/core/core.a(PluggableUSB.cpp.o)
                0x0000000000081f08                PluggableUSB_::getInterface(unsigned char*)
 .text._ZN13PluggableUSB_13getDescriptorER8USBSetup
                0x0000000000081f30       0x1c ./build/core/core.a(PluggableUSB.cpp.o)
                0x0000000000081f30                PluggableUSB_::getDescriptor(USBSetup&)
 .text._ZN13PluggableUSB_12getShortNameEPc
                0x0000000000081f4c       0x1c ./build/core/core.a(PluggableUSB.cpp.o)
                0x0000000000081f4c                PluggableUSB_::getShortName(char*)
 .text._ZN13PluggableUSB_5setupER8USBSetup
                0x0000000000081f68       0x20 ./build/core/core.a(PluggableUSB.cpp.o)
                0x0000000000081f68                PluggableUSB_::setup(USBSetup&)
 .text._Z12PluggableUSBv
                0x0000000000081f88       0x28 ./build/core/core.a(PluggableUSB.cpp.o)
                0x0000000000081f88                PluggableUSB()
 .text.TimeTick_Increment
                0x0000000000081fb0       0x10 /home/spark/.arduino15/packages/arduino/hardware/sam/1.6.7/variants/arduino_due_x/libsam_sam3x8e_gcc_rel.a(timetick.o)
                0x0000000000081fb0                TimeTick_Increment
 .text.GetTickCount
                0x0000000000081fc0        0xc /home/spark/.arduino15/packages/arduino/hardware/sam/1.6.7/variants/arduino_due_x/libsam_sam3x8e_gcc_rel.a(timetick.o)
                0x0000000000081fc0                GetTickCount
 .text.WDT_Disable
                0x0000000000081fcc        0x8 /home/spark/.arduino15/packages/arduino/hardware/sam/1.6.7/variants/arduino_due_x/libsam_sam3x8e_gcc_rel.a(wdt.o)
                0x0000000000081fcc                WDT_Disable
 .text.UDD_SetStack
                0x0000000000081fd4        0xc /home/spark/.arduino15/packages/arduino/hardware/sam/1.6.7/variants/arduino_due_x/libsam_sam3x8e_gcc_rel.a(uotghs_device.o)
                0x0000000000081fd4                UDD_SetStack
 .text.UDD_Init
                0x0000000000081fe0       0xd0 /home/spark/.arduino15/packages/arduino/hardware/sam/1.6.7/variants/arduino_due_x/libsam_sam3x8e_gcc_rel.a(uotghs_device.o)
                0x0000000000081fe0                UDD_Init
 .text.UDD_Attach
                0x00000000000820b0       0x50 /home/spark/.arduino15/packages/arduino/hardware/sam/1.6.7/variants/arduino_due_x/libsam_sam3x8e_gcc_rel.a(uotghs_device.o)
                0x00000000000820b0                UDD_Attach
 .text.UDD_InitEP
                0x0000000000082100       0x2c /home/spark/.arduino15/packages/arduino/hardware/sam/1.6.7/variants/arduino_due_x/libsam_sam3x8e_gcc_rel.a(uotghs_device.o)
                0x0000000000082100                UDD_InitEP
 .text.UDD_InitEndpoints
                0x000000000008212c       0x3c /home/spark/.arduino15/packages/arduino/hardware/sam/1.6.7/variants/arduino_due_x/libsam_sam3x8e_gcc_rel.a(uotghs_device.o)
                0x000000000008212c                UDD_InitEndpoints
 .text.UDD_WaitIN
                0x0000000000082168       0x10 /home/spark/.arduino15/packages/arduino/hardware/sam/1.6.7/variants/arduino_due_x/libsam_sam3x8e_gcc_rel.a(uotghs_device.o)
                0x0000000000082168                UDD_WaitIN
 .text.UDD_WaitOUT
                0x0000000000082178       0x10 /home/spark/.arduino15/packages/arduino/hardware/sam/1.6.7/variants/arduino_due_x/libsam_sam3x8e_gcc_rel.a(uotghs_device.o)
                0x0000000000082178                UDD_WaitOUT
 .text.UDD_ClearIN
                0x0000000000082188       0x18 /home/spark/.arduino15/packages/arduino/hardware/sam/1.6.7/variants/arduino_due_x/libsam_sam3x8e_gcc_rel.a(uotghs_device.o)
                0x0000000000082188                UDD_ClearIN
 .text.UDD_ClearOUT
                0x00000000000821a0       0x18 /home/spark/.arduino15/packages/arduino/hardware/sam/1.6.7/variants/arduino_due_x/libsam_sam3x8e_gcc_rel.a(uotghs_device.o)
                0x00000000000821a0                UDD_ClearOUT
 .text.UDD_ReceivedSetupInt
                0x00000000000821b8       0x10 /home/spark/.arduino15/packages/arduino/hardware/sam/1.6.7/variants/arduino_due_x/libsam_sam3x8e_gcc_rel.a(uotghs_device.o)
                0x00000000000821b8                UDD_ReceivedSetupInt
 .text.UDD_ClearSetupInt
                0x00000000000821c8       0x10 /home/spark/.arduino15/packages/arduino/hardware/sam/1.6.7/variants/arduino_due_x/libsam_sam3x8e_gcc_rel.a(uotghs_device.o)
                0x00000000000821c8                UDD_ClearSetupInt
 .text.UDD_Send
                0x00000000000821d8       0x88 /home/spark/.arduino15/packages/arduino/hardware/sam/1.6.7/variants/arduino_due_x/libsam_sam3x8e_gcc_rel.a(uotghs_device.o)
                0x00000000000821d8                UDD_Send
 .text.UDD_Send8
                0x0000000000082260       0x24 /home/spark/.arduino15/packages/arduino/hardware/sam/1.6.7/variants/arduino_due_x/libsam_sam3x8e_gcc_rel.a(uotghs_device.o)
                0x0000000000082260                UDD_Send8
 .text.UDD_Recv8
                0x0000000000082284       0x28 /home/spark/.arduino15/packages/arduino/hardware/sam/1.6.7/variants/arduino_due_x/libsam_sam3x8e_gcc_rel.a(uotghs_device.o)
                0x0000000000082284                UDD_Recv8
 .text.UDD_Recv
                0x00000000000822ac       0x34 /home/spark/.arduino15/packages/arduino/hardware/sam/1.6.7/variants/arduino_due_x/libsam_sam3x8e_gcc_rel.a(uotghs_device.o)
                0x00000000000822ac                UDD_Recv
 .text.UDD_Stall
                0x00000000000822e0       0x14 /home/spark/.arduino15/packages/arduino/hardware/sam/1.6.7/variants/arduino_due_x/libsam_sam3x8e_gcc_rel.a(uotghs_device.o)
                0x00000000000822e0                UDD_Stall
 .text.UDD_FifoByteCount
                0x00000000000822f4       0x14 /home/spark/.arduino15/packages/arduino/hardware/sam/1.6.7/variants/arduino_due_x/libsam_sam3x8e_gcc_rel.a(uotghs_device.o)
                0x00000000000822f4                UDD_FifoByteCount
 .text.UDD_ReleaseRX
                0x0000000000082308       0x28 /home/spark/.arduino15/packages/arduino/hardware/sam/1.6.7/variants/arduino_due_x/libsam_sam3x8e_gcc_rel.a(uotghs_device.o)
                0x0000000000082308                UDD_ReleaseRX
 .text.UDD_ReleaseTX
                0x0000000000082330       0x28 /home/spark/.arduino15/packages/arduino/hardware/sam/1.6.7/variants/arduino_due_x/libsam_sam3x8e_gcc_rel.a(uotghs_device.o)
                0x0000000000082330                UDD_ReleaseTX
 .text.UDD_SetAddress
                0x0000000000082358       0x20 /home/spark/.arduino15/packages/arduino/hardware/sam/1.6.7/variants/arduino_due_x/libsam_sam3x8e_gcc_rel.a(uotghs_device.o)
                0x0000000000082358                UDD_SetAddress
 .text.atoi     0x0000000000082378        0x8 /home/spark/repos/arduino-1.6.7/Atmel_SAM/packages/arduino/tools/arm-none-eabi-gcc/4.8.3-2014q1/bin/../lib/gcc/arm-none-eabi/4.8.3/../../../../arm-none-eabi/lib/armv7-m/libg.a(lib_a-atoi.o)
                0x0000000000082378                atoi
 .text.atol     0x0000000000082380        0x8 /home/spark/repos/arduino-1.6.7/Atmel_SAM/packages/arduino/tools/arm-none-eabi-gcc/4.8.3-2014q1/bin/../lib/gcc/arm-none-eabi/4.8.3/../../../../arm-none-eabi/lib/armv7-m/libg.a(lib_a-atol.o)
                0x0000000000082380                atol
 .text.__libc_init_array
                0x0000000000082388       0x50 /home/spark/repos/arduino-1.6.7/Atmel_SAM/packages/arduino/tools/arm-none-eabi-gcc/4.8.3-2014q1/bin/../lib/gcc/arm-none-eabi/4.8.3/../../../../arm-none-eabi/lib/armv7-m/libg.a(lib_a-init.o)
                0x0000000000082388                __libc_init_array
 .text.memset   0x00000000000823d8       0x94 /home/spark/repos/arduino-1.6.7/Atmel_SAM/packages/arduino/tools/arm-none-eabi-gcc/4.8.3-2014q1/bin/../lib/gcc/arm-none-eabi/4.8.3/../../../../arm-none-eabi/lib/armv7-m/libg.a(lib_a-memset.o)
                0x00000000000823d8                memset
 .text.strlen   0x000000000008246c       0x60 /home/spark/repos/arduino-1.6.7/Atmel_SAM/packages/arduino/tools/arm-none-eabi-gcc/4.8.3-2014q1/bin/../lib/gcc/arm-none-eabi/4.8.3/../../../../arm-none-eabi/lib/armv7-m/libg.a(lib_a-strlen.o)
                0x000000000008246c                strlen
 .text.strncmp  0x00000000000824cc       0xb4 /home/spark/repos/arduino-1.6.7/Atmel_SAM/packages/arduino/tools/arm-none-eabi-gcc/4.8.3-2014q1/bin/../lib/gcc/arm-none-eabi/4.8.3/../../../../arm-none-eabi/lib/armv7-m/libg.a(lib_a-strncmp.o)
                0x00000000000824cc                strncmp
 .text.strncpy  0x0000000000082580       0x64 /home/spark/repos/arduino-1.6.7/Atmel_SAM/packages/arduino/tools/arm-none-eabi-gcc/4.8.3-2014q1/bin/../lib/gcc/arm-none-eabi/4.8.3/../../../../arm-none-eabi/lib/armv7-m/libg.a(lib_a-strncpy.o)
                0x0000000000082580                strncpy
 .text._strtol_r
                0x00000000000825e4      0x114 /home/spark/repos/arduino-1.6.7/Atmel_SAM/packages/arduino/tools/arm-none-eabi-gcc/4.8.3-2014q1/bin/../lib/gcc/arm-none-eabi/4.8.3/../../../../arm-none-eabi/lib/armv7-m/libg.a(lib_a-strtol.o)
                0x00000000000825e4                _strtol_r
 .text.strtol   0x00000000000826f8       0x18 /home/spark/repos/arduino-1.6.7/Atmel_SAM/packages/arduino/tools/arm-none-eabi-gcc/4.8.3-2014q1/bin/../lib/gcc/arm-none-eabi/4.8.3/../../../../arm-none-eabi/lib/armv7-m/libg.a(lib_a-strtol.o)
                0x00000000000826f8                strtol
 .text.startup.register_fini
                0x0000000000082710       0x14 /home/spark/repos/arduino-1.6.7/Atmel_SAM/packages/arduino/tools/arm-none-eabi-gcc/4.8.3-2014q1/bin/../lib/gcc/arm-none-eabi/4.8.3/../../../../arm-none-eabi/lib/armv7-m/libg.a(lib_a-__call_atexit.o)
 .text.atexit   0x0000000000082724        0xc /home/spark/repos/arduino-1.6.7/Atmel_SAM/packages/arduino/tools/arm-none-eabi-gcc/4.8.3-2014q1/bin/../lib/gcc/arm-none-eabi/4.8.3/../../../../arm-none-eabi/lib/armv7-m/libg.a(lib_a-atexit.o)
                0x0000000000082724                atexit
 .text.__libc_fini_array
                0x0000000000082730       0x30 /home/spark/repos/arduino-1.6.7/Atmel_SAM/packages/arduino/tools/arm-none-eabi-gcc/4.8.3-2014q1/bin/../lib/gcc/arm-none-eabi/4.8.3/../../../../arm-none-eabi/lib/armv7-m/libg.a(lib_a-fini.o)
                0x0000000000082730                __libc_fini_array
 .text.__register_exitproc
                0x0000000000082760       0xa8 /home/spark/repos/arduino-1.6.7/Atmel_SAM/packages/arduino/tools/arm-none-eabi-gcc/4.8.3-2014q1/bin/../lib/gcc/arm-none-eabi/4.8.3/../../../../arm-none-eabi/lib/armv7-m/libg.a(lib_a-__atexit.o)
                0x0000000000082760                __register_exitproc
 *(.glue_7t)
 .glue_7t       0x0000000000000000        0x0 linker stubs
 *(.glue_7)
 .glue_7        0x0000000000000000        0x0 linker stubs
 *(.rodata .rodata* .gnu.linkonce.r.*)
 .rodata.str1.1
                0x0000000000082808       0x8b /home/spark/repos/waggle/coresensors/v3/pbay/coresense/build/sketch/coresense.ino.cpp.o
 *fill*         0x0000000000082893        0x1 
 .rodata.g_APinDescription
                0x0000000000082894      0xa2c /home/spark/repos/waggle/coresensors/v3/pbay/coresense/build/core/variant.cpp.o
                0x0000000000082894                g_APinDescription
 .rodata        0x00000000000832c0       0x40 /home/spark/.arduino15/packages/arduino/hardware/sam/1.6.7/variants/arduino_due_x/libsam_sam3x8e_gcc_rel.a(adc.o)
 .rodata._ZTV9UARTClass
                0x0000000000083300       0x30 ./build/core/core.a(UARTClass.cpp.o)
                0x0000000000083300                vtable for UARTClass
 .rodata._ZTV10USARTClass
                0x0000000000083330       0x30 ./build/core/core.a(USARTClass.cpp.o)
                0x0000000000083330                vtable for USARTClass
 .rodata._ZTV7Serial_
                0x0000000000083360       0x28 ./build/core/core.a(CDC.cpp.o)
                0x0000000000083360                vtable for Serial_
 .rodata._ZL18_cdcOtherInterface
                0x0000000000083388       0x42 ./build/core/core.a(CDC.cpp.o)
 .rodata._ZL13_cdcInterface
                0x00000000000833ca       0x42 ./build/core/core.a(CDC.cpp.o)
 .rodata.STRING_PRODUCT
                0x000000000008340c        0xc ./build/core/core.a(USBCore.cpp.o)
                0x000000000008340c                STRING_PRODUCT
 .rodata.USB_DeviceDescriptor
                0x0000000000083418       0x12 ./build/core/core.a(USBCore.cpp.o)
                0x0000000000083418                USB_DeviceDescriptor
 .rodata.STRING_LANGUAGE
                0x000000000008342a        0x4 ./build/core/core.a(USBCore.cpp.o)
                0x000000000008342a                STRING_LANGUAGE
 .rodata._ZL18test_packet_buffer
                0x000000000008342e       0x35 ./build/core/core.a(USBCore.cpp.o)
 .rodata.STRING_MANUFACTURER
                0x0000000000083463        0xc ./build/core/core.a(USBCore.cpp.o)
                0x0000000000083463                STRING_MANUFACTURER
 .rodata.USB_DeviceDescriptorA
                0x000000000008346f       0x12 ./build/core/core.a(USBCore.cpp.o)
                0x000000000008346f                USB_DeviceDescriptorA
 .rodata._ZL19USB_DeviceQualifier
                0x0000000000083481        0x9 ./build/core/core.a(USBCore.cpp.o)
 *fill*         0x000000000008348a        0x2 
 .rodata.str1.4
                0x000000000008348c        0x4 /home/spark/repos/arduino-1.6.7/Atmel_SAM/packages/arduino/tools/arm-none-eabi-gcc/4.8.3-2014q1/bin/../lib/gcc/arm-none-eabi/4.8.3/../../../../arm-none-eabi/lib/armv7-m/libg.a(lib_a-impure.o)
 .rodata._global_impure_ptr
                0x0000000000083490        0x4 /home/spark/repos/arduino-1.6.7/Atmel_SAM/packages/arduino/tools/arm-none-eabi-gcc/4.8.3-2014q1/bin/../lib/gcc/arm-none-eabi/4.8.3/../../../../arm-none-eabi/lib/armv7-m/libg.a(lib_a-impure.o)
                0x0000000000083490                _global_impure_ptr
 .rodata._ctype_
                0x0000000000083494      0x104 /home/spark/repos/arduino-1.6.7/Atmel_SAM/packages/arduino/tools/arm-none-eabi-gcc/4.8.3-2014q1/bin/../lib/gcc/arm-none-eabi/4.8.3/../../../../arm-none-eabi/lib/armv7-m/libg.a(lib_a-ctype_.o)
                0x0000000000083494                _ctype_
 *(.ARM.extab* .gnu.linkonce.armextab.*)
                0x0000000000083598                . = ALIGN (0x4)
 *(.init)
 .init          0x0000000000083598        0x4 /home/spark/repos/arduino-1.6.7/Atmel_SAM/packages/arduino/tools/arm-none-eabi-gcc/4.8.3-2014q1/bin/../lib/gcc/arm-none-eabi/4.8.3/armv7-m/crti.o
                0x0000000000083598                _init
 .init          0x000000000008359c        0x8 /home/spark/repos/arduino-1.6.7/Atmel_SAM/packages/arduino/tools/arm-none-eabi-gcc/4.8.3-2014q1/bin/../lib/gcc/arm-none-eabi/4.8.3/armv7-m/crtn.o
                0x00000000000835a4                . = ALIGN (0x4)
                0x00000000000835a4                __preinit_array_start = .
 *(.preinit_array)
                0x00000000000835a4                __preinit_array_end = .
                0x00000000000835a4                . = ALIGN (0x4)
                0x00000000000835a4                __init_array_start = .
 *(SORT(.init_array.*))
 .init_array.00000
                0x00000000000835a4        0x4 /home/spark/repos/arduino-1.6.7/Atmel_SAM/packages/arduino/tools/arm-none-eabi-gcc/4.8.3-2014q1/bin/../lib/gcc/arm-none-eabi/4.8.3/../../../../arm-none-eabi/lib/armv7-m/libg.a(lib_a-__call_atexit.o)
 *(.init_array)
 .init_array    0x00000000000835a8        0x4 /home/spark/repos/arduino-1.6.7/Atmel_SAM/packages/arduino/tools/arm-none-eabi-gcc/4.8.3-2014q1/bin/../lib/gcc/arm-none-eabi/4.8.3/armv7-m/crtbegin.o
 .init_array    0x00000000000835ac        0x4 /home/spark/repos/waggle/coresensors/v3/pbay/coresense/build/core/variant.cpp.o
 .init_array    0x00000000000835b0        0x4 ./build/core/core.a(CDC.cpp.o)
 .init_array    0x00000000000835b4        0x4 ./build/core/core.a(USBCore.cpp.o)
                0x00000000000835b8                __init_array_end = .
                0x00000000000835b8                . = ALIGN (0x4)
 *crtbegin.o(.ctors)
 *(EXCLUDE_FILE(*crtend.o) .ctors)
 *(SORT(.ctors.*))
 *crtend.o(.ctors)
                0x00000000000835b8                . = ALIGN (0x4)
 *(.fini)
 .fini          0x00000000000835b8        0x4 /home/spark/repos/arduino-1.6.7/Atmel_SAM/packages/arduino/tools/arm-none-eabi-gcc/4.8.3-2014q1/bin/../lib/gcc/arm-none-eabi/4.8.3/armv7-m/crti.o
                0x00000000000835b8                _fini
 .fini          0x00000000000835bc        0x8 /home/spark/repos/arduino-1.6.7/Atmel_SAM/packages/arduino/tools/arm-none-eabi-gcc/4.8.3-2014q1/bin/../lib/gcc/arm-none-eabi/4.8.3/armv7-m/crtn.o
                0x00000000000835c4                . = ALIGN (0x4)
                0x00000000000835c4                __fini_array_start = .
 *(.fini_array)
 .fini_array    0x00000000000835c4        0x4 /home/spark/repos/arduino-1.6.7/Atmel_SAM/packages/arduino/tools/arm-none-eabi-gcc/4.8.3-2014q1/bin/../lib/gcc/arm-none-eabi/4.8.3/armv7-m/crtbegin.o
 *(SORT(.fini_array.*))
                0x00000000000835c8                __fini_array_end = .
 *crtbegin.o(.dtors)
 *(EXCLUDE_FILE(*crtend.o) .dtors)
 *(SORT(.dtors.*))
 *crtend.o(.dtors)
                0x00000000000835c8                . = ALIGN (0x4)
                0x00000000000835c8                _efixed = .
                0x00000000000835c8                PROVIDE (__exidx_start, .)

.vfp11_veneer   0x00000000000835c8        0x0
 .vfp11_veneer  0x0000000000000000        0x0 linker stubs

.v4_bx          0x00000000000835c8        0x0
 .v4_bx         0x0000000000000000        0x0 linker stubs

.iplt           0x00000000000835c8        0x0
 .iplt          0x0000000000000000        0x0 /home/spark/repos/arduino-1.6.7/Atmel_SAM/packages/arduino/tools/arm-none-eabi-gcc/4.8.3-2014q1/bin/../lib/gcc/arm-none-eabi/4.8.3/armv7-m/crtbegin.o

.eh_frame       0x00000000000835c8        0x0
 .eh_frame      0x00000000000835c8        0x0 /home/spark/repos/arduino-1.6.7/Atmel_SAM/packages/arduino/tools/arm-none-eabi-gcc/4.8.3-2014q1/bin/../lib/gcc/arm-none-eabi/4.8.3/armv7-m/crtbegin.o

.rel.dyn        0x00000000000835c8        0x0
 .rel.iplt      0x0000000000000000        0x0 /home/spark/repos/arduino-1.6.7/Atmel_SAM/packages/arduino/tools/arm-none-eabi-gcc/4.8.3-2014q1/bin/../lib/gcc/arm-none-eabi/4.8.3/armv7-m/crtbegin.o

.jcr            0x00000000000835c8        0x0
 .jcr           0x00000000000835c8        0x0 /home/spark/repos/arduino-1.6.7/Atmel_SAM/packages/arduino/tools/arm-none-eabi-gcc/4.8.3-2014q1/bin/../lib/gcc/arm-none-eabi/4.8.3/armv7-m/crtbegin.o

.igot.plt       0x00000000000835c8        0x0
 .igot.plt      0x0000000000000000        0x0 /home/spark/repos/arduino-1.6.7/Atmel_SAM/packages/arduino/tools/arm-none-eabi-gcc/4.8.3-2014q1/bin/../lib/gcc/arm-none-eabi/4.8.3/armv7-m/crtbegin.o

.ARM.exidx
 *(.ARM.exidx* .gnu.linkonce.armexidx.*)
                0x00000000000835c8                PROVIDE (__exidx_end, .)
                0x00000000000835c8                . = ALIGN (0x4)
                0x00000000000835c8                _etext = .

.relocate       0x0000000020070000      0x4a0 load address 0x00000000000835c8
                0x0000000020070000                . = ALIGN (0x4)
                0x0000000020070000                _srelocate = .
 *(.ramfunc .ramfunc.*)
 .ramfunc       0x0000000020070000       0x2c ./build/core/core.a(Reset.cpp.o)
                0x0000000020070000                banzai
 *(.data .data.*)
 .data.SystemCoreClock
                0x000000002007002c        0x4 /home/spark/.arduino15/packages/arduino/hardware/sam/1.6.7/variants/arduino_due_x/libsam_sam3x8e_gcc_rel.a(system_sam3xa.o)
                0x000000002007002c                SystemCoreClock
 .data._ZL5ticks
                0x0000000020070030        0x4 ./build/core/core.a(Reset.cpp.o)
 .data._ZL10breakValue
                0x0000000020070034        0x4 ./build/core/core.a(CDC.cpp.o)
 .data._ZL12_usbLineInfo
                0x0000000020070038        0x8 ./build/core/core.a(CDC.cpp.o)
 .data.EndPoints
                0x0000000020070040       0x28 ./build/core/core.a(USBCore.cpp.o)
                0x0000000020070040                EndPoints
 .data.g_interrupt_enabled
                0x0000000020070068        0x4 /home/spark/.arduino15/packages/arduino/hardware/sam/1.6.7/variants/arduino_due_x/libsam_sam3x8e_gcc_rel.a(interrupt_sam_nvic.o)
                0x0000000020070068                g_interrupt_enabled
 *fill*         0x000000002007006c        0x4 
 .data.impure_data
                0x0000000020070070      0x428 /home/spark/repos/arduino-1.6.7/Atmel_SAM/packages/arduino/tools/arm-none-eabi-gcc/4.8.3-2014q1/bin/../lib/gcc/arm-none-eabi/4.8.3/../../../../arm-none-eabi/lib/armv7-m/libg.a(lib_a-impure.o)
 .data._impure_ptr
                0x0000000020070498        0x4 /home/spark/repos/arduino-1.6.7/Atmel_SAM/packages/arduino/tools/arm-none-eabi-gcc/4.8.3-2014q1/bin/../lib/gcc/arm-none-eabi/4.8.3/../../../../arm-none-eabi/lib/armv7-m/libg.a(lib_a-impure.o)
                0x0000000020070498                _impure_ptr
 .data.__ctype_ptr__
                0x000000002007049c        0x4 /home/spark/repos/arduino-1.6.7/Atmel_SAM/packages/arduino/tools/arm-none-eabi-gcc/4.8.3-2014q1/bin/../lib/gcc/arm-none-eabi/4.8.3/../../../../arm-none-eabi/lib/armv7-m/libg.a(lib_a-ctype_.o)
                0x000000002007049c                __ctype_ptr__
                0x00000000200704a0                . = ALIGN (0x4)
                0x00000000200704a0                _erelocate = .

.bss            0x00000000200704a0      0xa78 load address 0x0000000000083a68
                0x00000000200704a0                . = ALIGN (0x4)
                0x00000000200704a0                _sbss = .
                0x00000000200704a0                _szero = .
 *(.bss .bss.*)
 .bss           0x00000000200704a0       0x1c /home/spark/repos/arduino-1.6.7/Atmel_SAM/packages/arduino/tools/arm-none-eabi-gcc/4.8.3-2014q1/bin/../lib/gcc/arm-none-eabi/4.8.3/armv7-m/crtbegin.o
 .bss.VAL       0x00000000200704bc        0xc /home/spark/repos/waggle/coresensors/v3/pbay/coresense/build/sketch/coresense.ino.cpp.o
                0x00000000200704bc                VAL
 .bss.chemsense_MAC_ID
                0x00000000200704c8        0x8 /home/spark/repos/waggle/coresensors/v3/pbay/coresense/build/sketch/coresense.ino.cpp.o
                0x00000000200704c8                chemsense_MAC_ID
 .bss.three_accel_and_vib
                0x00000000200704d0        0xb /home/spark/repos/waggle/coresensors/v3/pbay/coresense/build/sketch/coresense.ino.cpp.o
                0x00000000200704d0                three_accel_and_vib
 .bss.flag_KEY  0x00000000200704db        0x1 /home/spark/repos/waggle/coresensors/v3/pbay/coresense/build/sketch/coresense.ino.cpp.o
                0x00000000200704db                flag_KEY
 .bss.formatted_data_buffer
                0x00000000200704dc        0x6 /home/spark/repos/waggle/coresensors/v3/pbay/coresense/build/sketch/coresense.ino.cpp.o
                0x00000000200704dc                formatted_data_buffer
 .bss.KEY       0x00000000200704e2        0x3 /home/spark/repos/waggle/coresensors/v3/pbay/coresense/build/sketch/coresense.ino.cpp.o
                0x00000000200704e2                KEY
 .bss.ozone     0x00000000200704e5        0x5 /home/spark/repos/waggle/coresensors/v3/pbay/coresense/build/sketch/coresense.ino.cpp.o
                0x00000000200704e5                ozone
 .bss.total_reducing_gases
                0x00000000200704ea        0x5 /home/spark/repos/waggle/coresensors/v3/pbay/coresense/build/sketch/coresense.ino.cpp.o
                0x00000000200704ea                total_reducing_gases
 .bss.sulfur_dioxide
                0x00000000200704ef        0x5 /home/spark/repos/waggle/coresensors/v3/pbay/coresense/build/sketch/coresense.ino.cpp.o
                0x00000000200704ef                sulfur_dioxide
 .bss.val_id    0x00000000200704f4        0x4 /home/spark/repos/waggle/coresensors/v3/pbay/coresense/build/sketch/coresense.ino.cpp.o
                0x00000000200704f4                val_id
 .bss.CO_LMP_temp
                0x00000000200704f8        0x4 /home/spark/repos/waggle/coresensors/v3/pbay/coresense/build/sketch/coresense.ino.cpp.o
                0x00000000200704f8                CO_LMP_temp
 .bss.total_oxidizing_gases
                0x00000000200704fc        0x5 /home/spark/repos/waggle/coresensors/v3/pbay/coresense/build/sketch/coresense.ino.cpp.o
                0x00000000200704fc                total_oxidizing_gases
 .bss.carbon_monoxide
                0x0000000020070501        0x5 /home/spark/repos/waggle/coresensors/v3/pbay/coresense/build/sketch/coresense.ino.cpp.o
                0x0000000020070501                carbon_monoxide
 .bss.SO2_H2S_ADC_temp
                0x0000000020070506        0x4 /home/spark/repos/waggle/coresensors/v3/pbay/coresense/build/sketch/coresense.ino.cpp.o
                0x0000000020070506                SO2_H2S_ADC_temp
 .bss.LPS25H    0x000000002007050a        0x7 /home/spark/repos/waggle/coresensors/v3/pbay/coresense/build/sketch/coresense.ino.cpp.o
                0x000000002007050a                LPS25H
 .bss.SHT25     0x0000000020070511        0x6 /home/spark/repos/waggle/coresensors/v3/pbay/coresense/build/sketch/coresense.ino.cpp.o
                0x0000000020070511                SHT25
 .bss.one       0x0000000020070517        0x1 /home/spark/repos/waggle/coresensors/v3/pbay/coresense/build/sketch/coresense.ino.cpp.o
                0x0000000020070517                one
 .bss.three_gyro_and_orientation
                0x0000000020070518        0xb /home/spark/repos/waggle/coresensors/v3/pbay/coresense/build/sketch/coresense.ino.cpp.o
                0x0000000020070518                three_gyro_and_orientation
 .bss.nitrogen_dioxide
                0x0000000020070523        0x5 /home/spark/repos/waggle/coresensors/v3/pbay/coresense/build/sketch/coresense.ino.cpp.o
                0x0000000020070523                nitrogen_dioxide
 .bss.CO_ADC_temp
                0x0000000020070528        0x4 /home/spark/repos/waggle/coresensors/v3/pbay/coresense/build/sketch/coresense.ino.cpp.o
                0x0000000020070528                CO_ADC_temp
 .bss.key_id    0x000000002007052c        0x4 /home/spark/repos/waggle/coresensors/v3/pbay/coresense/build/sketch/coresense.ino.cpp.o
                0x000000002007052c                key_id
 .bss.IAQ_IRR_ADC_temp
                0x0000000020070530        0x4 /home/spark/repos/waggle/coresensors/v3/pbay/coresense/build/sketch/coresense.ino.cpp.o
                0x0000000020070530                IAQ_IRR_ADC_temp
 .bss.Si1145    0x0000000020070534        0x8 /home/spark/repos/waggle/coresensors/v3/pbay/coresense/build/sketch/coresense.ino.cpp.o
                0x0000000020070534                Si1145
 .bss.O3_NO2_ADC_temp
                0x000000002007053c        0x4 /home/spark/repos/waggle/coresensors/v3/pbay/coresense/build/sketch/coresense.ino.cpp.o
                0x000000002007053c                O3_NO2_ADC_temp
 .bss.hydrogen_sulphide
                0x0000000020070540        0x5 /home/spark/repos/waggle/coresensors/v3/pbay/coresense/build/sketch/coresense.ino.cpp.o
                0x0000000020070540                hydrogen_sulphide
 *fill*         0x0000000020070545        0x3 
 .bss.tx_buffer2
                0x0000000020070548       0x88 /home/spark/repos/waggle/coresensors/v3/pbay/coresense/build/core/variant.cpp.o
                0x0000000020070548                tx_buffer2
 .bss.tx_buffer1
                0x00000000200705d0       0x88 /home/spark/repos/waggle/coresensors/v3/pbay/coresense/build/core/variant.cpp.o
                0x00000000200705d0                tx_buffer1
 .bss.Serial    0x0000000020070658       0x24 /home/spark/repos/waggle/coresensors/v3/pbay/coresense/build/core/variant.cpp.o
                0x0000000020070658                Serial
 .bss.rx_buffer1
                0x000000002007067c       0x88 /home/spark/repos/waggle/coresensors/v3/pbay/coresense/build/core/variant.cpp.o
                0x000000002007067c                rx_buffer1
 .bss.Serial1   0x0000000020070704       0x28 /home/spark/repos/waggle/coresensors/v3/pbay/coresense/build/core/variant.cpp.o
                0x0000000020070704                Serial1
 .bss.Serial2   0x000000002007072c       0x28 /home/spark/repos/waggle/coresensors/v3/pbay/coresense/build/core/variant.cpp.o
                0x000000002007072c                Serial2
 .bss.Serial3   0x0000000020070754       0x28 /home/spark/repos/waggle/coresensors/v3/pbay/coresense/build/core/variant.cpp.o
                0x0000000020070754                Serial3
 .bss.tx_buffer3
                0x000000002007077c       0x88 /home/spark/repos/waggle/coresensors/v3/pbay/coresense/build/core/variant.cpp.o
                0x000000002007077c                tx_buffer3
 .bss.tx_buffer4
                0x0000000020070804       0x88 /home/spark/repos/waggle/coresensors/v3/pbay/coresense/build/core/variant.cpp.o
                0x0000000020070804                tx_buffer4
 .bss.g_pinStatus
                0x000000002007088c       0x4f /home/spark/repos/waggle/coresensors/v3/pbay/coresense/build/core/variant.cpp.o
                0x000000002007088c                g_pinStatus
 *fill*         0x00000000200708db        0x1 
 .bss.rx_buffer2
                0x00000000200708dc       0x88 /home/spark/repos/waggle/coresensors/v3/pbay/coresense/build/core/variant.cpp.o
                0x00000000200708dc                rx_buffer2
 .bss.rx_buffer3
                0x0000000020070964       0x88 /home/spark/repos/waggle/coresensors/v3/pbay/coresense/build/core/variant.cpp.o
                0x0000000020070964                rx_buffer3
 .bss.rx_buffer4
                0x00000000200709ec       0x88 /home/spark/repos/waggle/coresensors/v3/pbay/coresense/build/core/variant.cpp.o
                0x00000000200709ec                rx_buffer4
 .bss.gpf_isr   0x0000000020070a74        0x4 /home/spark/.arduino15/packages/arduino/hardware/sam/1.6.7/variants/arduino_due_x/libsam_sam3x8e_gcc_rel.a(uotghs.o)
                0x0000000020070a74                gpf_isr
 .bss.callbacksPioA
                0x0000000020070a78       0x80 ./build/core/core.a(WInterrupts.c.o)
 .bss.callbacksPioB
                0x0000000020070af8       0x80 ./build/core/core.a(WInterrupts.c.o)
 .bss.callbacksPioC
                0x0000000020070b78       0x80 ./build/core/core.a(WInterrupts.c.o)
 .bss.callbacksPioD
                0x0000000020070bf8       0x80 ./build/core/core.a(WInterrupts.c.o)
 .bss.cdc_rx_buffer
                0x0000000020070c78      0x208 ./build/core/core.a(CDC.cpp.o)
                0x0000000020070c78                cdc_rx_buffer
 .bss._ZZN7Serial_6acceptEvE5guard
                0x0000000020070e80        0x4 ./build/core/core.a(CDC.cpp.o)
 .bss.SerialUSB
                0x0000000020070e84       0x14 ./build/core/core.a(CDC.cpp.o)
                0x0000000020070e84                SerialUSB
 .bss._cmark    0x0000000020070e98        0x2 ./build/core/core.a(USBCore.cpp.o)
                0x0000000020070e98                _cmark
 .bss._ZL14isEndpointHalt
                0x0000000020070e9a        0x1 ./build/core/core.a(USBCore.cpp.o)
 *fill*         0x0000000020070e9b        0x1 
 .bss._cdcComposite
                0x0000000020070e9c        0x4 ./build/core/core.a(USBCore.cpp.o)
                0x0000000020070e9c                _cdcComposite
 .bss._ZL21isRemoteWakeUpEnabled
                0x0000000020070ea0        0x1 ./build/core/core.a(USBCore.cpp.o)
 *fill*         0x0000000020070ea1        0x3 
 .bss._usbInitialized
                0x0000000020070ea4        0x4 ./build/core/core.a(USBCore.cpp.o)
                0x0000000020070ea4                _usbInitialized
 .bss.USBDevice
                0x0000000020070ea8        0x1 ./build/core/core.a(USBCore.cpp.o)
                0x0000000020070ea8                USBDevice
 *fill*         0x0000000020070ea9        0x3 
 .bss._usbSetInterface
                0x0000000020070eac        0x4 ./build/core/core.a(USBCore.cpp.o)
                0x0000000020070eac                _usbSetInterface
 .bss._cend     0x0000000020070eb0        0x2 ./build/core/core.a(USBCore.cpp.o)
                0x0000000020070eb0                _cend
 *fill*         0x0000000020070eb2        0x2 
 .bss._usbConfiguration
                0x0000000020070eb4        0x4 ./build/core/core.a(USBCore.cpp.o)
                0x0000000020070eb4                _usbConfiguration
 .bss._ZZ12PluggableUSBvE3obj
                0x0000000020070eb8        0x8 ./build/core/core.a(PluggableUSB.cpp.o)
 .bss._ZGVZ12PluggableUSBvE3obj
                0x0000000020070ec0        0x4 ./build/core/core.a(PluggableUSB.cpp.o)
 .bss._dwTickCount
                0x0000000020070ec4        0x4 /home/spark/.arduino15/packages/arduino/hardware/sam/1.6.7/variants/arduino_due_x/libsam_sam3x8e_gcc_rel.a(timetick.o)
 .bss.ul_recv_fifo_ptr
                0x0000000020070ec8       0x28 /home/spark/.arduino15/packages/arduino/hardware/sam/1.6.7/variants/arduino_due_x/libsam_sam3x8e_gcc_rel.a(uotghs_device.o)
 .bss.ul_send_fifo_ptr
                0x0000000020070ef0       0x28 /home/spark/.arduino15/packages/arduino/hardware/sam/1.6.7/variants/arduino_due_x/libsam_sam3x8e_gcc_rel.a(uotghs_device.o)
 *(COMMON)
                0x0000000020070f18                . = ALIGN (0x4)
                0x0000000020070f18                _ebss = .
                0x0000000020070f18                _ezero = .
                0x0000000020070f18                . = ALIGN (0x4)
                0x0000000020070f18                _end = .

.stack_dummy    0x0000000020070f18        0x0
 *(.stack*)
                0x0000000020088000                __StackTop = (ORIGIN (ram) + 0x18000)
                0x0000000020088000                __StackLimit = (__StackTop - SIZEOF (.stack_dummy))
                0x0000000020088000                PROVIDE (_sstack, __StackLimit)
                0x0000000020088000                PROVIDE (_estack, __StackTop)
OUTPUT(./build/coresense.ino.elf elf32-littlearm)

.ARM.attributes
                0x0000000000000000       0x29
 .ARM.attributes
                0x0000000000000000       0x1d /home/spark/repos/arduino-1.6.7/Atmel_SAM/packages/arduino/tools/arm-none-eabi-gcc/4.8.3-2014q1/bin/../lib/gcc/arm-none-eabi/4.8.3/armv7-m/crti.o
 .ARM.attributes
                0x000000000000001d       0x2d /home/spark/repos/arduino-1.6.7/Atmel_SAM/packages/arduino/tools/arm-none-eabi-gcc/4.8.3-2014q1/bin/../lib/gcc/arm-none-eabi/4.8.3/armv7-m/crtbegin.o
 .ARM.attributes
                0x000000000000004a       0x33 /home/spark/repos/waggle/coresensors/v3/pbay/coresense/build/sketch/coresense.ino.cpp.o
 .ARM.attributes
                0x000000000000007d       0x33 /home/spark/repos/waggle/coresensors/v3/pbay/coresense/build/core/variant.cpp.o
 .ARM.attributes
                0x00000000000000b0       0x33 /home/spark/.arduino15/packages/arduino/hardware/sam/1.6.7/variants/arduino_due_x/libsam_sam3x8e_gcc_rel.a(pio.o)
 .ARM.attributes
                0x00000000000000e3       0x33 /home/spark/.arduino15/packages/arduino/hardware/sam/1.6.7/variants/arduino_due_x/libsam_sam3x8e_gcc_rel.a(pmc.o)
 .ARM.attributes
                0x0000000000000116       0x33 /home/spark/.arduino15/packages/arduino/hardware/sam/1.6.7/variants/arduino_due_x/libsam_sam3x8e_gcc_rel.a(system_sam3xa.o)
 .ARM.attributes
                0x0000000000000149       0x33 /home/spark/.arduino15/packages/arduino/hardware/sam/1.6.7/variants/arduino_due_x/libsam_sam3x8e_gcc_rel.a(startup_sam3xa.o)
 .ARM.attributes
                0x000000000000017c       0x33 /home/spark/.arduino15/packages/arduino/hardware/sam/1.6.7/variants/arduino_due_x/libsam_sam3x8e_gcc_rel.a(adc.o)
 .ARM.attributes
                0x00000000000001af       0x33 /home/spark/.arduino15/packages/arduino/hardware/sam/1.6.7/variants/arduino_due_x/libsam_sam3x8e_gcc_rel.a(uotghs.o)
 .ARM.attributes
                0x00000000000001e2       0x33 ./build/core/core.a(WInterrupts.c.o)
 .ARM.attributes
                0x0000000000000215       0x33 ./build/core/core.a(cortex_handlers.c.o)
 .ARM.attributes
                0x0000000000000248       0x33 ./build/core/core.a(hooks.c.o)
 .ARM.attributes
                0x000000000000027b       0x33 ./build/core/core.a(wiring_analog.c.o)
 .ARM.attributes
                0x00000000000002ae       0x33 ./build/core/core.a(wiring_digital.c.o)
 .ARM.attributes
                0x00000000000002e1       0x33 ./build/core/core.a(Print.cpp.o)
 .ARM.attributes
                0x0000000000000314       0x33 ./build/core/core.a(Reset.cpp.o)
 .ARM.attributes
                0x0000000000000347       0x33 ./build/core/core.a(RingBuffer.cpp.o)
 .ARM.attributes
                0x000000000000037a       0x33 ./build/core/core.a(UARTClass.cpp.o)
 .ARM.attributes
                0x00000000000003ad       0x33 ./build/core/core.a(USARTClass.cpp.o)
 .ARM.attributes
                0x00000000000003e0       0x33 ./build/core/core.a(main.cpp.o)
 .ARM.attributes
                0x0000000000000413       0x33 ./build/core/core.a(watchdog.cpp.o)
 .ARM.attributes
                0x0000000000000446       0x33 ./build/core/core.a(CDC.cpp.o)
 .ARM.attributes
                0x0000000000000479       0x33 ./build/core/core.a(USBCore.cpp.o)
 .ARM.attributes
                0x00000000000004ac       0x33 ./build/core/core.a(wiring.c.o)
 .ARM.attributes
                0x00000000000004df       0x33 ./build/core/core.a(PluggableUSB.cpp.o)
 .ARM.attributes
                0x0000000000000512       0x33 /home/spark/.arduino15/packages/arduino/hardware/sam/1.6.7/variants/arduino_due_x/libsam_sam3x8e_gcc_rel.a(timetick.o)
 .ARM.attributes
                0x0000000000000545       0x33 /home/spark/.arduino15/packages/arduino/hardware/sam/1.6.7/variants/arduino_due_x/libsam_sam3x8e_gcc_rel.a(wdt.o)
 .ARM.attributes
                0x0000000000000578       0x33 /home/spark/.arduino15/packages/arduino/hardware/sam/1.6.7/variants/arduino_due_x/libsam_sam3x8e_gcc_rel.a(interrupt_sam_nvic.o)
 .ARM.attributes
                0x00000000000005ab       0x33 /home/spark/.arduino15/packages/arduino/hardware/sam/1.6.7/variants/arduino_due_x/libsam_sam3x8e_gcc_rel.a(uotghs_device.o)
 .ARM.attributes
                0x00000000000005de       0x2d /home/spark/repos/arduino-1.6.7/Atmel_SAM/packages/arduino/tools/arm-none-eabi-gcc/4.8.3-2014q1/bin/../lib/gcc/arm-none-eabi/4.8.3/../../../../arm-none-eabi/lib/armv7-m/libg.a(lib_a-atoi.o)
 .ARM.attributes
                0x000000000000060b       0x2d /home/spark/repos/arduino-1.6.7/Atmel_SAM/packages/arduino/tools/arm-none-eabi-gcc/4.8.3-2014q1/bin/../lib/gcc/arm-none-eabi/4.8.3/../../../../arm-none-eabi/lib/armv7-m/libg.a(lib_a-atol.o)
 .ARM.attributes
                0x0000000000000638       0x2d /home/spark/repos/arduino-1.6.7/Atmel_SAM/packages/arduino/tools/arm-none-eabi-gcc/4.8.3-2014q1/bin/../lib/gcc/arm-none-eabi/4.8.3/../../../../arm-none-eabi/lib/armv7-m/libg.a(lib_a-impure.o)
 .ARM.attributes
                0x0000000000000665       0x2d /home/spark/repos/arduino-1.6.7/Atmel_SAM/packages/arduino/tools/arm-none-eabi-gcc/4.8.3-2014q1/bin/../lib/gcc/arm-none-eabi/4.8.3/../../../../arm-none-eabi/lib/armv7-m/libg.a(lib_a-init.o)
 .ARM.attributes
                0x0000000000000692       0x2d /home/spark/repos/arduino-1.6.7/Atmel_SAM/packages/arduino/tools/arm-none-eabi-gcc/4.8.3-2014q1/bin/../lib/gcc/arm-none-eabi/4.8.3/../../../../arm-none-eabi/lib/armv7-m/libg.a(lib_a-memset.o)
 .ARM.attributes
                0x00000000000006bf       0x2d /home/spark/repos/arduino-1.6.7/Atmel_SAM/packages/arduino/tools/arm-none-eabi-gcc/4.8.3-2014q1/bin/../lib/gcc/arm-none-eabi/4.8.3/../../../../arm-none-eabi/lib/armv7-m/libg.a(lib_a-strlen.o)
 .ARM.attributes
                0x00000000000006ec       0x2d /home/spark/repos/arduino-1.6.7/Atmel_SAM/packages/arduino/tools/arm-none-eabi-gcc/4.8.3-2014q1/bin/../lib/gcc/arm-none-eabi/4.8.3/../../../../arm-none-eabi/lib/armv7-m/libg.a(lib_a-strncmp.o)
 .ARM.attributes
                0x0000000000000719       0x2d /home/spark/repos/arduino-1.6.7/Atmel_SAM/packages/arduino/tools/arm-none-eabi-gcc/4.8.3-2014q1/bin/../lib/gcc/arm-none-eabi/4.8.3/../../../../arm-none-eabi/lib/armv7-m/libg.a(lib_a-strncpy.o)
 .ARM.attributes
                0x0000000000000746       0x2d /home/spark/repos/arduino-1.6.7/Atmel_SAM/packages/arduino/tools/arm-none-eabi-gcc/4.8.3-2014q1/bin/../lib/gcc/arm-none-eabi/4.8.3/../../../../arm-none-eabi/lib/armv7-m/libg.a(lib_a-strtol.o)
 .ARM.attributes
                0x0000000000000773       0x2d /home/spark/repos/arduino-1.6.7/Atmel_SAM/packages/arduino/tools/arm-none-eabi-gcc/4.8.3-2014q1/bin/../lib/gcc/arm-none-eabi/4.8.3/../../../../arm-none-eabi/lib/armv7-m/libg.a(lib_a-__call_atexit.o)
 .ARM.attributes
                0x00000000000007a0       0x2d /home/spark/repos/arduino-1.6.7/Atmel_SAM/packages/arduino/tools/arm-none-eabi-gcc/4.8.3-2014q1/bin/../lib/gcc/arm-none-eabi/4.8.3/../../../../arm-none-eabi/lib/armv7-m/libg.a(lib_a-atexit.o)
 .ARM.attributes
                0x00000000000007cd       0x2d /home/spark/repos/arduino-1.6.7/Atmel_SAM/packages/arduino/tools/arm-none-eabi-gcc/4.8.3-2014q1/bin/../lib/gcc/arm-none-eabi/4.8.3/../../../../arm-none-eabi/lib/armv7-m/libg.a(lib_a-ctype_.o)
 .ARM.attributes
                0x00000000000007fa       0x2d /home/spark/repos/arduino-1.6.7/Atmel_SAM/packages/arduino/tools/arm-none-eabi-gcc/4.8.3-2014q1/bin/../lib/gcc/arm-none-eabi/4.8.3/../../../../arm-none-eabi/lib/armv7-m/libg.a(lib_a-fini.o)
 .ARM.attributes
                0x0000000000000827       0x2d /home/spark/repos/arduino-1.6.7/Atmel_SAM/packages/arduino/tools/arm-none-eabi-gcc/4.8.3-2014q1/bin/../lib/gcc/arm-none-eabi/4.8.3/../../../../arm-none-eabi/lib/armv7-m/libg.a(lib_a-__atexit.o)
 .ARM.attributes
                0x0000000000000854       0x1d /home/spark/repos/arduino-1.6.7/Atmel_SAM/packages/arduino/tools/arm-none-eabi-gcc/4.8.3-2014q1/bin/../lib/gcc/arm-none-eabi/4.8.3/armv7-m/crtn.o

.comment        0x0000000000000000       0xf0
 .comment       0x0000000000000000       0x80 /home/spark/repos/waggle/coresensors/v3/pbay/coresense/build/sketch/coresense.ino.cpp.o
                                         0x81 (size before relaxing)
 .comment       0x0000000000000000       0x81 /home/spark/repos/waggle/coresensors/v3/pbay/coresense/build/core/variant.cpp.o
 .comment       0x0000000000000080       0x70 /home/spark/.arduino15/packages/arduino/hardware/sam/1.6.7/variants/arduino_due_x/libsam_sam3x8e_gcc_rel.a(pio.o)
                                         0x71 (size before relaxing)
 .comment       0x0000000000000000       0x71 /home/spark/.arduino15/packages/arduino/hardware/sam/1.6.7/variants/arduino_due_x/libsam_sam3x8e_gcc_rel.a(pmc.o)
 .comment       0x0000000000000000       0x71 /home/spark/.arduino15/packages/arduino/hardware/sam/1.6.7/variants/arduino_due_x/libsam_sam3x8e_gcc_rel.a(system_sam3xa.o)
 .comment       0x0000000000000000       0x71 /home/spark/.arduino15/packages/arduino/hardware/sam/1.6.7/variants/arduino_due_x/libsam_sam3x8e_gcc_rel.a(startup_sam3xa.o)
 .comment       0x0000000000000000       0x71 /home/spark/.arduino15/packages/arduino/hardware/sam/1.6.7/variants/arduino_due_x/libsam_sam3x8e_gcc_rel.a(adc.o)
 .comment       0x0000000000000000       0x71 /home/spark/.arduino15/packages/arduino/hardware/sam/1.6.7/variants/arduino_due_x/libsam_sam3x8e_gcc_rel.a(uotghs.o)
 .comment       0x0000000000000000       0x81 ./build/core/core.a(WInterrupts.c.o)
 .comment       0x0000000000000000       0x81 ./build/core/core.a(cortex_handlers.c.o)
 .comment       0x0000000000000000       0x81 ./build/core/core.a(hooks.c.o)
 .comment       0x0000000000000000       0x81 ./build/core/core.a(wiring_analog.c.o)
 .comment       0x0000000000000000       0x81 ./build/core/core.a(wiring_digital.c.o)
 .comment       0x0000000000000000       0x81 ./build/core/core.a(Print.cpp.o)
 .comment       0x0000000000000000       0x81 ./build/core/core.a(Reset.cpp.o)
 .comment       0x0000000000000000       0x81 ./build/core/core.a(RingBuffer.cpp.o)
 .comment       0x0000000000000000       0x81 ./build/core/core.a(UARTClass.cpp.o)
 .comment       0x0000000000000000       0x81 ./build/core/core.a(USARTClass.cpp.o)
 .comment       0x0000000000000000       0x81 ./build/core/core.a(main.cpp.o)
 .comment       0x0000000000000000       0x81 ./build/core/core.a(watchdog.cpp.o)
 .comment       0x0000000000000000       0x81 ./build/core/core.a(CDC.cpp.o)
 .comment       0x0000000000000000       0x81 ./build/core/core.a(USBCore.cpp.o)
 .comment       0x0000000000000000       0x81 ./build/core/core.a(wiring.c.o)
 .comment       0x0000000000000000       0x81 ./build/core/core.a(PluggableUSB.cpp.o)
 .comment       0x0000000000000000       0x71 /home/spark/.arduino15/packages/arduino/hardware/sam/1.6.7/variants/arduino_due_x/libsam_sam3x8e_gcc_rel.a(timetick.o)
 .comment       0x0000000000000000       0x71 /home/spark/.arduino15/packages/arduino/hardware/sam/1.6.7/variants/arduino_due_x/libsam_sam3x8e_gcc_rel.a(wdt.o)
 .comment       0x0000000000000000       0x71 /home/spark/.arduino15/packages/arduino/hardware/sam/1.6.7/variants/arduino_due_x/libsam_sam3x8e_gcc_rel.a(interrupt_sam_nvic.o)
 .comment       0x0000000000000000       0x71 /home/spark/.arduino15/packages/arduino/hardware/sam/1.6.7/variants/arduino_due_x/libsam_sam3x8e_gcc_rel.a(uotghs_device.o)

.debug_info     0x0000000000000000    0x12e57
 .debug_info    0x0000000000000000     0x177c /home/spark/repos/waggle/coresensors/v3/pbay/coresense/build/sketch/coresense.ino.cpp.o
 .debug_info    0x000000000000177c     0x1a13 /home/spark/repos/waggle/coresensors/v3/pbay/coresense/build/core/variant.cpp.o
 .debug_info    0x000000000000318f     0x11ee ./build/core/core.a(WInterrupts.c.o)
 .debug_info    0x000000000000437d      0x2aa ./build/core/core.a(cortex_handlers.c.o)
 .debug_info    0x0000000000004627       0x60 ./build/core/core.a(hooks.c.o)
 .debug_info    0x0000000000004687     0x1d4e ./build/core/core.a(wiring_analog.c.o)
 .debug_info    0x00000000000063d5      0xdd0 ./build/core/core.a(wiring_digital.c.o)
 .debug_info    0x00000000000071a5     0x26d1 ./build/core/core.a(Print.cpp.o)
 .debug_info    0x0000000000009876      0x3af ./build/core/core.a(Reset.cpp.o)
 .debug_info    0x0000000000009c25      0x1f6 ./build/core/core.a(RingBuffer.cpp.o)
 .debug_info    0x0000000000009e1b     0x242f ./build/core/core.a(UARTClass.cpp.o)
 .debug_info    0x000000000000c24a      0xbe2 ./build/core/core.a(USARTClass.cpp.o)
 .debug_info    0x000000000000ce2c      0x39f ./build/core/core.a(main.cpp.o)
 .debug_info    0x000000000000d1cb      0x220 ./build/core/core.a(watchdog.cpp.o)
 .debug_info    0x000000000000d3eb     0x2e5b ./build/core/core.a(CDC.cpp.o)
 .debug_info    0x0000000000010246     0x2071 ./build/core/core.a(USBCore.cpp.o)
 .debug_info    0x00000000000122b7      0x4ff ./build/core/core.a(wiring.c.o)
 .debug_info    0x00000000000127b6      0x6a1 ./build/core/core.a(PluggableUSB.cpp.o)

.debug_abbrev   0x0000000000000000     0x3497
 .debug_abbrev  0x0000000000000000      0x396 /home/spark/repos/waggle/coresensors/v3/pbay/coresense/build/sketch/coresense.ino.cpp.o
 .debug_abbrev  0x0000000000000396      0x3fc /home/spark/repos/waggle/coresensors/v3/pbay/coresense/build/core/variant.cpp.o
 .debug_abbrev  0x0000000000000792      0x2d2 ./build/core/core.a(WInterrupts.c.o)
 .debug_abbrev  0x0000000000000a64      0x106 ./build/core/core.a(cortex_handlers.c.o)
 .debug_abbrev  0x0000000000000b6a       0x47 ./build/core/core.a(hooks.c.o)
 .debug_abbrev  0x0000000000000bb1      0x2fb ./build/core/core.a(wiring_analog.c.o)
 .debug_abbrev  0x0000000000000eac      0x225 ./build/core/core.a(wiring_digital.c.o)
 .debug_abbrev  0x00000000000010d1      0x497 ./build/core/core.a(Print.cpp.o)
 .debug_abbrev  0x0000000000001568      0x14c ./build/core/core.a(Reset.cpp.o)
 .debug_abbrev  0x00000000000016b4      0x175 ./build/core/core.a(RingBuffer.cpp.o)
 .debug_abbrev  0x0000000000001829      0x525 ./build/core/core.a(UARTClass.cpp.o)
 .debug_abbrev  0x0000000000001d4e      0x2eb ./build/core/core.a(USARTClass.cpp.o)
 .debug_abbrev  0x0000000000002039      0x196 ./build/core/core.a(main.cpp.o)
 .debug_abbrev  0x00000000000021cf      0x114 ./build/core/core.a(watchdog.cpp.o)
 .debug_abbrev  0x00000000000022e3      0x6cd ./build/core/core.a(CDC.cpp.o)
 .debug_abbrev  0x00000000000029b0      0x6d3 ./build/core/core.a(USBCore.cpp.o)
 .debug_abbrev  0x0000000000003083      0x160 ./build/core/core.a(wiring.c.o)
 .debug_abbrev  0x00000000000031e3      0x2b4 ./build/core/core.a(PluggableUSB.cpp.o)

.debug_loc      0x0000000000000000     0x3dd1
 .debug_loc     0x0000000000000000      0x3c4 /home/spark/repos/waggle/coresensors/v3/pbay/coresense/build/sketch/coresense.ino.cpp.o
 .debug_loc     0x00000000000003c4       0x8a /home/spark/repos/waggle/coresensors/v3/pbay/coresense/build/core/variant.cpp.o
 .debug_loc     0x000000000000044e      0x358 ./build/core/core.a(WInterrupts.c.o)
 .debug_loc     0x00000000000007a6      0x76c ./build/core/core.a(wiring_analog.c.o)
 .debug_loc     0x0000000000000f12      0x1eb ./build/core/core.a(wiring_digital.c.o)
 .debug_loc     0x00000000000010fd     0x11b9 ./build/core/core.a(Print.cpp.o)
 .debug_loc     0x00000000000022b6       0x1e ./build/core/core.a(RingBuffer.cpp.o)
 .debug_loc     0x00000000000022d4      0x42b ./build/core/core.a(UARTClass.cpp.o)
 .debug_loc     0x00000000000026ff      0x230 ./build/core/core.a(USARTClass.cpp.o)
 .debug_loc     0x000000000000292f       0x69 ./build/core/core.a(watchdog.cpp.o)
 .debug_loc     0x0000000000002998      0x617 ./build/core/core.a(CDC.cpp.o)
 .debug_loc     0x0000000000002faf      0xb08 ./build/core/core.a(USBCore.cpp.o)
 .debug_loc     0x0000000000003ab7       0xfc ./build/core/core.a(wiring.c.o)
 .debug_loc     0x0000000000003bb3      0x21e ./build/core/core.a(PluggableUSB.cpp.o)

.debug_aranges  0x0000000000000000      0x6d0
 .debug_aranges
                0x0000000000000000       0xa8 /home/spark/repos/waggle/coresensors/v3/pbay/coresense/build/sketch/coresense.ino.cpp.o
 .debug_aranges
                0x00000000000000a8       0x70 /home/spark/repos/waggle/coresensors/v3/pbay/coresense/build/core/variant.cpp.o
 .debug_aranges
                0x0000000000000118       0x48 ./build/core/core.a(WInterrupts.c.o)
 .debug_aranges
                0x0000000000000160       0x38 ./build/core/core.a(cortex_handlers.c.o)
 .debug_aranges
                0x0000000000000198       0x30 ./build/core/core.a(hooks.c.o)
 .debug_aranges
                0x00000000000001c8       0x50 ./build/core/core.a(wiring_analog.c.o)
 .debug_aranges
                0x0000000000000218       0x30 ./build/core/core.a(wiring_digital.c.o)
 .debug_aranges
                0x0000000000000248       0xf0 ./build/core/core.a(Print.cpp.o)
 .debug_aranges
                0x0000000000000338       0x38 ./build/core/core.a(Reset.cpp.o)
 .debug_aranges
                0x0000000000000370       0x28 ./build/core/core.a(RingBuffer.cpp.o)
 .debug_aranges
                0x0000000000000398       0x90 ./build/core/core.a(UARTClass.cpp.o)
 .debug_aranges
                0x0000000000000428       0x40 ./build/core/core.a(USARTClass.cpp.o)
 .debug_aranges
                0x0000000000000468       0x28 ./build/core/core.a(main.cpp.o)
 .debug_aranges
                0x0000000000000490       0x38 ./build/core/core.a(watchdog.cpp.o)
 .debug_aranges
                0x00000000000004c8       0xc8 ./build/core/core.a(CDC.cpp.o)
 .debug_aranges
                0x0000000000000590       0xc0 ./build/core/core.a(USBCore.cpp.o)
 .debug_aranges
                0x0000000000000650       0x30 ./build/core/core.a(wiring.c.o)
 .debug_aranges
                0x0000000000000680       0x50 ./build/core/core.a(PluggableUSB.cpp.o)

.debug_ranges   0x0000000000000000      0xa28
 .debug_ranges  0x0000000000000000      0x170 /home/spark/repos/waggle/coresensors/v3/pbay/coresense/build/sketch/coresense.ino.cpp.o
 .debug_ranges  0x0000000000000170       0x80 /home/spark/repos/waggle/coresensors/v3/pbay/coresense/build/core/variant.cpp.o
 .debug_ranges  0x00000000000001f0       0x50 ./build/core/core.a(WInterrupts.c.o)
 .debug_ranges  0x0000000000000240       0x28 ./build/core/core.a(cortex_handlers.c.o)
 .debug_ranges  0x0000000000000268       0x20 ./build/core/core.a(hooks.c.o)
 .debug_ranges  0x0000000000000288       0x88 ./build/core/core.a(wiring_analog.c.o)
 .debug_ranges  0x0000000000000310       0x38 ./build/core/core.a(wiring_digital.c.o)
 .debug_ranges  0x0000000000000348      0x178 ./build/core/core.a(Print.cpp.o)
 .debug_ranges  0x00000000000004c0       0x28 ./build/core/core.a(Reset.cpp.o)
 .debug_ranges  0x00000000000004e8       0x18 ./build/core/core.a(RingBuffer.cpp.o)
 .debug_ranges  0x0000000000000500       0xb0 ./build/core/core.a(UARTClass.cpp.o)
 .debug_ranges  0x00000000000005b0       0x30 ./build/core/core.a(USARTClass.cpp.o)
 .debug_ranges  0x00000000000005e0       0x18 ./build/core/core.a(main.cpp.o)
 .debug_ranges  0x00000000000005f8       0x28 ./build/core/core.a(watchdog.cpp.o)
 .debug_ranges  0x0000000000000620       0xd0 ./build/core/core.a(CDC.cpp.o)
 .debug_ranges  0x00000000000006f0      0x248 ./build/core/core.a(USBCore.cpp.o)
 .debug_ranges  0x0000000000000938       0x20 ./build/core/core.a(wiring.c.o)
 .debug_ranges  0x0000000000000958       0xd0 ./build/core/core.a(PluggableUSB.cpp.o)

.debug_line     0x0000000000000000     0x54ff
 .debug_line    0x0000000000000000      0x780 /home/spark/repos/waggle/coresensors/v3/pbay/coresense/build/sketch/coresense.ino.cpp.o
 .debug_line    0x0000000000000780      0x5cb /home/spark/repos/waggle/coresensors/v3/pbay/coresense/build/core/variant.cpp.o
 .debug_line    0x0000000000000d4b      0x571 ./build/core/core.a(WInterrupts.c.o)
 .debug_line    0x00000000000012bc      0x316 ./build/core/core.a(cortex_handlers.c.o)
 .debug_line    0x00000000000015d2       0x9f ./build/core/core.a(hooks.c.o)
 .debug_line    0x0000000000001671      0x58b ./build/core/core.a(wiring_analog.c.o)
 .debug_line    0x0000000000001bfc      0x445 ./build/core/core.a(wiring_digital.c.o)
 .debug_line    0x0000000000002041      0x6bb ./build/core/core.a(Print.cpp.o)
 .debug_line    0x00000000000026fc      0x433 ./build/core/core.a(Reset.cpp.o)
 .debug_line    0x0000000000002b2f      0x1c9 ./build/core/core.a(RingBuffer.cpp.o)
 .debug_line    0x0000000000002cf8      0x608 ./build/core/core.a(UARTClass.cpp.o)
 .debug_line    0x0000000000003300      0x4ab ./build/core/core.a(USARTClass.cpp.o)
 .debug_line    0x00000000000037ab      0x37f ./build/core/core.a(main.cpp.o)
 .debug_line    0x0000000000003b2a      0x396 ./build/core/core.a(watchdog.cpp.o)
 .debug_line    0x0000000000003ec0      0x78d ./build/core/core.a(CDC.cpp.o)
 .debug_line    0x000000000000464d      0x8b9 ./build/core/core.a(USBCore.cpp.o)
 .debug_line    0x0000000000004f06      0x31a ./build/core/core.a(wiring.c.o)
 .debug_line    0x0000000000005220      0x2df ./build/core/core.a(PluggableUSB.cpp.o)

.debug_str      0x0000000000000000     0x4d20
 .debug_str     0x0000000000000000      0x716 /home/spark/repos/waggle/coresensors/v3/pbay/coresense/build/sketch/coresense.ino.cpp.o
                                        0x792 (size before relaxing)
 .debug_str     0x0000000000000716      0xe52 /home/spark/repos/waggle/coresensors/v3/pbay/coresense/build/core/variant.cpp.o
                                       0x11db (size before relaxing)
 .debug_str     0x0000000000001568      0x215 ./build/core/core.a(WInterrupts.c.o)
                                        0xb75 (size before relaxing)
 .debug_str     0x000000000000177d       0xc9 ./build/core/core.a(cortex_handlers.c.o)
                                        0x2e1 (size before relaxing)
 .debug_str     0x0000000000001846       0x61 ./build/core/core.a(hooks.c.o)
                                        0x12b (size before relaxing)
 .debug_str     0x00000000000018a7      0x7e7 ./build/core/core.a(wiring_analog.c.o)
                                       0x103e (size before relaxing)
 .debug_str     0x000000000000208e       0xbc ./build/core/core.a(wiring_digital.c.o)
                                        0x9ef (size before relaxing)
 .debug_str     0x000000000000214a      0xc4b ./build/core/core.a(Print.cpp.o)
                                        0xfb4 (size before relaxing)
 .debug_str     0x0000000000002d95       0xf1 ./build/core/core.a(Reset.cpp.o)
                                        0x3c2 (size before relaxing)
 .debug_str     0x0000000000002e86       0x73 ./build/core/core.a(RingBuffer.cpp.o)
                                        0x294 (size before relaxing)
 .debug_str     0x0000000000002ef9      0x646 ./build/core/core.a(UARTClass.cpp.o)
                                       0x1721 (size before relaxing)
 .debug_str     0x000000000000353f      0x22c ./build/core/core.a(USARTClass.cpp.o)
                                        0xa17 (size before relaxing)
 .debug_str     0x000000000000376b      0x124 ./build/core/core.a(main.cpp.o)
                                        0x401 (size before relaxing)
 .debug_str     0x000000000000388f      0x112 ./build/core/core.a(watchdog.cpp.o)
                                        0x306 (size before relaxing)
 .debug_str     0x00000000000039a1      0xa03 ./build/core/core.a(CDC.cpp.o)
                                       0x1c61 (size before relaxing)
 .debug_str     0x00000000000043a4      0x86a ./build/core/core.a(USBCore.cpp.o)
                                       0x1323 (size before relaxing)
 .debug_str     0x0000000000004c0e       0x85 ./build/core/core.a(wiring.c.o)
                                        0x34b (size before relaxing)
 .debug_str     0x0000000000004c93       0x8d ./build/core/core.a(PluggableUSB.cpp.o)
                                        0x5cb (size before relaxing)

.debug_frame    0x0000000000000000     0x11ac
 .debug_frame   0x0000000000000000      0x19c /home/spark/repos/waggle/coresensors/v3/pbay/coresense/build/sketch/coresense.ino.cpp.o
 .debug_frame   0x000000000000019c       0xf0 /home/spark/repos/waggle/coresensors/v3/pbay/coresense/build/core/variant.cpp.o
 .debug_frame   0x000000000000028c       0xb4 ./build/core/core.a(WInterrupts.c.o)
 .debug_frame   0x0000000000000340       0x58 ./build/core/core.a(cortex_handlers.c.o)
 .debug_frame   0x0000000000000398       0x40 ./build/core/core.a(hooks.c.o)
 .debug_frame   0x00000000000003d8       0xa4 ./build/core/core.a(wiring_analog.c.o)
 .debug_frame   0x000000000000047c       0x6c ./build/core/core.a(wiring_digital.c.o)
 .debug_frame   0x00000000000004e8      0x2d0 ./build/core/core.a(Print.cpp.o)
 .debug_frame   0x00000000000007b8       0x58 ./build/core/core.a(Reset.cpp.o)
 .debug_frame   0x0000000000000810       0x38 ./build/core/core.a(RingBuffer.cpp.o)
 .debug_frame   0x0000000000000848      0x138 ./build/core/core.a(UARTClass.cpp.o)
 .debug_frame   0x0000000000000980       0x70 ./build/core/core.a(USARTClass.cpp.o)
 .debug_frame   0x00000000000009f0       0x38 ./build/core/core.a(main.cpp.o)
 .debug_frame   0x0000000000000a28       0x50 ./build/core/core.a(watchdog.cpp.o)
 .debug_frame   0x0000000000000a78      0x1b0 ./build/core/core.a(CDC.cpp.o)
 .debug_frame   0x0000000000000c28      0x22c ./build/core/core.a(USBCore.cpp.o)
 .debug_frame   0x0000000000000e54       0x5c ./build/core/core.a(wiring.c.o)
 .debug_frame   0x0000000000000eb0       0xbc ./build/core/core.a(PluggableUSB.cpp.o)
 .debug_frame   0x0000000000000f6c       0x30 /home/spark/repos/arduino-1.6.7/Atmel_SAM/packages/arduino/tools/arm-none-eabi-gcc/4.8.3-2014q1/bin/../lib/gcc/arm-none-eabi/4.8.3/../../../../arm-none-eabi/lib/armv7-m/libg.a(lib_a-atoi.o)
 .debug_frame   0x0000000000000f9c       0x30 /home/spark/repos/arduino-1.6.7/Atmel_SAM/packages/arduino/tools/arm-none-eabi-gcc/4.8.3-2014q1/bin/../lib/gcc/arm-none-eabi/4.8.3/../../../../arm-none-eabi/lib/armv7-m/libg.a(lib_a-atol.o)
 .debug_frame   0x0000000000000fcc       0x2c /home/spark/repos/arduino-1.6.7/Atmel_SAM/packages/arduino/tools/arm-none-eabi-gcc/4.8.3-2014q1/bin/../lib/gcc/arm-none-eabi/4.8.3/../../../../arm-none-eabi/lib/armv7-m/libg.a(lib_a-init.o)
 .debug_frame   0x0000000000000ff8       0x2c /home/spark/repos/arduino-1.6.7/Atmel_SAM/packages/arduino/tools/arm-none-eabi-gcc/4.8.3-2014q1/bin/../lib/gcc/arm-none-eabi/4.8.3/../../../../arm-none-eabi/lib/armv7-m/libg.a(lib_a-memset.o)
 .debug_frame   0x0000000000001024       0x20 /home/spark/repos/arduino-1.6.7/Atmel_SAM/packages/arduino/tools/arm-none-eabi-gcc/4.8.3-2014q1/bin/../lib/gcc/arm-none-eabi/4.8.3/../../../../arm-none-eabi/lib/armv7-m/libg.a(lib_a-strlen.o)
 .debug_frame   0x0000000000001044       0x28 /home/spark/repos/arduino-1.6.7/Atmel_SAM/packages/arduino/tools/arm-none-eabi-gcc/4.8.3-2014q1/bin/../lib/gcc/arm-none-eabi/4.8.3/../../../../arm-none-eabi/lib/armv7-m/libg.a(lib_a-strncmp.o)
 .debug_frame   0x000000000000106c       0x2c /home/spark/repos/arduino-1.6.7/Atmel_SAM/packages/arduino/tools/arm-none-eabi-gcc/4.8.3-2014q1/bin/../lib/gcc/arm-none-eabi/4.8.3/../../../../arm-none-eabi/lib/armv7-m/libg.a(lib_a-strncpy.o)
 .debug_frame   0x0000000000001098       0x50 /home/spark/repos/arduino-1.6.7/Atmel_SAM/packages/arduino/tools/arm-none-eabi-gcc/4.8.3-2014q1/bin/../lib/gcc/arm-none-eabi/4.8.3/../../../../arm-none-eabi/lib/armv7-m/libg.a(lib_a-strtol.o)
 .debug_frame   0x00000000000010e8       0x48 /home/spark/repos/arduino-1.6.7/Atmel_SAM/packages/arduino/tools/arm-none-eabi-gcc/4.8.3-2014q1/bin/../lib/gcc/arm-none-eabi/4.8.3/../../../../arm-none-eabi/lib/armv7-m/libg.a(lib_a-__call_atexit.o)
 .debug_frame   0x0000000000001130       0x20 /home/spark/repos/arduino-1.6.7/Atmel_SAM/packages/arduino/tools/arm-none-eabi-gcc/4.8.3-2014q1/bin/../lib/gcc/arm-none-eabi/4.8.3/../../../../arm-none-eabi/lib/armv7-m/libg.a(lib_a-atexit.o)
 .debug_frame   0x0000000000001150       0x2c /home/spark/repos/arduino-1.6.7/Atmel_SAM/packages/arduino/tools/arm-none-eabi-gcc/4.8.3-2014q1/bin/../lib/gcc/arm-none-eabi/4.8.3/../../../../arm-none-eabi/lib/armv7-m/libg.a(lib_a-fini.o)
 .debug_frame   0x000000000000117c       0x30 /home/spark/repos/arduino-1.6.7/Atmel_SAM/packages/arduino/tools/arm-none-eabi-gcc/4.8.3-2014q1/bin/../lib/gcc/arm-none-eabi/4.8.3/../../../../arm-none-eabi/lib/armv7-m/libg.a(lib_a-__atexit.o)

Cross Reference Table

Symbol                                            File
ADC_Handler                                       ./build/core/core.a(cortex_handlers.c.o)
                                                  /home/spark/.arduino15/packages/arduino/hardware/sam/1.6.7/variants/arduino_due_x/libsam_sam3x8e_gcc_rel.a(startup_sam3xa.o)
BusFault_Handler                                  ./build/core/core.a(cortex_handlers.c.o)
                                                  /home/spark/.arduino15/packages/arduino/hardware/sam/1.6.7/variants/arduino_due_x/libsam_sam3x8e_gcc_rel.a(startup_sam3xa.o)
CAN0_Handler                                      ./build/core/core.a(cortex_handlers.c.o)
                                                  /home/spark/.arduino15/packages/arduino/hardware/sam/1.6.7/variants/arduino_due_x/libsam_sam3x8e_gcc_rel.a(startup_sam3xa.o)
CAN1_Handler                                      ./build/core/core.a(cortex_handlers.c.o)
                                                  /home/spark/.arduino15/packages/arduino/hardware/sam/1.6.7/variants/arduino_due_x/libsam_sam3x8e_gcc_rel.a(startup_sam3xa.o)
CDC_GetInterface(unsigned char*)                  ./build/core/core.a(CDC.cpp.o)
                                                  ./build/core/core.a(USBCore.cpp.o)
CDC_GetOtherInterface(unsigned char*)             ./build/core/core.a(CDC.cpp.o)
                                                  ./build/core/core.a(USBCore.cpp.o)
CDC_Setup(USBSetup&)                              ./build/core/core.a(CDC.cpp.o)
                                                  ./build/core/core.a(USBCore.cpp.o)
CO_ADC_temp                                       /home/spark/repos/waggle/coresensors/v3/pbay/coresense/build/sketch/coresense.ino.cpp.o
CO_LMP_temp                                       /home/spark/repos/waggle/coresensors/v3/pbay/coresense/build/sketch/coresense.ino.cpp.o
Carrier()                                         /home/spark/repos/waggle/coresensors/v3/pbay/coresense/build/sketch/coresense.ino.cpp.o
DACC_Handler                                      ./build/core/core.a(cortex_handlers.c.o)
                                                  /home/spark/.arduino15/packages/arduino/hardware/sam/1.6.7/variants/arduino_due_x/libsam_sam3x8e_gcc_rel.a(startup_sam3xa.o)
DMAC_Handler                                      ./build/core/core.a(cortex_handlers.c.o)
                                                  /home/spark/.arduino15/packages/arduino/hardware/sam/1.6.7/variants/arduino_due_x/libsam_sam3x8e_gcc_rel.a(startup_sam3xa.o)