Archive member included because of file (symbol)

/home/rajesh/.arduino15/packages/arduino/hardware/sam/1.6.6/variants/arduino_due_x/libsam_sam3x8e_gcc_rel.a(pio.o)
                              /media/rajesh/Bharadwaja/github/waggle/coresensors/v3/qa_testing/Airsense_Chemsense_powercontrol_test/coresense/build/libraries/Wire/Wire.cpp.o (PIO_Configure)
/home/rajesh/.arduino15/packages/arduino/hardware/sam/1.6.6/variants/arduino_due_x/libsam_sam3x8e_gcc_rel.a(pmc.o)
                              /media/rajesh/Bharadwaja/github/waggle/coresensors/v3/qa_testing/Airsense_Chemsense_powercontrol_test/coresense/build/libraries/Wire/Wire.cpp.o (pmc_enable_periph_clk)
/home/rajesh/.arduino15/packages/arduino/hardware/sam/1.6.6/variants/arduino_due_x/libsam_sam3x8e_gcc_rel.a(twi.o)
                              /media/rajesh/Bharadwaja/github/waggle/coresensors/v3/qa_testing/Airsense_Chemsense_powercontrol_test/coresense/build/libraries/Wire/Wire.cpp.o (TWI_SetClock)
/home/rajesh/.arduino15/packages/arduino/hardware/sam/1.6.6/variants/arduino_due_x/libsam_sam3x8e_gcc_rel.a(system_sam3xa.o)
                              /media/rajesh/Bharadwaja/github/waggle/coresensors/v3/qa_testing/Airsense_Chemsense_powercontrol_test/coresense/build/core/variant.cpp.o (SystemInit)
/home/rajesh/.arduino15/packages/arduino/hardware/sam/1.6.6/variants/arduino_due_x/libsam_sam3x8e_gcc_rel.a(startup_sam3xa.o)
                              (Reset_Handler)
/home/rajesh/.arduino15/packages/arduino/hardware/sam/1.6.6/variants/arduino_due_x/libsam_sam3x8e_gcc_rel.a(adc.o)
                              /media/rajesh/Bharadwaja/github/waggle/coresensors/v3/qa_testing/Airsense_Chemsense_powercontrol_test/coresense/build/core/variant.cpp.o (adc_init)
/home/rajesh/.arduino15/packages/arduino/hardware/sam/1.6.6/variants/arduino_due_x/libsam_sam3x8e_gcc_rel.a(uotghs.o)
                              /home/rajesh/.arduino15/packages/arduino/hardware/sam/1.6.6/variants/arduino_due_x/libsam_sam3x8e_gcc_rel.a(startup_sam3xa.o) (UOTGHS_Handler)
./build/core/core.a(WInterrupts.c.o)
                              /home/rajesh/.arduino15/packages/arduino/hardware/sam/1.6.6/variants/arduino_due_x/libsam_sam3x8e_gcc_rel.a(startup_sam3xa.o) (PIOA_Handler)
./build/core/core.a(cortex_handlers.c.o)
                              /home/rajesh/.arduino15/packages/arduino/hardware/sam/1.6.6/variants/arduino_due_x/libsam_sam3x8e_gcc_rel.a(startup_sam3xa.o) (NMI_Handler)
./build/core/core.a(hooks.c.o)
                              ./build/core/core.a(cortex_handlers.c.o) (sysTickHook)
./build/core/core.a(wiring.c.o)
                              /media/rajesh/Bharadwaja/github/waggle/coresensors/v3/qa_testing/Airsense_Chemsense_powercontrol_test/coresense/build/sketch/coresense.ino.cpp.o (delay)
./build/core/core.a(wiring_analog.c.o)
                              /media/rajesh/Bharadwaja/github/waggle/coresensors/v3/qa_testing/Airsense_Chemsense_powercontrol_test/coresense/build/core/variant.cpp.o (analogOutputInit)
./build/core/core.a(wiring_digital.c.o)
                              /media/rajesh/Bharadwaja/github/waggle/coresensors/v3/qa_testing/Airsense_Chemsense_powercontrol_test/coresense/build/sketch/coresense.ino.cpp.o (pinMode)
./build/core/core.a(Print.cpp.o)
                              /media/rajesh/Bharadwaja/github/waggle/coresensors/v3/qa_testing/Airsense_Chemsense_powercontrol_test/coresense/build/libraries/Wire/Wire.cpp.o (Print::write(unsigned char const*, unsigned int))
./build/core/core.a(Reset.cpp.o)
                              ./build/core/core.a(cortex_handlers.c.o) (tickReset)
./build/core/core.a(RingBuffer.cpp.o)
                              /media/rajesh/Bharadwaja/github/waggle/coresensors/v3/qa_testing/Airsense_Chemsense_powercontrol_test/coresense/build/core/variant.cpp.o (RingBuffer::RingBuffer())
./build/core/core.a(UARTClass.cpp.o)
                              /media/rajesh/Bharadwaja/github/waggle/coresensors/v3/qa_testing/Airsense_Chemsense_powercontrol_test/coresense/build/core/variant.cpp.o (UARTClass::available())
./build/core/core.a(USARTClass.cpp.o)
                              /media/rajesh/Bharadwaja/github/waggle/coresensors/v3/qa_testing/Airsense_Chemsense_powercontrol_test/coresense/build/core/variant.cpp.o (USARTClass::USARTClass(Usart*, IRQn, unsigned long, RingBuffer*, RingBuffer*))
./build/core/core.a(abi.cpp.o)
                              /media/rajesh/Bharadwaja/github/waggle/coresensors/v3/qa_testing/Airsense_Chemsense_powercontrol_test/coresense/build/libraries/Wire/Wire.cpp.o (__cxa_pure_virtual)
./build/core/core.a(main.cpp.o)
                              /media/rajesh/Bharadwaja/github/arduino-1.6.7/Atmel_SAM/packages/arduino/tools/arm-none-eabi-gcc/4.8.3-2014q1/bin/../lib/gcc/arm-none-eabi/4.8.3/../../../../arm-none-eabi/lib/armv7-m/crt0.o (main)
./build/core/core.a(watchdog.cpp.o)
                              ./build/core/core.a(main.cpp.o) (watchdogSetup())
./build/core/core.a(CDC.cpp.o)
[...]
Memory Configuration

Name             Origin             Length             Attributes
rom              0x0000000000080000 0x0000000000080000 xr
sram0            0x0000000020000000 0x0000000000010000 xrw
sram1            0x0000000020080000 0x0000000000008000 xrw
ram              0x0000000020070000 0x0000000000018000 xrw
*default*        0x0000000000000000 0xffffffffffffffff

Linker script and memory map

LOAD /media/rajesh/Bharadwaja/github/arduino-1.6.7/Atmel_SAM/packages/arduino/tools/arm-none-eabi-gcc/4.8.3-2014q1/bin/../lib/gcc/arm-none-eabi/4.8.3/armv7-m/crti.o
LOAD /media/rajesh/Bharadwaja/github/arduino-1.6.7/Atmel_SAM/packages/arduino/tools/arm-none-eabi-gcc/4.8.3-2014q1/bin/../lib/gcc/arm-none-eabi/4.8.3/armv7-m/crtbegin.o
LOAD /media/rajesh/Bharadwaja/github/arduino-1.6.7/Atmel_SAM/packages/arduino/tools/arm-none-eabi-gcc/4.8.3-2014q1/bin/../lib/gcc/arm-none-eabi/4.8.3/../../../../arm-none-eabi/lib/armv7-m/crt0.o
START GROUP
LOAD ./build/core/syscalls_sam3.c.o
LOAD /media/rajesh/Bharadwaja/github/waggle/coresensors/v3/qa_testing/Airsense_Chemsense_powercontrol_test/coresense/build/sketch/config.cpp.o
LOAD /media/rajesh/Bharadwaja/github/waggle/coresensors/v3/qa_testing/Airsense_Chemsense_powercontrol_test/coresense/build/sketch/coresense.ino.cpp.o
LOAD /media/rajesh/Bharadwaja/github/waggle/coresensors/v3/qa_testing/Airsense_Chemsense_powercontrol_test/coresense/build/libraries/Wire/Wire.cpp.o
LOAD /media/rajesh/Bharadwaja/github/waggle/coresensors/v3/qa_testing/Airsense_Chemsense_powercontrol_test/coresense/build/libraries/OneWire/OneWire.cpp.o
LOAD /media/rajesh/Bharadwaja/github/waggle/coresensors/v3/qa_testing/Airsense_Chemsense_powercontrol_test/coresense/build/core/variant.cpp.o
LOAD /home/rajesh/.arduino15/packages/arduino/hardware/sam/1.6.6/variants/arduino_due_x/libsam_sam3x8e_gcc_rel.a
LOAD ./build/core/core.a
END GROUP
LOAD /media/rajesh/Bharadwaja/github/arduino-1.6.7/Atmel_SAM/packages/arduino/tools/arm-none-eabi-gcc/4.8.3-2014q1/bin/../lib/gcc/arm-none-eabi/4.8.3/../../../../arm-none-eabi/lib/armv7-m/libm.a
START GROUP
LOAD /media/rajesh/Bharadwaja/github/arduino-1.6.7/Atmel_SAM/packages/arduino/tools/arm-none-eabi-gcc/4.8.3-2014q1/bin/../lib/gcc/arm-none-eabi/4.8.3/armv7-m/libgcc.a
LOAD /media/rajesh/Bharadwaja/github/arduino-1.6.7/Atmel_SAM/packages/arduino/tools/arm-none-eabi-gcc/4.8.3-2014q1/bin/../lib/gcc/arm-none-eabi/4.8.3/../../../../arm-none-eabi/lib/armv7-m/libg.a
LOAD /media/rajesh/Bharadwaja/github/arduino-1.6.7/Atmel_SAM/packages/arduino/tools/arm-none-eabi-gcc/4.8.3-2014q1/bin/../lib/gcc/arm-none-eabi/4.8.3/../../../../arm-none-eabi/lib/armv7-m/libc.a
END GROUP
LOAD /media/rajesh/Bharadwaja/github/arduino-1.6.7/Atmel_SAM/packages/arduino/tools/arm-none-eabi-gcc/4.8.3-2014q1/bin/../lib/gcc/arm-none-eabi/4.8.3/armv7-m/crtend.o
LOAD /media/rajesh/Bharadwaja/github/arduino-1.6.7/Atmel_SAM/packages/arduino/tools/arm-none-eabi-gcc/4.8.3-2014q1/bin/../lib/gcc/arm-none-eabi/4.8.3/armv7-m/crtn.o

.text           0x0000000000080000     0x6224
                0x0000000000080000                . = ALIGN (0x4)
                0x0000000000080000                _sfixed = .
 *(.vectors .vectors.*)
 .vectors       0x0000000000080000       0xf4 /home/rajesh/.arduino15/packages/arduino/hardware/sam/1.6.6/variants/arduino_due_x/libsam_sam3x8e_gcc_rel.a(startup_sam3xa.o)
                0x0000000000080000                exception_table
 *(.text .text.* .gnu.linkonce.t.*)
 .text          0x00000000000800f4       0x54 /media/rajesh/Bharadwaja/github/arduino-1.6.7/Atmel_SAM/packages/arduino/tools/arm-none-eabi-gcc/4.8.3-2014q1/bin/../lib/gcc/arm-none-eabi/4.8.3/armv7-m/crtbegin.o
 .text._sbrk    0x0000000000080148       0x1c ./build/core/syscalls_sam3.c.o
                0x0000000000080148                _sbrk
 .text._close   0x0000000000080164        0x6 ./build/core/syscalls_sam3.c.o
                0x0000000000080164                _close
 .text._fstat   0x000000000008016a        0xa ./build/core/syscalls_sam3.c.o
                0x000000000008016a                _fstat
 .text._isatty  0x0000000000080174        0x4 ./build/core/syscalls_sam3.c.o
                0x0000000000080174                _isatty
 .text._lseek   0x0000000000080178        0x4 ./build/core/syscalls_sam3.c.o
                0x0000000000080178                _lseek
 .text._read    0x000000000008017c        0x4 ./build/core/syscalls_sam3.c.o
                0x000000000008017c                _read
 .text._write   0x0000000000080180       0x24 ./build/core/syscalls_sam3.c.o
                0x0000000000080180                _write
 .text._exit    0x00000000000801a4       0x10 ./build/core/syscalls_sam3.c.o
                0x00000000000801a4                _exit
 .text._kill    0x00000000000801b4        0x2 ./build/core/syscalls_sam3.c.o
                0x00000000000801b4                _kill
 .text._getpid  0x00000000000801b6        0x6 ./build/core/syscalls_sam3.c.o
                0x00000000000801b6                _getpid
 .text._Z19initializecoresensev
                0x00000000000801bc       0x88 /media/rajesh/Bharadwaja/github/waggle/coresensors/v3/qa_testing/Airsense_Chemsense_powercontrol_test/coresense/build/sketch/coresense.ino.cpp.o
                0x00000000000801bc                initializecoresense()
 .text.setup    0x0000000000080244       0x34 /media/rajesh/Bharadwaja/github/waggle/coresensors/v3/qa_testing/Airsense_Chemsense_powercontrol_test/coresense/build/sketch/coresense.ino.cpp.o
                0x0000000000080244                setup
 .text.loop     0x0000000000080278       0xb0 /media/rajesh/Bharadwaja/github/waggle/coresensors/v3/qa_testing/Airsense_Chemsense_powercontrol_test/coresense/build/sketch/coresense.ino.cpp.o
                0x0000000000080278                loop
 .text.startup._GLOBAL__sub_I_MAC_ID
                0x0000000000080328        0xc /media/rajesh/Bharadwaja/github/waggle/coresensors/v3/qa_testing/Airsense_Chemsense_powercontrol_test/coresense/build/sketch/coresense.ino.cpp.o
 .text._ZN7TwoWire5writeEPKhj
                0x0000000000080334       0x50 /media/rajesh/Bharadwaja/github/waggle/coresensors/v3/qa_testing/Airsense_Chemsense_powercontrol_test/coresense/build/libraries/Wire/Wire.cpp.o
                0x0000000000080334                TwoWire::write(unsigned char const*, unsigned int)
 .text._ZN7TwoWire9availableEv
                0x0000000000080384        0xc /media/rajesh/Bharadwaja/github/waggle/coresensors/v3/qa_testing/Airsense_Chemsense_powercontrol_test/coresense/build/libraries/Wire/Wire.cpp.o
                0x0000000000080384                TwoWire::available()
 .text._ZN7TwoWire4readEv
                0x0000000000080390       0x1e /media/rajesh/Bharadwaja/github/waggle/coresensors/v3/qa_testing/Airsense_Chemsense_powercontrol_test/coresense/build/libraries/Wire/Wire.cpp.o
                0x0000000000080390                TwoWire::read()
 .text._ZN7TwoWire4peekEv
                0x00000000000803ae       0x16 /media/rajesh/Bharadwaja/github/waggle/coresensors/v3/qa_testing/Airsense_Chemsense_powercontrol_test/coresense/build/libraries/Wire/Wire.cpp.o
                0x00000000000803ae                TwoWire::peek()
 .text._ZN7TwoWire5flushEv
                0x00000000000803c4        0x2 /media/rajesh/Bharadwaja/github/waggle/coresensors/v3/qa_testing/Airsense_Chemsense_powercontrol_test/coresense/build/libraries/Wire/Wire.cpp.o
                0x00000000000803c4                TwoWire::flush()
 .text._ZN7TwoWire5writeEh
                0x00000000000803c6       0x3a /media/rajesh/Bharadwaja/github/waggle/coresensors/v3/qa_testing/Airsense_Chemsense_powercontrol_test/coresense/build/libraries/Wire/Wire.cpp.o
                0x00000000000803c6                TwoWire::write(unsigned char)
 .text._ZL9Wire_Initv
                0x0000000000080400       0x54 /media/rajesh/Bharadwaja/github/waggle/coresensors/v3/qa_testing/Airsense_Chemsense_powercontrol_test/coresense/build/libraries/Wire/Wire.cpp.o
 .text._ZL12Wire1_Deinitv
                0x0000000000080454       0x18 /media/rajesh/Bharadwaja/github/waggle/coresensors/v3/qa_testing/Airsense_Chemsense_powercontrol_test/coresense/build/libraries/Wire/Wire.cpp.o
 .text._ZL11Wire_Deinitv
                0x000000000008046c       0x18 /media/rajesh/Bharadwaja/github/waggle/coresensors/v3/qa_testing/Airsense_Chemsense_powercontrol_test/coresense/build/libraries/Wire/Wire.cpp.o
 .text._ZL10Wire1_Initv
                0x0000000000080484       0x54 /media/rajesh/Bharadwaja/github/waggle/coresensors/v3/qa_testing/Airsense_Chemsense_powercontrol_test/coresense/build/libraries/Wire/Wire.cpp.o
 .text._ZN7TwoWireC2EP3TwiPFvvES3_
                0x00000000000804d8       0x48 /media/rajesh/Bharadwaja/github/waggle/coresensors/v3/qa_testing/Airsense_Chemsense_powercontrol_test/coresense/build/libraries/Wire/Wire.cpp.o
                0x00000000000804d8                TwoWire::TwoWire(Twi*, void (*)(), void (*)())
                0x00000000000804d8                TwoWire::TwoWire(Twi*, void (*)(), void (*)())
 .text._ZN7TwoWire5beginEv
                0x0000000000080520       0x30 /media/rajesh/Bharadwaja/github/waggle/coresensors/v3/qa_testing/Airsense_Chemsense_powercontrol_test/coresense/build/libraries/Wire/Wire.cpp.o
                0x0000000000080520                TwoWire::begin()
 .text._ZN7TwoWire9onServiceEv
                0x0000000000080550      0x118 /media/rajesh/Bharadwaja/github/waggle/coresensors/v3/qa_testing/Airsense_Chemsense_powercontrol_test/coresense/build/libraries/Wire/Wire.cpp.o
                0x0000000000080550                TwoWire::onService()
 .text.TWI1_Handler
                0x0000000000080668        0xc /media/rajesh/Bharadwaja/github/waggle/coresensors/v3/qa_testing/Airsense_Chemsense_powercontrol_test/coresense/build/libraries/Wire/Wire.cpp.o
                0x0000000000080668                TWI1_Handler
 .text.TWI0_Handler
                0x0000000000080674        0xc /media/rajesh/Bharadwaja/github/waggle/coresensors/v3/qa_testing/Airsense_Chemsense_powercontrol_test/coresense/build/libraries/Wire/Wire.cpp.o
                0x0000000000080674                TWI0_Handler
 .text.startup._GLOBAL__sub_I__ZN7TwoWireC2EP3TwiPFvvES3_
                0x0000000000080680       0x40 /media/rajesh/Bharadwaja/github/waggle/coresensors/v3/qa_testing/Airsense_Chemsense_powercontrol_test/coresense/build/libraries/Wire/Wire.cpp.o
 .text._ZN7OneWire5resetEv
                0x00000000000806c0       0x5a /media/rajesh/Bharadwaja/github/waggle/coresensors/v3/qa_testing/Airsense_Chemsense_powercontrol_test/coresense/build/libraries/OneWire/OneWire.cpp.o
                0x00000000000806c0                OneWire::reset()
 .text._ZN7OneWire9write_bitEh
                0x000000000008071a       0x40 /media/rajesh/Bharadwaja/github/waggle/coresensors/v3/qa_testing/Airsense_Chemsense_powercontrol_test/coresense/build/libraries/OneWire/OneWire.cpp.o
                0x000000000008071a                OneWire::write_bit(unsigned char)
 .text._ZN7OneWire8read_bitEv
                0x000000000008075a       0x36 /media/rajesh/Bharadwaja/github/waggle/coresensors/v3/qa_testing/Airsense_Chemsense_powercontrol_test/coresense/build/libraries/OneWire/OneWire.cpp.o
                0x000000000008075a                OneWire::read_bit()
 .text._ZN7OneWire5writeEhh
                0x0000000000080790       0x3a /media/rajesh/Bharadwaja/github/waggle/coresensors/v3/qa_testing/Airsense_Chemsense_powercontrol_test/coresense/build/libraries/OneWire/OneWire.cpp.o
                0x0000000000080790                OneWire::write(unsigned char, unsigned char)
 .text._ZN7OneWire4readEv
                0x00000000000807ca       0x20 /media/rajesh/Bharadwaja/github/waggle/coresensors/v3/qa_testing/Airsense_Chemsense_powercontrol_test/coresense/build/libraries/OneWire/OneWire.cpp.o
                0x00000000000807ca                OneWire::read()
 .text._ZN7OneWire12reset_searchEv
                0x00000000000807ea       0x18 /media/rajesh/Bharadwaja/github/waggle/coresensors/v3/qa_testing/Airsense_Chemsense_powercontrol_test/coresense/build/libraries/OneWire/OneWire.cpp.o
                0x00000000000807ea                OneWire::reset_search()
 *fill*         0x0000000000080802        0x2 
 .text._ZN7OneWireC2Eh
                0x0000000000080804       0x2c /media/rajesh/Bharadwaja/github/waggle/coresensors/v3/qa_testing/Airsense_Chemsense_powercontrol_test/coresense/build/libraries/OneWire/OneWire.cpp.o
                0x0000000000080804                OneWire::OneWire(unsigned char)
                0x0000000000080804                OneWire::OneWire(unsigned char)
 .text._ZN7OneWire4crc8EPKhh
                0x0000000000080830       0x20 /media/rajesh/Bharadwaja/github/waggle/coresensors/v3/qa_testing/Airsense_Chemsense_powercontrol_test/coresense/build/libraries/OneWire/OneWire.cpp.o
                0x0000000000080830                OneWire::crc8(unsigned char const*, unsigned char)
 .text._Z11serialEventv
                0x0000000000080850        0x2 /media/rajesh/Bharadwaja/github/waggle/coresensors/v3/qa_testing/Airsense_Chemsense_powercontrol_test/coresense/build/core/variant.cpp.o
                0x0000000000080850                serialEvent()
 *fill*         0x0000000000080852        0x2 
 .text.UART_Handler
                0x0000000000080854        0xc /media/rajesh/Bharadwaja/github/waggle/coresensors/v3/qa_testing/Airsense_Chemsense_powercontrol_test/coresense/build/core/variant.cpp.o
                0x0000000000080854                UART_Handler
 .text._Z12serialEvent1v
                0x0000000000080860        0x2 /media/rajesh/Bharadwaja/github/waggle/coresensors/v3/qa_testing/Airsense_Chemsense_powercontrol_test/coresense/build/core/variant.cpp.o
                0x0000000000080860                serialEvent1()
 .text._Z12serialEvent2v
                0x0000000000080862        0x2 /media/rajesh/Bharadwaja/github/waggle/coresensors/v3/qa_testing/Airsense_Chemsense_powercontrol_test/coresense/build/core/variant.cpp.o
                0x0000000000080862                serialEvent2()
 .text._Z12serialEvent3v
                0x0000000000080864        0x2 /media/rajesh/Bharadwaja/github/waggle/coresensors/v3/qa_testing/Airsense_Chemsense_powercontrol_test/coresense/build/core/variant.cpp.o
                0x0000000000080864                serialEvent3()
 *fill*         0x0000000000080866        0x2 
 .text.USART0_Handler
                0x0000000000080868        0xc /media/rajesh/Bharadwaja/github/waggle/coresensors/v3/qa_testing/Airsense_Chemsense_powercontrol_test/coresense/build/core/variant.cpp.o
                0x0000000000080868                USART0_Handler
 .text.USART1_Handler
                0x0000000000080874        0xc /media/rajesh/Bharadwaja/github/waggle/coresensors/v3/qa_testing/Airsense_Chemsense_powercontrol_test/coresense/build/core/variant.cpp.o
                0x0000000000080874                USART1_Handler
 .text.USART3_Handler
                0x0000000000080880        0xc /media/rajesh/Bharadwaja/github/waggle/coresensors/v3/qa_testing/Airsense_Chemsense_powercontrol_test/coresense/build/core/variant.cpp.o
                0x0000000000080880                USART3_Handler
 .text.init     0x000000000008088c      0x128 /media/rajesh/Bharadwaja/github/waggle/coresensors/v3/qa_testing/Airsense_Chemsense_powercontrol_test/coresense/build/core/variant.cpp.o
                0x000000000008088c                init
 .text.startup._GLOBAL__sub_I_g_APinDescription
                0x00000000000809b4       0xd4 /media/rajesh/Bharadwaja/github/waggle/coresensors/v3/qa_testing/Airsense_Chemsense_powercontrol_test/coresense/build/core/variant.cpp.o
 .text._Z14serialEventRunv
                0x0000000000080a88       0x44 /media/rajesh/Bharadwaja/github/waggle/coresensors/v3/qa_testing/Airsense_Chemsense_powercontrol_test/coresense/build/core/variant.cpp.o
                0x0000000000080a88                serialEventRun()
 .text.PIO_PullUp
                0x0000000000080acc        0xa /home/rajesh/.arduino15/packages/arduino/hardware/sam/1.6.6/variants/arduino_due_x/libsam_sam3x8e_gcc_rel.a(pio.o)
                0x0000000000080acc                PIO_PullUp
 .text.PIO_SetPeripheral
                0x0000000000080ad6       0x26 /home/rajesh/.arduino15/packages/arduino/hardware/sam/1.6.6/variants/arduino_due_x/libsam_sam3x8e_gcc_rel.a(pio.o)
                0x0000000000080ad6                PIO_SetPeripheral
 .text.PIO_SetInput
                0x0000000000080afc       0x26 /home/rajesh/.arduino15/packages/arduino/hardware/sam/1.6.6/variants/arduino_due_x/libsam_sam3x8e_gcc_rel.a(pio.o)
                0x0000000000080afc                PIO_SetInput
 .text.PIO_SetOutput
                0x0000000000080b22       0x24 /home/rajesh/.arduino15/packages/arduino/hardware/sam/1.6.6/variants/arduino_due_x/libsam_sam3x8e_gcc_rel.a(pio.o)
                0x0000000000080b22                PIO_SetOutput
 *fill*         0x0000000000080b46        0x2 
 .text.PIO_Configure
                0x0000000000080b48       0x64 /home/rajesh/.arduino15/packages/arduino/hardware/sam/1.6.6/variants/arduino_due_x/libsam_sam3x8e_gcc_rel.a(pio.o)
                0x0000000000080b48                PIO_Configure
 .text.PIO_GetOutputDataStatus
                0x0000000000080bac       0x14 /home/rajesh/.arduino15/packages/arduino/hardware/sam/1.6.6/variants/arduino_due_x/libsam_sam3x8e_gcc_rel.a(pio.o)
                0x0000000000080bac                PIO_GetOutputDataStatus
 .text.pmc_enable_upll_clock
                0x0000000000080bc0       0x14 /home/rajesh/.arduino15/packages/arduino/hardware/sam/1.6.6/variants/arduino_due_x/libsam_sam3x8e_gcc_rel.a(pmc.o)
                0x0000000000080bc0                pmc_enable_upll_clock
 .text.pmc_enable_periph_clk
                0x0000000000080bd4       0x44 /home/rajesh/.arduino15/packages/arduino/hardware/sam/1.6.6/variants/arduino_due_x/libsam_sam3x8e_gcc_rel.a(pmc.o)
                0x0000000000080bd4                pmc_enable_periph_clk
 .text.pmc_disable_periph_clk
                0x0000000000080c18       0x40 /home/rajesh/.arduino15/packages/arduino/hardware/sam/1.6.6/variants/arduino_due_x/libsam_sam3x8e_gcc_rel.a(pmc.o)
                0x0000000000080c18                pmc_disable_periph_clk
 .text.pmc_switch_udpck_to_upllck
                0x0000000000080c58       0x14 /home/rajesh/.arduino15/packages/arduino/hardware/sam/1.6.6/variants/arduino_due_x/libsam_sam3x8e_gcc_rel.a(pmc.o)
                0x0000000000080c58                pmc_switch_udpck_to_upllck
 .text.pmc_enable_udpck
                0x0000000000080c6c        0xc /home/rajesh/.arduino15/packages/arduino/hardware/sam/1.6.6/variants/arduino_due_x/libsam_sam3x8e_gcc_rel.a(pmc.o)
                0x0000000000080c6c                pmc_enable_udpck
 .text.TWI_SetClock
                0x0000000000080c78       0x58 /home/rajesh/.arduino15/packages/arduino/hardware/sam/1.6.6/variants/arduino_due_x/libsam_sam3x8e_gcc_rel.a(twi.o)
                0x0000000000080c78                TWI_SetClock
 .text.TWI_Disable
                0x0000000000080cd0       0x2c /home/rajesh/.arduino15/packages/arduino/hardware/sam/1.6.6/variants/arduino_due_x/libsam_sam3x8e_gcc_rel.a(twi.o)
                0x0000000000080cd0                TWI_Disable
 .text.TWI_ConfigureMaster
                0x0000000000080cfc       0x48 /home/rajesh/.arduino15/packages/arduino/hardware/sam/1.6.6/variants/arduino_due_x/libsam_sam3x8e_gcc_rel.a(twi.o)
                0x0000000000080cfc                TWI_ConfigureMaster
 .text.TWI_ReadByte
                0x0000000000080d44       0x28 /home/rajesh/.arduino15/packages/arduino/hardware/sam/1.6.6/variants/arduino_due_x/libsam_sam3x8e_gcc_rel.a(twi.o)
                0x0000000000080d44                TWI_ReadByte
 .text.TWI_WriteByte
                0x0000000000080d6c       0x24 /home/rajesh/.arduino15/packages/arduino/hardware/sam/1.6.6/variants/arduino_due_x/libsam_sam3x8e_gcc_rel.a(twi.o)
                0x0000000000080d6c                TWI_WriteByte
 .text.TWI_EnableIt
                0x0000000000080d90       0x40 /home/rajesh/.arduino15/packages/arduino/hardware/sam/1.6.6/variants/arduino_due_x/libsam_sam3x8e_gcc_rel.a(twi.o)
                0x0000000000080d90                TWI_EnableIt
 .text.TWI_DisableIt
                0x0000000000080dd0       0x40 /home/rajesh/.arduino15/packages/arduino/hardware/sam/1.6.6/variants/arduino_due_x/libsam_sam3x8e_gcc_rel.a(twi.o)
                0x0000000000080dd0                TWI_DisableIt
 .text.TWI_GetStatus
                0x0000000000080e10       0x28 /home/rajesh/.arduino15/packages/arduino/hardware/sam/1.6.6/variants/arduino_due_x/libsam_sam3x8e_gcc_rel.a(twi.o)
                0x0000000000080e10                TWI_GetStatus
 .text.SystemInit
                0x0000000000080e38       0x88 /home/rajesh/.arduino15/packages/arduino/hardware/sam/1.6.6/variants/arduino_due_x/libsam_sam3x8e_gcc_rel.a(system_sam3xa.o)
                0x0000000000080e38                SystemInit
 .text.Reset_Handler
                0x0000000000080ec0       0x78 /home/rajesh/.arduino15/packages/arduino/hardware/sam/1.6.6/variants/arduino_due_x/libsam_sam3x8e_gcc_rel.a(startup_sam3xa.o)
                0x0000000000080ec0                Reset_Handler
 .text.adc_init
                0x0000000000080f38       0x98 /home/rajesh/.arduino15/packages/arduino/hardware/sam/1.6.6/variants/arduino_due_x/libsam_sam3x8e_gcc_rel.a(adc.o)
                0x0000000000080f38                adc_init
 .text.adc_configure_trigger
                0x0000000000080fd0        0xe /home/rajesh/.arduino15/packages/arduino/hardware/sam/1.6.6/variants/arduino_due_x/libsam_sam3x8e_gcc_rel.a(adc.o)
                0x0000000000080fd0                adc_configure_trigger
 .text.adc_configure_timing
                0x0000000000080fde       0x1a /home/rajesh/.arduino15/packages/arduino/hardware/sam/1.6.6/variants/arduino_due_x/libsam_sam3x8e_gcc_rel.a(adc.o)
                0x0000000000080fde                adc_configure_timing
 .text.adc_disable_all_channel
                0x0000000000080ff8        0x8 /home/rajesh/.arduino15/packages/arduino/hardware/sam/1.6.6/variants/arduino_due_x/libsam_sam3x8e_gcc_rel.a(adc.o)
                0x0000000000080ff8                adc_disable_all_channel
 .text.adc_disable_interrupt
                0x0000000000081000        0x4 /home/rajesh/.arduino15/packages/arduino/hardware/sam/1.6.6/variants/arduino_due_x/libsam_sam3x8e_gcc_rel.a(adc.o)
                0x0000000000081000                adc_disable_interrupt
 .text.UOTGHS_Handler
                0x0000000000081004       0x10 /home/rajesh/.arduino15/packages/arduino/hardware/sam/1.6.6/variants/arduino_due_x/libsam_sam3x8e_gcc_rel.a(uotghs.o)
                0x0000000000081004                UOTGHS_Handler
 .text.PIOA_Handler
                0x0000000000081014       0x28 ./build/core/core.a(WInterrupts.c.o)
                0x0000000000081014                PIOA_Handler
 .text.PIOB_Handler
                0x000000000008103c       0x28 ./build/core/core.a(WInterrupts.c.o)
                0x000000000008103c                PIOB_Handler
 .text.PIOC_Handler
                0x0000000000081064       0x28 ./build/core/core.a(WInterrupts.c.o)
                0x0000000000081064                PIOC_Handler
 .text.PIOD_Handler
                0x000000000008108c       0x28 ./build/core/core.a(WInterrupts.c.o)
                0x000000000008108c                PIOD_Handler
 .text.__halt   0x00000000000810b4        0x2 ./build/core/core.a(cortex_handlers.c.o)
                0x00000000000810b4                DACC_Handler
                0x00000000000810b4                DebugMon_Handler
                0x00000000000810b4                DMAC_Handler
                0x00000000000810b4                TRNG_Handler
                0x00000000000810b4                HardFault_Handler
                0x00000000000810b4                TC2_Handler
                0x00000000000810b4                NMI_Handler
                0x00000000000810b4                TC7_Handler
                0x00000000000810b4                ADC_Handler
                0x00000000000810b4                SMC_Handler
                0x00000000000810b4                RTT_Handler
                0x00000000000810b4                EFC1_Handler
                0x00000000000810b4                RTC_Handler
                0x00000000000810b4                UsageFault_Handler
                0x00000000000810b4                TC6_Handler
                0x00000000000810b4                WDT_Handler
                0x00000000000810b4                CAN0_Handler
                0x00000000000810b4                TC4_Handler
                0x00000000000810b4                TC1_Handler
                0x00000000000810b4                HSMCI_Handler
                0x00000000000810b4                TC3_Handler
                0x00000000000810b4                SSC_Handler
                0x00000000000810b4                EFC0_Handler
                0x00000000000810b4                PMC_Handler
                0x00000000000810b4                PWM_Handler
                0x00000000000810b4                CAN1_Handler
                0x00000000000810b4                MemManage_Handler
                0x00000000000810b4                SUPC_Handler
                0x00000000000810b4                TC8_Handler
                0x00000000000810b4                USART2_Handler
                0x00000000000810b4                EMAC_Handler
                0x00000000000810b4                BusFault_Handler
                0x00000000000810b4                RSTC_Handler
                0x00000000000810b4                TC0_Handler
                0x00000000000810b4                TC5_Handler
                0x00000000000810b4                SPI0_Handler
 .text.SVC_Handler
                0x00000000000810b6        0x4 ./build/core/core.a(cortex_handlers.c.o)
                0x00000000000810b6                SVC_Handler
 .text.PendSV_Handler
                0x00000000000810ba        0x4 ./build/core/core.a(cortex_handlers.c.o)
                0x00000000000810ba                PendSV_Handler
 .text.SysTick_Handler
                0x00000000000810be       0x16 ./build/core/core.a(cortex_handlers.c.o)
                0x00000000000810be                SysTick_Handler
 .text.__empty  0x00000000000810d4        0x2 ./build/core/core.a(hooks.c.o)
                0x00000000000810d4                yield
 .text.__false  0x00000000000810d6        0x4 ./build/core/core.a(hooks.c.o)
                0x00000000000810d6                sysTickHook
 .text.__halt   0x00000000000810da        0x2 ./build/core/core.a(hooks.c.o)
                0x00000000000810da                pendSVHook
                0x00000000000810da                svcHook
 .text.delay    0x00000000000810dc       0x1c ./build/core/core.a(wiring.c.o)
                0x00000000000810dc                delay
 .text.analogOutputInit
                0x00000000000810f8       0x14 ./build/core/core.a(wiring_analog.c.o)
                0x00000000000810f8                analogOutputInit
 .text.pinMode  0x000000000008110c       0x64 ./build/core/core.a(wiring_digital.c.o)
                0x000000000008110c                pinMode
 .text.digitalWrite
                0x0000000000081170       0x48 ./build/core/core.a(wiring_digital.c.o)
                0x0000000000081170                digitalWrite
 .text._ZN5Print5writeEPKhj
                0x00000000000811b8       0x22 ./build/core/core.a(Print.cpp.o)
                0x00000000000811b8                Print::write(unsigned char const*, unsigned int)
 .text._ZN5Print5writeEPKc
                0x00000000000811da       0x1e ./build/core/core.a(Print.cpp.o)
                0x00000000000811da                Print::write(char const*)
 .text._ZN5Print5printEPKc
                0x00000000000811f8        0x8 ./build/core/core.a(Print.cpp.o)
                0x00000000000811f8                Print::print(char const*)
 .text._ZN5Print7printlnEv
                0x0000000000081200       0x10 ./build/core/core.a(Print.cpp.o)
                0x0000000000081200                Print::println()
 .text._ZN5Print7printlnEPKc
                0x0000000000081210       0x14 ./build/core/core.a(Print.cpp.o)
                0x0000000000081210                Print::println(char const*)
 .text._ZN5Print11printNumberEmh
                0x0000000000081224       0x3c ./build/core/core.a(Print.cpp.o)
                0x0000000000081224                Print::printNumber(unsigned long, unsigned char)
 .text._ZN5Print5printEmi
                0x0000000000081260       0x18 ./build/core/core.a(Print.cpp.o)
                0x0000000000081260                Print::print(unsigned long, int)
 .text._ZN5Print5printEhi
                0x0000000000081278        0x4 ./build/core/core.a(Print.cpp.o)
                0x0000000000081278                Print::print(unsigned char, int)
 .text.initiateReset
                0x000000000008127c        0xc ./build/core/core.a(Reset.cpp.o)
                0x000000000008127c                initiateReset
 .text.cancelReset
                0x0000000000081288       0x10 ./build/core/core.a(Reset.cpp.o)
                0x0000000000081288                cancelReset
 .text.tickReset
                0x0000000000081298       0x20 ./build/core/core.a(Reset.cpp.o)
                0x0000000000081298                tickReset
 .text._ZN10RingBufferC2Ev
                0x00000000000812b8       0x1a ./build/core/core.a(RingBuffer.cpp.o)
                0x00000000000812b8                RingBuffer::RingBuffer()
                0x00000000000812b8                RingBuffer::RingBuffer()
 .text._ZN10RingBuffer10store_charEh
                0x00000000000812d2       0x1e ./build/core/core.a(RingBuffer.cpp.o)
                0x00000000000812d2                RingBuffer::store_char(unsigned char)
 .text._ZN9UARTClasscvbEv
                0x00000000000812f0        0x4 ./build/core/core.a(UARTClass.cpp.o)
                0x00000000000812f0                UARTClass::operator bool()
 .text._ZN9UARTClass9availableEv
                0x00000000000812f4       0x12 ./build/core/core.a(UARTClass.cpp.o)
                0x00000000000812f4                UARTClass::available()
 .text._ZN9UARTClass4peekEv
                0x0000000000081306       0x1c ./build/core/core.a(UARTClass.cpp.o)
                0x0000000000081306                UARTClass::peek()
 .text._ZN9UARTClass4readEv
                0x0000000000081322       0x2a ./build/core/core.a(UARTClass.cpp.o)
                0x0000000000081322                UARTClass::read()
 .text._ZN9UARTClass5flushEv
                0x000000000008134c       0x18 ./build/core/core.a(UARTClass.cpp.o)
                0x000000000008134c                UARTClass::flush()
 .text._ZN9UARTClass5writeEh
                0x0000000000081364       0x54 ./build/core/core.a(UARTClass.cpp.o)
                0x0000000000081364                UARTClass::write(unsigned char)
 .text._ZN9UARTClass3endEv
                0x00000000000813b8       0x3c ./build/core/core.a(UARTClass.cpp.o)
                0x00000000000813b8                UARTClass::end()
 .text._ZN9UARTClassC2EP4Uart4IRQnmP10RingBufferS4_
                0x00000000000813f4       0x24 ./build/core/core.a(UARTClass.cpp.o)
                0x00000000000813f4                UARTClass::UARTClass(Uart*, IRQn, unsigned long, RingBuffer*, RingBuffer*)
                0x00000000000813f4                UARTClass::UARTClass(Uart*, IRQn, unsigned long, RingBuffer*, RingBuffer*)
 .text._ZN9UARTClass4initEmm
                0x0000000000081418       0x70 ./build/core/core.a(UARTClass.cpp.o)
                0x0000000000081418                UARTClass::init(unsigned long, unsigned long)
 .text._ZN9UARTClass5beginEm
                0x0000000000081488        0x8 ./build/core/core.a(UARTClass.cpp.o)
                0x0000000000081488                UARTClass::begin(unsigned long)
 .text._ZN9UARTClass10IrqHandlerEv
                0x0000000000081490       0x5a ./build/core/core.a(UARTClass.cpp.o)
                0x0000000000081490                UARTClass::IrqHandler()
 .text._ZN10USARTClass5beginEm
                0x00000000000814ea        0x8 ./build/core/core.a(USARTClass.cpp.o)
                0x00000000000814ea                USARTClass::begin(unsigned long)
 *fill*         0x00000000000814f2        0x2 
 .text._ZN10USARTClassC2EP5Usart4IRQnmP10RingBufferS4_
                0x00000000000814f4       0x24 ./build/core/core.a(USARTClass.cpp.o)
                0x00000000000814f4                USARTClass::USARTClass(Usart*, IRQn, unsigned long, RingBuffer*, RingBuffer*)
                0x00000000000814f4                USARTClass::USARTClass(Usart*, IRQn, unsigned long, RingBuffer*, RingBuffer*)
 .text.initVariant
                0x0000000000081518        0x2 ./build/core/core.a(main.cpp.o)
                0x0000000000081518                initVariant
 *fill*         0x000000000008151a        0x2 
 .text.startup.main
                0x000000000008151c       0x38 ./build/core/core.a(main.cpp.o)
                0x000000000008151c                main
 .text._watchdogDefaultSetup
                0x0000000000081554        0xc ./build/core/core.a(watchdog.cpp.o)
                0x0000000000081554                watchdogSetup()
                0x0000000000081554                _watchdogDefaultSetup
 .text._ZN7Serial_9availableEv
                0x0000000000081560       0x18 ./build/core/core.a(CDC.cpp.o)
                0x0000000000081560                Serial_::available()
 .text._ZN7Serial_4peekEv
                0x0000000000081578       0x20 ./build/core/core.a(CDC.cpp.o)
                0x0000000000081578                Serial_::peek()
 .text._ZN7Serial_5writeEh
                0x0000000000081598       0x16 ./build/core/core.a(CDC.cpp.o)
                0x0000000000081598                Serial_::write(unsigned char)
 *fill*         0x00000000000815ae        0x2 
 .text._ZN7Serial_4readEv
                0x00000000000815b0       0x44 ./build/core/core.a(CDC.cpp.o)
                0x00000000000815b0                Serial_::read()
 .text._ZN7Serial_5flushEv
                0x00000000000815f4        0x6 ./build/core/core.a(CDC.cpp.o)
                0x00000000000815f4                Serial_::flush()
 *fill*         0x00000000000815fa        0x2 
 .text._ZN7Serial_6acceptEv
                0x00000000000815fc       0x70 ./build/core/core.a(CDC.cpp.o)
                0x00000000000815fc                Serial_::accept()
 .text._ZN7Serial_5writeEPKhj
                0x000000000008166c       0x2c ./build/core/core.a(CDC.cpp.o)
                0x000000000008166c                Serial_::write(unsigned char const*, unsigned int)
 .text._Z16CDC_GetInterfacePh
                0x0000000000081698       0x14 ./build/core/core.a(CDC.cpp.o)
                0x0000000000081698                CDC_GetInterface(unsigned char*)
 .text._Z21CDC_GetOtherInterfacePh
                0x00000000000816ac       0x14 ./build/core/core.a(CDC.cpp.o)
                0x00000000000816ac                CDC_GetOtherInterface(unsigned char*)
 .text._Z9CDC_SetupR8USBSetup
                0x00000000000816c0       0x64 ./build/core/core.a(CDC.cpp.o)
                0x00000000000816c0                CDC_Setup(USBSetup&)
 .text._ZN7Serial_5beginEm
                0x0000000000081724        0x2 ./build/core/core.a(CDC.cpp.o)
                0x0000000000081724                Serial_::begin(unsigned long)
 *fill*         0x0000000000081726        0x2 
 .text.startup._GLOBAL__sub_I_cdc_rx_buffer
                0x0000000000081728       0x1c ./build/core/core.a(CDC.cpp.o)
 .text.unlikely._ZL11USB_SendZlpv
                0x0000000000081744       0x20 ./build/core/core.a(USBCore.cpp.o)
 .text._Z14USBD_Availablem
                0x0000000000081764       0x2c ./build/core/core.a(USBCore.cpp.o)
                0x0000000000081764                USBD_Available(unsigned long)
 .text._Z9USBD_RecvmPvm
                0x0000000000081790       0x7c ./build/core/core.a(USBCore.cpp.o)
                0x0000000000081790                USBD_Recv(unsigned long, void*, unsigned long)
 .text._Z9USBD_Recvm
                0x000000000008180c       0x22 ./build/core/core.a(USBCore.cpp.o)
                0x000000000008180c                USBD_Recv(unsigned long)
 *fill*         0x000000000008182e        0x2 
 .text._Z9USBD_SendmPKvm
                0x0000000000081830       0x4c ./build/core/core.a(USBCore.cpp.o)
                0x0000000000081830                USBD_Send(unsigned long, void const*, unsigned long)
 .text._Z16USBD_SendControlhPKvm
                0x000000000008187c       0x40 ./build/core/core.a(USBCore.cpp.o)
                0x000000000008187c                USBD_SendControl(unsigned char, void const*, unsigned long)
 .text.unlikely._ZL24USB_SendStringDescriptorPKhi
                0x00000000000818bc       0x38 ./build/core/core.a(USBCore.cpp.o)
 .text._Z16USBD_RecvControlPvm
                0x00000000000818f4       0x1c ./build/core/core.a(USBCore.cpp.o)
                0x00000000000818f4                USBD_RecvControl(void*, unsigned long)
 .text._Z26USBD_ClassInterfaceRequestR8USBSetup
                0x0000000000081910       0x1e ./build/core/core.a(USBCore.cpp.o)
                0x0000000000081910                USBD_ClassInterfaceRequest(USBSetup&)
 .text._Z19USBD_SendInterfacesv
                0x000000000008192e       0x22 ./build/core/core.a(USBCore.cpp.o)
                0x000000000008192e                USBD_SendInterfaces()
 .text._Z24USBD_SendOtherInterfacesv
                0x0000000000081950       0x22 ./build/core/core.a(USBCore.cpp.o)
                0x0000000000081950                USBD_SendOtherInterfaces()
 .text._Z10USBD_Flushm
                0x0000000000081972       0x16 ./build/core/core.a(USBCore.cpp.o)
                0x0000000000081972                USBD_Flush(unsigned long)
 .text._ZN10USBDevice_C2Ev
                0x0000000000081988       0x24 ./build/core/core.a(USBCore.cpp.o)
                0x0000000000081988                USBDevice_::USBDevice_()
                0x0000000000081988                USBDevice_::USBDevice_()
 .text._ZN10USBDevice_6attachEv
                0x00000000000819ac       0x20 ./build/core/core.a(USBCore.cpp.o)
                0x00000000000819ac                USBDevice_::attach()
 .text.startup._GLOBAL__sub_I_EndPoints
                0x00000000000819cc        0xc ./build/core/core.a(USBCore.cpp.o)
 .text._ZL7USB_ISRv
                0x00000000000819d8      0x454 ./build/core/core.a(USBCore.cpp.o)
 .text._ZN13PluggableUSB_12getInterfaceEPh
                0x0000000000081e2c       0x28 ./build/core/core.a(PluggableUSB.cpp.o)
                0x0000000000081e2c                PluggableUSB_::getInterface(unsigned char*)
 .text._ZN13PluggableUSB_13getDescriptorER8USBSetup
                0x0000000000081e54       0x1c ./build/core/core.a(PluggableUSB.cpp.o)
                0x0000000000081e54                PluggableUSB_::getDescriptor(USBSetup&)
 .text._ZN13PluggableUSB_12getShortNameEPc
                0x0000000000081e70       0x1c ./build/core/core.a(PluggableUSB.cpp.o)
                0x0000000000081e70                PluggableUSB_::getShortName(char*)
 .text._ZN13PluggableUSB_5setupER8USBSetup
                0x0000000000081e8c       0x20 ./build/core/core.a(PluggableUSB.cpp.o)
                0x0000000000081e8c                PluggableUSB_::setup(USBSetup&)
 .text._Z12PluggableUSBv
                0x0000000000081eac       0x28 ./build/core/core.a(PluggableUSB.cpp.o)
                0x0000000000081eac                PluggableUSB()
 .text.TimeTick_Increment
                0x0000000000081ed4       0x10 /home/rajesh/.arduino15/packages/arduino/hardware/sam/1.6.6/variants/arduino_due_x/libsam_sam3x8e_gcc_rel.a(timetick.o)
                0x0000000000081ed4                TimeTick_Increment
 .text.GetTickCount
                0x0000000000081ee4        0xc /home/rajesh/.arduino15/packages/arduino/hardware/sam/1.6.6/variants/arduino_due_x/libsam_sam3x8e_gcc_rel.a(timetick.o)
                0x0000000000081ee4                GetTickCount
 .text.WDT_Disable
                0x0000000000081ef0        0x8 /home/rajesh/.arduino15/packages/arduino/hardware/sam/1.6.6/variants/arduino_due_x/libsam_sam3x8e_gcc_rel.a(wdt.o)
                0x0000000000081ef0                WDT_Disable
 .text.UDD_SetStack
                0x0000000000081ef8        0xc /home/rajesh/.arduino15/packages/arduino/hardware/sam/1.6.6/variants/arduino_due_x/libsam_sam3x8e_gcc_rel.a(uotghs_device.o)
                0x0000000000081ef8                UDD_SetStack
 .text.UDD_Init
                0x0000000000081f04       0xd0 /home/rajesh/.arduino15/packages/arduino/hardware/sam/1.6.6/variants/arduino_due_x/libsam_sam3x8e_gcc_rel.a(uotghs_device.o)
                0x0000000000081f04                UDD_Init
 .text.UDD_Attach
                0x0000000000081fd4       0x50 /home/rajesh/.arduino15/packages/arduino/hardware/sam/1.6.6/variants/arduino_due_x/libsam_sam3x8e_gcc_rel.a(uotghs_device.o)
                0x0000000000081fd4                UDD_Attach
 .text.UDD_InitEP
                0x0000000000082024       0x2c /home/rajesh/.arduino15/packages/arduino/hardware/sam/1.6.6/variants/arduino_due_x/libsam_sam3x8e_gcc_rel.a(uotghs_device.o)
                0x0000000000082024                UDD_InitEP
 .text.UDD_InitEndpoints
                0x0000000000082050       0x3c /home/rajesh/.arduino15/packages/arduino/hardware/sam/1.6.6/variants/arduino_due_x/libsam_sam3x8e_gcc_rel.a(uotghs_device.o)
                0x0000000000082050                UDD_InitEndpoints
 .text.UDD_WaitIN
                0x000000000008208c       0x10 /home/rajesh/.arduino15/packages/arduino/hardware/sam/1.6.6/variants/arduino_due_x/libsam_sam3x8e_gcc_rel.a(uotghs_device.o)
                0x000000000008208c                UDD_WaitIN
 .text.UDD_WaitOUT
                0x000000000008209c       0x10 /home/rajesh/.arduino15/packages/arduino/hardware/sam/1.6.6/variants/arduino_due_x/libsam_sam3x8e_gcc_rel.a(uotghs_device.o)
                0x000000000008209c                UDD_WaitOUT
 .text.UDD_ClearIN
                0x00000000000820ac       0x18 /home/rajesh/.arduino15/packages/arduino/hardware/sam/1.6.6/variants/arduino_due_x/libsam_sam3x8e_gcc_rel.a(uotghs_device.o)
                0x00000000000820ac                UDD_ClearIN
 .text.UDD_ClearOUT
                0x00000000000820c4       0x18 /home/rajesh/.arduino15/packages/arduino/hardware/sam/1.6.6/variants/arduino_due_x/libsam_sam3x8e_gcc_rel.a(uotghs_device.o)
                0x00000000000820c4                UDD_ClearOUT
 .text.UDD_ReceivedSetupInt
                0x00000000000820dc       0x10 /home/rajesh/.arduino15/packages/arduino/hardware/sam/1.6.6/variants/arduino_due_x/libsam_sam3x8e_gcc_rel.a(uotghs_device.o)
                0x00000000000820dc                UDD_ReceivedSetupInt
 .text.UDD_ClearSetupInt
                0x00000000000820ec       0x10 /home/rajesh/.arduino15/packages/arduino/hardware/sam/1.6.6/variants/arduino_due_x/libsam_sam3x8e_gcc_rel.a(uotghs_device.o)
                0x00000000000820ec                UDD_ClearSetupInt
 .text.UDD_Send
                0x00000000000820fc       0x88 /home/rajesh/.arduino15/packages/arduino/hardware/sam/1.6.6/variants/arduino_due_x/libsam_sam3x8e_gcc_rel.a(uotghs_device.o)
                0x00000000000820fc                UDD_Send
 .text.UDD_Send8
                0x0000000000082184       0x24 /home/rajesh/.arduino15/packages/arduino/hardware/sam/1.6.6/variants/arduino_due_x/libsam_sam3x8e_gcc_rel.a(uotghs_device.o)
                0x0000000000082184                UDD_Send8
 .text.UDD_Recv8
                0x00000000000821a8       0x28 /home/rajesh/.arduino15/packages/arduino/hardware/sam/1.6.6/variants/arduino_due_x/libsam_sam3x8e_gcc_rel.a(uotghs_device.o)
                0x00000000000821a8                UDD_Recv8
 .text.UDD_Recv
                0x00000000000821d0       0x34 /home/rajesh/.arduino15/packages/arduino/hardware/sam/1.6.6/variants/arduino_due_x/libsam_sam3x8e_gcc_rel.a(uotghs_device.o)
                0x00000000000821d0                UDD_Recv
 .text.UDD_Stall
                0x0000000000082204       0x14 /home/rajesh/.arduino15/packages/arduino/hardware/sam/1.6.6/variants/arduino_due_x/libsam_sam3x8e_gcc_rel.a(uotghs_device.o)
                0x0000000000082204                UDD_Stall
 .text.UDD_FifoByteCount
                0x0000000000082218       0x14 /home/rajesh/.arduino15/packages/arduino/hardware/sam/1.6.6/variants/arduino_due_x/libsam_sam3x8e_gcc_rel.a(uotghs_device.o)
                0x0000000000082218                UDD_FifoByteCount
 .text.UDD_ReleaseRX
                0x000000000008222c       0x28 /home/rajesh/.arduino15/packages/arduino/hardware/sam/1.6.6/variants/arduino_due_x/libsam_sam3x8e_gcc_rel.a(uotghs_device.o)
                0x000000000008222c                UDD_ReleaseRX
 .text.UDD_ReleaseTX
                0x0000000000082254       0x28 /home/rajesh/.arduino15/packages/arduino/hardware/sam/1.6.6/variants/arduino_due_x/libsam_sam3x8e_gcc_rel.a(uotghs_device.o)
                0x0000000000082254                UDD_ReleaseTX
 .text.UDD_SetAddress
                0x000000000008227c       0x20 /home/rajesh/.arduino15/packages/arduino/hardware/sam/1.6.6/variants/arduino_due_x/libsam_sam3x8e_gcc_rel.a(uotghs_device.o)
                0x000000000008227c                UDD_SetAddress
 .text.__assert_func
                0x000000000008229c       0x3c /media/rajesh/Bharadwaja/github/arduino-1.6.7/Atmel_SAM/packages/arduino/tools/arm-none-eabi-gcc/4.8.3-2014q1/bin/../lib/gcc/arm-none-eabi/4.8.3/../../../../arm-none-eabi/lib/armv7-m/libg.a(lib_a-assert.o)
                0x000000000008229c                __assert_func
 .text.fiprintf
                0x00000000000822d8       0x28 /media/rajesh/Bharadwaja/github/arduino-1.6.7/Atmel_SAM/packages/arduino/tools/arm-none-eabi-gcc/4.8.3-2014q1/bin/../lib/gcc/arm-none-eabi/4.8.3/../../../../arm-none-eabi/lib/armv7-m/libg.a(lib_a-fiprintf.o)
                0x00000000000822d8                fiprintf
 .text.__libc_init_array
                0x0000000000082300       0x50 /media/rajesh/Bharadwaja/github/arduino-1.6.7/Atmel_SAM/packages/arduino/tools/arm-none-eabi-gcc/4.8.3-2014q1/bin/../lib/gcc/arm-none-eabi/4.8.3/../../../../arm-none-eabi/lib/armv7-m/libg.a(lib_a-init.o)
                0x0000000000082300                __libc_init_array
 .text.iprintf  0x0000000000082350       0x28 /media/rajesh/Bharadwaja/github/arduino-1.6.7/Atmel_SAM/packages/arduino/tools/arm-none-eabi-gcc/4.8.3-2014q1/bin/../lib/gcc/arm-none-eabi/4.8.3/../../../../arm-none-eabi/lib/armv7-m/libg.a(lib_a-iprintf.o)
                0x0000000000082350                iprintf
 .text.memset   0x0000000000082378       0x94 /media/rajesh/Bharadwaja/github/arduino-1.6.7/Atmel_SAM/packages/arduino/tools/arm-none-eabi-gcc/4.8.3-2014q1/bin/../lib/gcc/arm-none-eabi/4.8.3/../../../../arm-none-eabi/lib/armv7-m/libg.a(lib_a-memset.o)
                0x0000000000082378                memset
 .text.strlen   0x000000000008240c       0x60 /media/rajesh/Bharadwaja/github/arduino-1.6.7/Atmel_SAM/packages/arduino/tools/arm-none-eabi-gcc/4.8.3-2014q1/bin/../lib/gcc/arm-none-eabi/4.8.3/../../../../arm-none-eabi/lib/armv7-m/libg.a(lib_a-strlen.o)
                0x000000000008240c                strlen
 .text.__sprint_r.part.0
                0x000000000008246c       0x78 /media/rajesh/Bharadwaja/github/arduino-1.6.7/Atmel_SAM/packages/arduino/tools/arm-none-eabi-gcc/4.8.3-2014q1/bin/../lib/gcc/arm-none-eabi/4.8.3/../../../../arm-none-eabi/lib/armv7-m/libg.a(lib_a-vfiprintf.o)
 .text._vfiprintf_r
                0x00000000000824e4      0xc54 /media/rajesh/Bharadwaja/github/arduino-1.6.7/Atmel_SAM/packages/arduino/tools/arm-none-eabi-gcc/4.8.3-2014q1/bin/../lib/gcc/arm-none-eabi/4.8.3/../../../../arm-none-eabi/lib/armv7-m/libg.a(lib_a-vfiprintf.o)
                0x00000000000824e4                _vfiprintf_r
 .text.__sbprintf
                0x0000000000083138       0x7c /media/rajesh/Bharadwaja/github/arduino-1.6.7/Atmel_SAM/packages/arduino/tools/arm-none-eabi-gcc/4.8.3-2014q1/bin/../lib/gcc/arm-none-eabi/4.8.3/../../../../arm-none-eabi/lib/armv7-m/libg.a(lib_a-vfiprintf.o)
 .text.__swsetup_r
                0x00000000000831b4       0xc4 /media/rajesh/Bharadwaja/github/arduino-1.6.7/Atmel_SAM/packages/arduino/tools/arm-none-eabi-gcc/4.8.3-2014q1/bin/../lib/gcc/arm-none-eabi/4.8.3/../../../../arm-none-eabi/lib/armv7-m/libg.a(lib_a-wsetup.o)
                0x00000000000831b4                __swsetup_r
 .text.startup.register_fini
                0x0000000000083278       0x14 /media/rajesh/Bharadwaja/github/arduino-1.6.7/Atmel_SAM/packages/arduino/tools/arm-none-eabi-gcc/4.8.3-2014q1/bin/../lib/gcc/arm-none-eabi/4.8.3/../../../../arm-none-eabi/lib/armv7-m/libg.a(lib_a-__call_atexit.o)
 .text.abort    0x000000000008328c       0x10 /media/rajesh/Bharadwaja/github/arduino-1.6.7/Atmel_SAM/packages/arduino/tools/arm-none-eabi-gcc/4.8.3-2014q1/bin/../lib/gcc/arm-none-eabi/4.8.3/../../../../arm-none-eabi/lib/armv7-m/libg.a(lib_a-abort.o)
                0x000000000008328c                abort
 .text.atexit   0x000000000008329c        0xc /media/rajesh/Bharadwaja/github/arduino-1.6.7/Atmel_SAM/packages/arduino/tools/arm-none-eabi-gcc/4.8.3-2014q1/bin/../lib/gcc/arm-none-eabi/4.8.3/../../../../arm-none-eabi/lib/armv7-m/libg.a(lib_a-atexit.o)
                0x000000000008329c                atexit
 .text.__sflush_r
                0x00000000000832a8      0x148 /media/rajesh/Bharadwaja/github/arduino-1.6.7/Atmel_SAM/packages/arduino/tools/arm-none-eabi-gcc/4.8.3-2014q1/bin/../lib/gcc/arm-none-eabi/4.8.3/../../../../arm-none-eabi/lib/armv7-m/libg.a(lib_a-fflush.o)
                0x00000000000832a8                __sflush_r
 .text._fflush_r
                0x00000000000833f0       0x2c /media/rajesh/Bharadwaja/github/arduino-1.6.7/Atmel_SAM/packages/arduino/tools/arm-none-eabi-gcc/4.8.3-2014q1/bin/../lib/gcc/arm-none-eabi/4.8.3/../../../../arm-none-eabi/lib/armv7-m/libg.a(lib_a-fflush.o)
                0x00000000000833f0                _fflush_r
 .text._cleanup_r
                0x000000000008341c        0xc /media/rajesh/Bharadwaja/github/arduino-1.6.7/Atmel_SAM/packages/arduino/tools/arm-none-eabi-gcc/4.8.3-2014q1/bin/../lib/gcc/arm-none-eabi/4.8.3/../../../../arm-none-eabi/lib/armv7-m/libg.a(lib_a-findfp.o)
                0x000000000008341c                _cleanup_r
 .text.__sinit  0x0000000000083428       0xf4 /media/rajesh/Bharadwaja/github/arduino-1.6.7/Atmel_SAM/packages/arduino/tools/arm-none-eabi-gcc/4.8.3-2014q1/bin/../lib/gcc/arm-none-eabi/4.8.3/../../../../arm-none-eabi/lib/armv7-m/libg.a(lib_a-findfp.o)
                0x0000000000083428                __sinit
 .text.__sfp_lock_acquire
                0x000000000008351c        0x4 /media/rajesh/Bharadwaja/github/arduino-1.6.7/Atmel_SAM/packages/arduino/tools/arm-none-eabi-gcc/4.8.3-2014q1/bin/../lib/gcc/arm-none-eabi/4.8.3/../../../../arm-none-eabi/lib/armv7-m/libg.a(lib_a-findfp.o)
                0x000000000008351c                __sfp_lock_acquire
 .text.__sfp_lock_release
                0x0000000000083520        0x4 /media/rajesh/Bharadwaja/github/arduino-1.6.7/Atmel_SAM/packages/arduino/tools/arm-none-eabi-gcc/4.8.3-2014q1/bin/../lib/gcc/arm-none-eabi/4.8.3/../../../../arm-none-eabi/lib/armv7-m/libg.a(lib_a-findfp.o)
                0x0000000000083520                __sfp_lock_release
 .text.__libc_fini_array
                0x0000000000083524       0x30 /media/rajesh/Bharadwaja/github/arduino-1.6.7/Atmel_SAM/packages/arduino/tools/arm-none-eabi-gcc/4.8.3-2014q1/bin/../lib/gcc/arm-none-eabi/4.8.3/../../../../arm-none-eabi/lib/armv7-m/libg.a(lib_a-fini.o)
                0x0000000000083524                __libc_fini_array
 .text._fputwc_r
                0x0000000000083554       0xc0 /media/rajesh/Bharadwaja/github/arduino-1.6.7/Atmel_SAM/packages/arduino/tools/arm-none-eabi-gcc/4.8.3-2014q1/bin/../lib/gcc/arm-none-eabi/4.8.3/../../../../arm-none-eabi/lib/armv7-m/libg.a(lib_a-fputwc.o)
                0x0000000000083554                _fputwc_r
 .text._malloc_trim_r
                0x0000000000083614       0x9c /media/rajesh/Bharadwaja/github/arduino-1.6.7/Atmel_SAM/packages/arduino/tools/arm-none-eabi-gcc/4.8.3-2014q1/bin/../lib/gcc/arm-none-eabi/4.8.3/../../../../arm-none-eabi/lib/armv7-m/libg.a(lib_a-freer.o)
                0x0000000000083614                _malloc_trim_r
 .text._free_r  0x00000000000836b0      0x198 /media/rajesh/Bharadwaja/github/arduino-1.6.7/Atmel_SAM/packages/arduino/tools/arm-none-eabi-gcc/4.8.3-2014q1/bin/../lib/gcc/arm-none-eabi/4.8.3/../../../../arm-none-eabi/lib/armv7-m/libg.a(lib_a-freer.o)
                0x00000000000836b0                _free_r
 .text.__sfvwrite_r
                0x0000000000083848      0x314 /media/rajesh/Bharadwaja/github/arduino-1.6.7/Atmel_SAM/packages/arduino/tools/arm-none-eabi-gcc/4.8.3-2014q1/bin/../lib/gcc/arm-none-eabi/4.8.3/../../../../arm-none-eabi/lib/armv7-m/libg.a(lib_a-fvwrite.o)
                0x0000000000083848                __sfvwrite_r
 .text._fwalk   0x0000000000083b5c       0x48 /media/rajesh/Bharadwaja/github/arduino-1.6.7/Atmel_SAM/packages/arduino/tools/arm-none-eabi-gcc/4.8.3-2014q1/bin/../lib/gcc/arm-none-eabi/4.8.3/../../../../arm-none-eabi/lib/armv7-m/libg.a(lib_a-fwalk.o)
                0x0000000000083b5c                _fwalk
 .text.__locale_charset
                0x0000000000083ba4        0x8 /media/rajesh/Bharadwaja/github/arduino-1.6.7/Atmel_SAM/packages/arduino/tools/arm-none-eabi-gcc/4.8.3-2014q1/bin/../lib/gcc/arm-none-eabi/4.8.3/../../../../arm-none-eabi/lib/armv7-m/libg.a(lib_a-locale.o)
                0x0000000000083ba4                __locale_charset
 .text.__locale_mb_cur_max
                0x0000000000083bac        0xc /media/rajesh/Bharadwaja/github/arduino-1.6.7/Atmel_SAM/packages/arduino/tools/arm-none-eabi-gcc/4.8.3-2014q1/bin/../lib/gcc/arm-none-eabi/4.8.3/../../../../arm-none-eabi/lib/armv7-m/libg.a(lib_a-locale.o)
                0x0000000000083bac                __locale_mb_cur_max
 .text.__smakebuf_r
                0x0000000000083bb8       0xe0 /media/rajesh/Bharadwaja/github/arduino-1.6.7/Atmel_SAM/packages/arduino/tools/arm-none-eabi-gcc/4.8.3-2014q1/bin/../lib/gcc/arm-none-eabi/4.8.3/../../../../arm-none-eabi/lib/armv7-m/libg.a(lib_a-makebuf.o)
                0x0000000000083bb8                __smakebuf_r
 .text._malloc_r
                0x0000000000083c98      0x538 /media/rajesh/Bharadwaja/github/arduino-1.6.7/Atmel_SAM/packages/arduino/tools/arm-none-eabi-gcc/4.8.3-2014q1/bin/../lib/gcc/arm-none-eabi/4.8.3/../../../../arm-none-eabi/lib/armv7-m/libg.a(lib_a-mallocr.o)
                0x0000000000083c98                _malloc_r
 .text.memchr   0x00000000000841d0       0x94 /media/rajesh/Bharadwaja/github/arduino-1.6.7/Atmel_SAM/packages/arduino/tools/arm-none-eabi-gcc/4.8.3-2014q1/bin/../lib/gcc/arm-none-eabi/4.8.3/../../../../arm-none-eabi/lib/armv7-m/libg.a(lib_a-memchr-stub.o)
                0x00000000000841d0                memchr
 .text          0x0000000000084264       0xec /media/rajesh/Bharadwaja/github/arduino-1.6.7/Atmel_SAM/packages/arduino/tools/arm-none-eabi-gcc/4.8.3-2014q1/bin/../lib/gcc/arm-none-eabi/4.8.3/../../../../arm-none-eabi/lib/armv7-m/libg.a(lib_a-memcpy.o)
                0x0000000000084264                memcpy
 .text.memmove  0x0000000000084350       0xcc /media/rajesh/Bharadwaja/github/arduino-1.6.7/Atmel_SAM/packages/arduino/tools/arm-none-eabi-gcc/4.8.3-2014q1/bin/../lib/gcc/arm-none-eabi/4.8.3/../../../../arm-none-eabi/lib/armv7-m/libg.a(lib_a-memmove.o)
                0x0000000000084350                memmove
 .text.__malloc_lock
                0x000000000008441c        0x4 /media/rajesh/Bharadwaja/github/arduino-1.6.7/Atmel_SAM/packages/arduino/tools/arm-none-eabi-gcc/4.8.3-2014q1/bin/../lib/gcc/arm-none-eabi/4.8.3/../../../../arm-none-eabi/lib/armv7-m/libg.a(lib_a-mlock.o)
                0x000000000008441c                __malloc_lock
 .text.__malloc_unlock
                0x0000000000084420        0x4 /media/rajesh/Bharadwaja/github/arduino-1.6.7/Atmel_SAM/packages/arduino/tools/arm-none-eabi-gcc/4.8.3-2014q1/bin/../lib/gcc/arm-none-eabi/4.8.3/../../../../arm-none-eabi/lib/armv7-m/libg.a(lib_a-mlock.o)
                0x0000000000084420                __malloc_unlock
 .text._realloc_r
                0x0000000000084424      0x3c0 /media/rajesh/Bharadwaja/github/arduino-1.6.7/Atmel_SAM/packages/arduino/tools/arm-none-eabi-gcc/4.8.3-2014q1/bin/../lib/gcc/arm-none-eabi/4.8.3/../../../../arm-none-eabi/lib/armv7-m/libg.a(lib_a-reallocr.o)
                0x0000000000084424                _realloc_r
 .text._sbrk_r  0x00000000000847e4       0x24 /media/rajesh/Bharadwaja/github/arduino-1.6.7/Atmel_SAM/packages/arduino/tools/arm-none-eabi-gcc/4.8.3-2014q1/bin/../lib/gcc/arm-none-eabi/4.8.3/../../../../arm-none-eabi/lib/armv7-m/libg.a(lib_a-sbrkr.o)
                0x00000000000847e4                _sbrk_r
 .text._raise_r
                0x0000000000084808       0x58 /media/rajesh/Bharadwaja/github/arduino-1.6.7/Atmel_SAM/packages/arduino/tools/arm-none-eabi-gcc/4.8.3-2014q1/bin/../lib/gcc/arm-none-eabi/4.8.3/../../../../arm-none-eabi/lib/armv7-m/libg.a(lib_a-signal.o)
                0x0000000000084808                _raise_r
 .text.raise    0x0000000000084860       0x10 /media/rajesh/Bharadwaja/github/arduino-1.6.7/Atmel_SAM/packages/arduino/tools/arm-none-eabi-gcc/4.8.3-2014q1/bin/../lib/gcc/arm-none-eabi/4.8.3/../../../../arm-none-eabi/lib/armv7-m/libg.a(lib_a-signal.o)
                0x0000000000084860                raise
 .text._kill_r  0x0000000000084870       0x28 /media/rajesh/Bharadwaja/github/arduino-1.6.7/Atmel_SAM/packages/arduino/tools/arm-none-eabi-gcc/4.8.3-2014q1/bin/../lib/gcc/arm-none-eabi/4.8.3/../../../../arm-none-eabi/lib/armv7-m/libg.a(lib_a-signalr.o)
                0x0000000000084870                _kill_r
 .text._getpid_r
                0x0000000000084898        0x4 /media/rajesh/Bharadwaja/github/arduino-1.6.7/Atmel_SAM/packages/arduino/tools/arm-none-eabi-gcc/4.8.3-2014q1/bin/../lib/gcc/arm-none-eabi/4.8.3/../../../../arm-none-eabi/lib/armv7-m/libg.a(lib_a-signalr.o)
                0x0000000000084898                _getpid_r
 .text.__sread  0x000000000008489c       0x24 /media/rajesh/Bharadwaja/github/arduino-1.6.7/Atmel_SAM/packages/arduino/tools/arm-none-eabi-gcc/4.8.3-2014q1/bin/../lib/gcc/arm-none-eabi/4.8.3/../../../../arm-none-eabi/lib/armv7-m/libg.a(lib_a-stdio.o)
                0x000000000008489c                __sread
 .text.__swrite
                0x00000000000848c0       0x38 /media/rajesh/Bharadwaja/github/arduino-1.6.7/Atmel_SAM/packages/arduino/tools/arm-none-eabi-gcc/4.8.3-2014q1/bin/../lib/gcc/arm-none-eabi/4.8.3/../../../../arm-none-eabi/lib/armv7-m/libg.a(lib_a-stdio.o)
                0x00000000000848c0                __swrite
 .text.__sseek  0x00000000000848f8       0x20 /media/rajesh/Bharadwaja/github/arduino-1.6.7/Atmel_SAM/packages/arduino/tools/arm-none-eabi-gcc/4.8.3-2014q1/bin/../lib/gcc/arm-none-eabi/4.8.3/../../../../arm-none-eabi/lib/armv7-m/libg.a(lib_a-stdio.o)
                0x00000000000848f8                __sseek
 .text.__sclose
                0x0000000000084918        0x8 /media/rajesh/Bharadwaja/github/arduino-1.6.7/Atmel_SAM/packages/arduino/tools/arm-none-eabi-gcc/4.8.3-2014q1/bin/../lib/gcc/arm-none-eabi/4.8.3/../../../../arm-none-eabi/lib/armv7-m/libg.a(lib_a-stdio.o)
                0x0000000000084918                __sclose
 .text.__swbuf_r
                0x0000000000084920       0xa8 /media/rajesh/Bharadwaja/github/arduino-1.6.7/Atmel_SAM/packages/arduino/tools/arm-none-eabi-gcc/4.8.3-2014q1/bin/../lib/gcc/arm-none-eabi/4.8.3/../../../../arm-none-eabi/lib/armv7-m/libg.a(lib_a-wbuf.o)
                0x0000000000084920                __swbuf_r
 .text._wcrtomb_r
                0x00000000000849c8       0x50 /media/rajesh/Bharadwaja/github/arduino-1.6.7/Atmel_SAM/packages/arduino/tools/arm-none-eabi-gcc/4.8.3-2014q1/bin/../lib/gcc/arm-none-eabi/4.8.3/../../../../arm-none-eabi/lib/armv7-m/libg.a(lib_a-wcrtomb.o)
                0x00000000000849c8                _wcrtomb_r
 .text.__ascii_wctomb
                0x0000000000084a18       0x1c /media/rajesh/Bharadwaja/github/arduino-1.6.7/Atmel_SAM/packages/arduino/tools/arm-none-eabi-gcc/4.8.3-2014q1/bin/../lib/gcc/arm-none-eabi/4.8.3/../../../../arm-none-eabi/lib/armv7-m/libg.a(lib_a-wctomb_r.o)
                0x0000000000084a18                __ascii_wctomb
 .text._write_r
                0x0000000000084a34       0x28 /media/rajesh/Bharadwaja/github/arduino-1.6.7/Atmel_SAM/packages/arduino/tools/arm-none-eabi-gcc/4.8.3-2014q1/bin/../lib/gcc/arm-none-eabi/4.8.3/../../../../arm-none-eabi/lib/armv7-m/libg.a(lib_a-writer.o)
                0x0000000000084a34                _write_r
 .text.__register_exitproc
                0x0000000000084a5c       0xa8 /media/rajesh/Bharadwaja/github/arduino-1.6.7/Atmel_SAM/packages/arduino/tools/arm-none-eabi-gcc/4.8.3-2014q1/bin/../lib/gcc/arm-none-eabi/4.8.3/../../../../arm-none-eabi/lib/armv7-m/libg.a(lib_a-__atexit.o)
                0x0000000000084a5c                __register_exitproc
 .text._close_r
                0x0000000000084b04       0x24 /media/rajesh/Bharadwaja/github/arduino-1.6.7/Atmel_SAM/packages/arduino/tools/arm-none-eabi-gcc/4.8.3-2014q1/bin/../lib/gcc/arm-none-eabi/4.8.3/../../../../arm-none-eabi/lib/armv7-m/libg.a(lib_a-closer.o)
                0x0000000000084b04                _close_r
 .text._fclose_r
                0x0000000000084b28       0x80 /media/rajesh/Bharadwaja/github/arduino-1.6.7/Atmel_SAM/packages/arduino/tools/arm-none-eabi-gcc/4.8.3-2014q1/bin/../lib/gcc/arm-none-eabi/4.8.3/../../../../arm-none-eabi/lib/armv7-m/libg.a(lib_a-fclose.o)
                0x0000000000084b28                _fclose_r
 .text.fclose   0x0000000000084ba8       0x10 /media/rajesh/Bharadwaja/github/arduino-1.6.7/Atmel_SAM/packages/arduino/tools/arm-none-eabi-gcc/4.8.3-2014q1/bin/../lib/gcc/arm-none-eabi/4.8.3/../../../../arm-none-eabi/lib/armv7-m/libg.a(lib_a-fclose.o)
                0x0000000000084ba8                fclose
 .text._fstat_r
                0x0000000000084bb8       0x28 /media/rajesh/Bharadwaja/github/arduino-1.6.7/Atmel_SAM/packages/arduino/tools/arm-none-eabi-gcc/4.8.3-2014q1/bin/../lib/gcc/arm-none-eabi/4.8.3/../../../../arm-none-eabi/lib/armv7-m/libg.a(lib_a-fstatr.o)
                0x0000000000084bb8                _fstat_r
 .text._isatty_r
                0x0000000000084be0       0x24 /media/rajesh/Bharadwaja/github/arduino-1.6.7/Atmel_SAM/packages/arduino/tools/arm-none-eabi-gcc/4.8.3-2014q1/bin/../lib/gcc/arm-none-eabi/4.8.3/../../../../arm-none-eabi/lib/armv7-m/libg.a(lib_a-isattyr.o)
                0x0000000000084be0                _isatty_r
 .text._lseek_r
                0x0000000000084c04       0x28 /media/rajesh/Bharadwaja/github/arduino-1.6.7/Atmel_SAM/packages/arduino/tools/arm-none-eabi-gcc/4.8.3-2014q1/bin/../lib/gcc/arm-none-eabi/4.8.3/../../../../arm-none-eabi/lib/armv7-m/libg.a(lib_a-lseekr.o)
                0x0000000000084c04                _lseek_r
 .text._read_r  0x0000000000084c2c       0x28 /media/rajesh/Bharadwaja/github/arduino-1.6.7/Atmel_SAM/packages/arduino/tools/arm-none-eabi-gcc/4.8.3-2014q1/bin/../lib/gcc/arm-none-eabi/4.8.3/../../../../arm-none-eabi/lib/armv7-m/libg.a(lib_a-readr.o)
                0x0000000000084c2c                _read_r
 .text          0x0000000000084c54       0x2c /media/rajesh/Bharadwaja/github/arduino-1.6.7/Atmel_SAM/packages/arduino/tools/arm-none-eabi-gcc/4.8.3-2014q1/bin/../lib/gcc/arm-none-eabi/4.8.3/armv7-m/libgcc.a(_aeabi_uldivmod.o)
                0x0000000000084c54                __aeabi_uldivmod
 .text          0x0000000000084c80       0x60 /media/rajesh/Bharadwaja/github/arduino-1.6.7/Atmel_SAM/packages/arduino/tools/arm-none-eabi-gcc/4.8.3-2014q1/bin/../lib/gcc/arm-none-eabi/4.8.3/armv7-m/libgcc.a(bpabi.o)
                0x0000000000084c80                __gnu_ldivmod_helper
                0x0000000000084cb0                __gnu_uldivmod_helper
 .text          0x0000000000084ce0        0x4 /media/rajesh/Bharadwaja/github/arduino-1.6.7/Atmel_SAM/packages/arduino/tools/arm-none-eabi-gcc/4.8.3-2014q1/bin/../lib/gcc/arm-none-eabi/4.8.3/armv7-m/libgcc.a(_dvmd_tls.o)
                0x0000000000084ce0                __aeabi_ldiv0
                0x0000000000084ce0                __aeabi_idiv0
 .text          0x0000000000084ce4      0x2a0 /media/rajesh/Bharadwaja/github/arduino-1.6.7/Atmel_SAM/packages/arduino/tools/arm-none-eabi-gcc/4.8.3-2014q1/bin/../lib/gcc/arm-none-eabi/4.8.3/armv7-m/libgcc.a(_divdi3.o)
                0x0000000000084ce4                __divdi3
 .text          0x0000000000084f84      0x290 /media/rajesh/Bharadwaja/github/arduino-1.6.7/Atmel_SAM/packages/arduino/tools/arm-none-eabi-gcc/4.8.3-2014q1/bin/../lib/gcc/arm-none-eabi/4.8.3/armv7-m/libgcc.a(_udivdi3.o)
                0x0000000000084f84                __udivdi3
 *(.glue_7t)
 .glue_7t       0x0000000000000000        0x0 linker stubs
 *(.glue_7)
 .glue_7        0x0000000000000000        0x0 linker stubs
 *(.rodata .rodata* .gnu.linkonce.r.*)
 .rodata.str1.1
                0x0000000000085214       0x19 ./build/core/syscalls_sam3.c.o
 .rodata.str1.1
                0x000000000008522d       0xcc /media/rajesh/Bharadwaja/github/waggle/coresensors/v3/qa_testing/Airsense_Chemsense_powercontrol_test/coresense/build/sketch/coresense.ino.cpp.o
                                         0xd0 (size before relaxing)
 *fill*         0x00000000000852f9        0x7 
 .rodata._ZTV7TwoWire
                0x0000000000085300       0x20 /media/rajesh/Bharadwaja/github/waggle/coresensors/v3/qa_testing/Airsense_Chemsense_powercontrol_test/coresense/build/libraries/Wire/Wire.cpp.o
                0x0000000000085300                vtable for TwoWire
 .rodata._ZL11dscrc_table
                0x0000000000085320      0x100 /media/rajesh/Bharadwaja/github/waggle/coresensors/v3/qa_testing/Airsense_Chemsense_powercontrol_test/coresense/build/libraries/OneWire/OneWire.cpp.o
 .rodata.g_APinDescription
                0x0000000000085420      0xa2c /media/rajesh/Bharadwaja/github/waggle/coresensors/v3/qa_testing/Airsense_Chemsense_powercontrol_test/coresense/build/core/variant.cpp.o
                0x0000000000085420                g_APinDescription
 .rodata.__func__.7227
                0x0000000000085e4c        0xe /home/rajesh/.arduino15/packages/arduino/hardware/sam/1.6.6/variants/arduino_due_x/libsam_sam3x8e_gcc_rel.a(twi.o)
 .rodata.__func__.7157
                0x0000000000085e5a        0xd /home/rajesh/.arduino15/packages/arduino/hardware/sam/1.6.6/variants/arduino_due_x/libsam_sam3x8e_gcc_rel.a(twi.o)
 .rodata.__func__.7176
                0x0000000000085e67        0xc /home/rajesh/.arduino15/packages/arduino/hardware/sam/1.6.6/variants/arduino_due_x/libsam_sam3x8e_gcc_rel.a(twi.o)
 .rodata.str1.1
                0x0000000000085e73       0xb4 /home/rajesh/.arduino15/packages/arduino/hardware/sam/1.6.6/variants/arduino_due_x/libsam_sam3x8e_gcc_rel.a(twi.o)
 .rodata.__func__.7231
                0x0000000000085f27        0xe /home/rajesh/.arduino15/packages/arduino/hardware/sam/1.6.6/variants/arduino_due_x/libsam_sam3x8e_gcc_rel.a(twi.o)
 .rodata.__func__.7195
                0x0000000000085f35        0xd /home/rajesh/.arduino15/packages/arduino/hardware/sam/1.6.6/variants/arduino_due_x/libsam_sam3x8e_gcc_rel.a(twi.o)
 .rodata.__func__.7222
                0x0000000000085f42        0xd /home/rajesh/.arduino15/packages/arduino/hardware/sam/1.6.6/variants/arduino_due_x/libsam_sam3x8e_gcc_rel.a(twi.o)
 .rodata.__func__.7200
                0x0000000000085f4f        0xe /home/rajesh/.arduino15/packages/arduino/hardware/sam/1.6.6/variants/arduino_due_x/libsam_sam3x8e_gcc_rel.a(twi.o)
 .rodata.__func__.7151
                0x0000000000085f5d       0x14 /home/rajesh/.arduino15/packages/arduino/hardware/sam/1.6.6/variants/arduino_due_x/libsam_sam3x8e_gcc_rel.a(twi.o)
 *fill*         0x0000000000085f71        0x3 
 .rodata        0x0000000000085f74       0x40 /home/rajesh/.arduino15/packages/arduino/hardware/sam/1.6.6/variants/arduino_due_x/libsam_sam3x8e_gcc_rel.a(adc.o)
 .rodata.str1.1
                0x0000000000085fb4       0x11 ./build/core/core.a(Print.cpp.o)
 *fill*         0x0000000000085fc5        0x3 
 .rodata._ZTV9UARTClass
                0x0000000000085fc8       0x30 ./build/core/core.a(UARTClass.cpp.o)
                0x0000000000085fc8                vtable for UARTClass
 .rodata._ZTV10USARTClass
                0x0000000000085ff8       0x30 ./build/core/core.a(USARTClass.cpp.o)
                0x0000000000085ff8                vtable for USARTClass
 .rodata._ZTV7Serial_
                0x0000000000086028       0x28 ./build/core/core.a(CDC.cpp.o)
                0x0000000000086028                vtable for Serial_
 .rodata._ZL18_cdcOtherInterface
                0x0000000000086050       0x42 ./build/core/core.a(CDC.cpp.o)
 .rodata._ZL13_cdcInterface
                0x0000000000086092       0x42 ./build/core/core.a(CDC.cpp.o)
 .rodata.STRING_PRODUCT
                0x00000000000860d4        0xc ./build/core/core.a(USBCore.cpp.o)
                0x00000000000860d4                STRING_PRODUCT
 .rodata.USB_DeviceDescriptor
                0x00000000000860e0       0x12 ./build/core/core.a(USBCore.cpp.o)
                0x00000000000860e0                USB_DeviceDescriptor
 .rodata.STRING_LANGUAGE
                0x00000000000860f2        0x4 ./build/core/core.a(USBCore.cpp.o)
                0x00000000000860f2                STRING_LANGUAGE
 .rodata._ZL18test_packet_buffer
                0x00000000000860f6       0x35 ./build/core/core.a(USBCore.cpp.o)
 .rodata.STRING_MANUFACTURER
                0x000000000008612b        0xc ./build/core/core.a(USBCore.cpp.o)
                0x000000000008612b                STRING_MANUFACTURER
 .rodata.USB_DeviceDescriptorA
                0x0000000000086137       0x12 ./build/core/core.a(USBCore.cpp.o)
                0x0000000000086137                USB_DeviceDescriptorA
 .rodata._ZL19USB_DeviceQualifier
                0x0000000000086149        0x9 ./build/core/core.a(USBCore.cpp.o)
 *fill*         0x0000000000086152        0x2 
 .rodata.str1.4
                0x0000000000086154       0x3f /media/rajesh/Bharadwaja/github/arduino-1.6.7/Atmel_SAM/packages/arduino/tools/arm-none-eabi-gcc/4.8.3-2014q1/bin/../lib/gcc/arm-none-eabi/4.8.3/../../../../arm-none-eabi/lib/armv7-m/libg.a(lib_a-assert.o)
                                         0x44 (size before relaxing)
 *fill*         0x0000000000086193        0x1 
 .rodata.str1.4
                0x0000000000086194        0x2 /media/rajesh/Bharadwaja/github/arduino-1.6.7/Atmel_SAM/packages/arduino/tools/arm-none-eabi-gcc/4.8.3-2014q1/bin/../lib/gcc/arm-none-eabi/4.8.3/../../../../arm-none-eabi/lib/armv7-m/libg.a(lib_a-impure.o)
                                          0x4 (size before relaxing)
 *fill*         0x0000000000086196        0x2 
 .rodata._global_impure_ptr
                0x0000000000086198        0x4 /media/rajesh/Bharadwaja/github/arduino-1.6.7/Atmel_SAM/packages/arduino/tools/arm-none-eabi-gcc/4.8.3-2014q1/bin/../lib/gcc/arm-none-eabi/4.8.3/../../../../arm-none-eabi/lib/armv7-m/libg.a(lib_a-impure.o)
                0x0000000000086198                _global_impure_ptr
 .rodata.blanks.6717
                0x000000000008619c       0x10 /media/rajesh/Bharadwaja/github/arduino-1.6.7/Atmel_SAM/packages/arduino/tools/arm-none-eabi-gcc/4.8.3-2014q1/bin/../lib/gcc/arm-none-eabi/4.8.3/../../../../arm-none-eabi/lib/armv7-m/libg.a(lib_a-vfiprintf.o)
 .rodata.str1.4
                0x00000000000861ac       0x30 /media/rajesh/Bharadwaja/github/arduino-1.6.7/Atmel_SAM/packages/arduino/tools/arm-none-eabi-gcc/4.8.3-2014q1/bin/../lib/gcc/arm-none-eabi/4.8.3/../../../../arm-none-eabi/lib/armv7-m/libg.a(lib_a-vfiprintf.o)
 .rodata.zeroes.6718
                0x00000000000861dc       0x10 /media/rajesh/Bharadwaja/github/arduino-1.6.7/Atmel_SAM/packages/arduino/tools/arm-none-eabi-gcc/4.8.3-2014q1/bin/../lib/gcc/arm-none-eabi/4.8.3/../../../../arm-none-eabi/lib/armv7-m/libg.a(lib_a-vfiprintf.o)
 *(.ARM.extab* .gnu.linkonce.armextab.*)
                0x00000000000861ec                . = ALIGN (0x4)
 *(.init)
 .init          0x00000000000861ec        0x4 /media/rajesh/Bharadwaja/github/arduino-1.6.7/Atmel_SAM/packages/arduino/tools/arm-none-eabi-gcc/4.8.3-2014q1/bin/../lib/gcc/arm-none-eabi/4.8.3/armv7-m/crti.o
                0x00000000000861ec                _init
 .init          0x00000000000861f0        0x8 /media/rajesh/Bharadwaja/github/arduino-1.6.7/Atmel_SAM/packages/arduino/tools/arm-none-eabi-gcc/4.8.3-2014q1/bin/../lib/gcc/arm-none-eabi/4.8.3/armv7-m/crtn.o
                0x00000000000861f8                . = ALIGN (0x4)
                0x00000000000861f8                __preinit_array_start = .
 *(.preinit_array)
                0x00000000000861f8                __preinit_array_end = .
                0x00000000000861f8                . = ALIGN (0x4)
                0x00000000000861f8                __init_array_start = .
 *(SORT(.init_array.*))
 .init_array.00000
                0x00000000000861f8        0x4 /media/rajesh/Bharadwaja/github/arduino-1.6.7/Atmel_SAM/packages/arduino/tools/arm-none-eabi-gcc/4.8.3-2014q1/bin/../lib/gcc/arm-none-eabi/4.8.3/../../../../arm-none-eabi/lib/armv7-m/libg.a(lib_a-__call_atexit.o)
 *(.init_array)
 .init_array    0x00000000000861fc        0x4 /media/rajesh/Bharadwaja/github/arduino-1.6.7/Atmel_SAM/packages/arduino/tools/arm-none-eabi-gcc/4.8.3-2014q1/bin/../lib/gcc/arm-none-eabi/4.8.3/armv7-m/crtbegin.o
 .init_array    0x0000000000086200        0x4 /media/rajesh/Bharadwaja/github/waggle/coresensors/v3/qa_testing/Airsense_Chemsense_powercontrol_test/coresense/build/sketch/coresense.ino.cpp.o
 .init_array    0x0000000000086204        0x4 /media/rajesh/Bharadwaja/github/waggle/coresensors/v3/qa_testing/Airsense_Chemsense_powercontrol_test/coresense/build/libraries/Wire/Wire.cpp.o
 .init_array    0x0000000000086208        0x4 /media/rajesh/Bharadwaja/github/waggle/coresensors/v3/qa_testing/Airsense_Chemsense_powercontrol_test/coresense/build/core/variant.cpp.o
 .init_array    0x000000000008620c        0x4 ./build/core/core.a(CDC.cpp.o)
 .init_array    0x0000000000086210        0x4 ./build/core/core.a(USBCore.cpp.o)
                0x0000000000086214                __init_array_end = .
                0x0000000000086214                . = ALIGN (0x4)
 *crtbegin.o(.ctors)
 *(EXCLUDE_FILE(*crtend.o) .ctors)
 *(SORT(.ctors.*))
 *crtend.o(.ctors)
                0x0000000000086214                . = ALIGN (0x4)
 *(.fini)
 .fini          0x0000000000086214        0x4 /media/rajesh/Bharadwaja/github/arduino-1.6.7/Atmel_SAM/packages/arduino/tools/arm-none-eabi-gcc/4.8.3-2014q1/bin/../lib/gcc/arm-none-eabi/4.8.3/armv7-m/crti.o
                0x0000000000086214                _fini
 .fini          0x0000000000086218        0x8 /media/rajesh/Bharadwaja/github/arduino-1.6.7/Atmel_SAM/packages/arduino/tools/arm-none-eabi-gcc/4.8.3-2014q1/bin/../lib/gcc/arm-none-eabi/4.8.3/armv7-m/crtn.o
                0x0000000000086220                . = ALIGN (0x4)
                0x0000000000086220                __fini_array_start = .
 *(.fini_array)
 .fini_array    0x0000000000086220        0x4 /media/rajesh/Bharadwaja/github/arduino-1.6.7/Atmel_SAM/packages/arduino/tools/arm-none-eabi-gcc/4.8.3-2014q1/bin/../lib/gcc/arm-none-eabi/4.8.3/armv7-m/crtbegin.o
 *(SORT(.fini_array.*))
                0x0000000000086224                __fini_array_end = .
 *crtbegin.o(.dtors)
 *(EXCLUDE_FILE(*crtend.o) .dtors)
 *(SORT(.dtors.*))
 *crtend.o(.dtors)
                0x0000000000086224                . = ALIGN (0x4)
                0x0000000000086224                _efixed = .
                0x0000000000086224                PROVIDE (__exidx_start, .)

.vfp11_veneer   0x0000000000086224        0x0
 .vfp11_veneer  0x0000000000000000        0x0 linker stubs

.v4_bx          0x0000000000086224        0x0
 .v4_bx         0x0000000000000000        0x0 linker stubs

.iplt           0x0000000000086224        0x0
 .iplt          0x0000000000000000        0x0 /media/rajesh/Bharadwaja/github/arduino-1.6.7/Atmel_SAM/packages/arduino/tools/arm-none-eabi-gcc/4.8.3-2014q1/bin/../lib/gcc/arm-none-eabi/4.8.3/armv7-m/crtbegin.o

.ARM.exidx      0x0000000000086224        0x8
 *(.ARM.exidx* .gnu.linkonce.armexidx.*)
 .ARM.exidx     0x0000000000086224        0x8 /media/rajesh/Bharadwaja/github/arduino-1.6.7/Atmel_SAM/packages/arduino/tools/arm-none-eabi-gcc/4.8.3-2014q1/bin/../lib/gcc/arm-none-eabi/4.8.3/armv7-m/libgcc.a(_divdi3.o)
 .ARM.exidx     0x000000000008622c        0x0 /media/rajesh/Bharadwaja/github/arduino-1.6.7/Atmel_SAM/packages/arduino/tools/arm-none-eabi-gcc/4.8.3-2014q1/bin/../lib/gcc/arm-none-eabi/4.8.3/armv7-m/libgcc.a(_udivdi3.o)
                                          0x8 (size before relaxing)
                0x000000000008622c                PROVIDE (__exidx_end, .)

.eh_frame       0x000000000008622c        0x0
 .eh_frame      0x000000000008622c        0x0 /media/rajesh/Bharadwaja/github/arduino-1.6.7/Atmel_SAM/packages/arduino/tools/arm-none-eabi-gcc/4.8.3-2014q1/bin/../lib/gcc/arm-none-eabi/4.8.3/armv7-m/crtbegin.o

.rel.dyn        0x000000000008622c        0x0
 .rel.iplt      0x0000000000000000        0x0 /media/rajesh/Bharadwaja/github/arduino-1.6.7/Atmel_SAM/packages/arduino/tools/arm-none-eabi-gcc/4.8.3-2014q1/bin/../lib/gcc/arm-none-eabi/4.8.3/armv7-m/crtbegin.o

.jcr            0x000000000008622c        0x0
 .jcr           0x000000000008622c        0x0 /media/rajesh/Bharadwaja/github/arduino-1.6.7/Atmel_SAM/packages/arduino/tools/arm-none-eabi-gcc/4.8.3-2014q1/bin/../lib/gcc/arm-none-eabi/4.8.3/armv7-m/crtbegin.o

.igot.plt       0x000000000008622c        0x0
 .igot.plt      0x0000000000000000        0x0 /media/rajesh/Bharadwaja/github/arduino-1.6.7/Atmel_SAM/packages/arduino/tools/arm-none-eabi-gcc/4.8.3-2014q1/bin/../lib/gcc/arm-none-eabi/4.8.3/armv7-m/crtbegin.o
                0x000000000008622c                . = ALIGN (0x4)
                0x000000000008622c                _etext = .

.relocate       0x0000000020070000      0x8d4 load address 0x000000000008622c
                0x0000000020070000                . = ALIGN (0x4)
                0x0000000020070000                _srelocate = .
 *(.ramfunc .ramfunc.*)
 .ramfunc       0x0000000020070000       0x2c ./build/core/core.a(Reset.cpp.o)
                0x0000000020070000                banzai
 *(.data .data.*)
 .data.MAC_ID   0x000000002007002c        0x8 /media/rajesh/Bharadwaja/github/waggle/coresensors/v3/qa_testing/Airsense_Chemsense_powercontrol_test/coresense/build/sketch/coresense.ino.cpp.o
                0x000000002007002c                MAC_ID
 .data.SystemCoreClock
                0x0000000020070034        0x4 /home/rajesh/.arduino15/packages/arduino/hardware/sam/1.6.6/variants/arduino_due_x/libsam_sam3x8e_gcc_rel.a(system_sam3xa.o)
                0x0000000020070034                SystemCoreClock
 .data._ZL5ticks
                0x0000000020070038        0x4 ./build/core/core.a(Reset.cpp.o)
 .data._ZL12_usbLineInfo
                0x000000002007003c        0x8 ./build/core/core.a(CDC.cpp.o)
 .data.EndPoints
                0x0000000020070044       0x28 ./build/core/core.a(USBCore.cpp.o)
                0x0000000020070044                EndPoints
 .data.g_interrupt_enabled
                0x000000002007006c        0x4 /home/rajesh/.arduino15/packages/arduino/hardware/sam/1.6.6/variants/arduino_due_x/libsam_sam3x8e_gcc_rel.a(interrupt_sam_nvic.o)
                0x000000002007006c                g_interrupt_enabled
 .data.impure_data
                0x0000000020070070      0x428 /media/rajesh/Bharadwaja/github/arduino-1.6.7/Atmel_SAM/packages/arduino/tools/arm-none-eabi-gcc/4.8.3-2014q1/bin/../lib/gcc/arm-none-eabi/4.8.3/../../../../arm-none-eabi/lib/armv7-m/libg.a(lib_a-impure.o)
 .data._impure_ptr
                0x0000000020070498        0x4 /media/rajesh/Bharadwaja/github/arduino-1.6.7/Atmel_SAM/packages/arduino/tools/arm-none-eabi-gcc/4.8.3-2014q1/bin/../lib/gcc/arm-none-eabi/4.8.3/../../../../arm-none-eabi/lib/armv7-m/libg.a(lib_a-impure.o)
                0x0000000020070498                _impure_ptr
 .data.lc_ctype_charset
                0x000000002007049c       0x20 /media/rajesh/Bharadwaja/github/arduino-1.6.7/Atmel_SAM/packages/arduino/tools/arm-none-eabi-gcc/4.8.3-2014q1/bin/../lib/gcc/arm-none-eabi/4.8.3/../../../../arm-none-eabi/lib/armv7-m/libg.a(lib_a-locale.o)
 .data.__mb_cur_max
                0x00000000200704bc        0x4 /media/rajesh/Bharadwaja/github/arduino-1.6.7/Atmel_SAM/packages/arduino/tools/arm-none-eabi-gcc/4.8.3-2014q1/bin/../lib/gcc/arm-none-eabi/4.8.3/../../../../arm-none-eabi/lib/armv7-m/libg.a(lib_a-locale.o)
                0x00000000200704bc                __mb_cur_max
 .data.__malloc_av_
                0x00000000200704c0      0x408 /media/rajesh/Bharadwaja/github/arduino-1.6.7/Atmel_SAM/packages/arduino/tools/arm-none-eabi-gcc/4.8.3-2014q1/bin/../lib/gcc/arm-none-eabi/4.8.3/../../../../arm-none-eabi/lib/armv7-m/libg.a(lib_a-mallocr.o)
                0x00000000200704c0                __malloc_av_
 .data.__malloc_trim_threshold
                0x00000000200708c8        0x4 /media/rajesh/Bharadwaja/github/arduino-1.6.7/Atmel_SAM/packages/arduino/tools/arm-none-eabi-gcc/4.8.3-2014q1/bin/../lib/gcc/arm-none-eabi/4.8.3/../../../../arm-none-eabi/lib/armv7-m/libg.a(lib_a-mallocr.o)
                0x00000000200708c8                __malloc_trim_threshold
 .data.__malloc_sbrk_base
                0x00000000200708cc        0x4 /media/rajesh/Bharadwaja/github/arduino-1.6.7/Atmel_SAM/packages/arduino/tools/arm-none-eabi-gcc/4.8.3-2014q1/bin/../lib/gcc/arm-none-eabi/4.8.3/../../../../arm-none-eabi/lib/armv7-m/libg.a(lib_a-mallocr.o)
                0x00000000200708cc                __malloc_sbrk_base
 .data.__wctomb
                0x00000000200708d0        0x4 /media/rajesh/Bharadwaja/github/arduino-1.6.7/Atmel_SAM/packages/arduino/tools/arm-none-eabi-gcc/4.8.3-2014q1/bin/../lib/gcc/arm-none-eabi/4.8.3/../../../../arm-none-eabi/lib/armv7-m/libg.a(lib_a-wctomb_r.o)
                0x00000000200708d0                __wctomb
                0x00000000200708d4                . = ALIGN (0x4)
                0x00000000200708d4                _erelocate = .

.bss            0x00000000200708d4      0xb6c load address 0x0000000000086b00
                0x00000000200708d4                . = ALIGN (0x4)
                0x00000000200708d4                _sbss = .
                0x00000000200708d4                _szero = .
 *(.bss .bss.*)
 .bss           0x00000000200708d4       0x1c /media/rajesh/Bharadwaja/github/arduino-1.6.7/Atmel_SAM/packages/arduino/tools/arm-none-eabi-gcc/4.8.3-2014q1/bin/../lib/gcc/arm-none-eabi/4.8.3/armv7-m/crtbegin.o
 .bss.heap.6420
                0x00000000200708f0        0x4 ./build/core/syscalls_sam3.c.o
 .bss.Temp_byte
                0x00000000200708f4        0x8 /media/rajesh/Bharadwaja/github/waggle/coresensors/v3/qa_testing/Airsense_Chemsense_powercontrol_test/coresense/build/sketch/coresense.ino.cpp.o
                0x00000000200708f4                Temp_byte
 .bss.ds2401    0x00000000200708fc       0x14 /media/rajesh/Bharadwaja/github/waggle/coresensors/v3/qa_testing/Airsense_Chemsense_powercontrol_test/coresense/build/sketch/coresense.ino.cpp.o
                0x00000000200708fc                ds2401
 .bss.Wire1     0x0000000020070910       0x94 /media/rajesh/Bharadwaja/github/waggle/coresensors/v3/qa_testing/Airsense_Chemsense_powercontrol_test/coresense/build/libraries/Wire/Wire.cpp.o
                0x0000000020070910                Wire1
 .bss.Wire      0x00000000200709a4       0x94 /media/rajesh/Bharadwaja/github/waggle/coresensors/v3/qa_testing/Airsense_Chemsense_powercontrol_test/coresense/build/libraries/Wire/Wire.cpp.o
                0x00000000200709a4                Wire
 .bss.tx_buffer2
                0x0000000020070a38       0x88 /media/rajesh/Bharadwaja/github/waggle/coresensors/v3/qa_testing/Airsense_Chemsense_powercontrol_test/coresense/build/core/variant.cpp.o
                0x0000000020070a38                tx_buffer2
 .bss.tx_buffer1
                0x0000000020070ac0       0x88 /media/rajesh/Bharadwaja/github/waggle/coresensors/v3/qa_testing/Airsense_Chemsense_powercontrol_test/coresense/build/core/variant.cpp.o
                0x0000000020070ac0                tx_buffer1
 .bss.Serial    0x0000000020070b48       0x24 /media/rajesh/Bharadwaja/github/waggle/coresensors/v3/qa_testing/Airsense_Chemsense_powercontrol_test/coresense/build/core/variant.cpp.o
                0x0000000020070b48                Serial
 .bss.rx_buffer1
                0x0000000020070b6c       0x88 /media/rajesh/Bharadwaja/github/waggle/coresensors/v3/qa_testing/Airsense_Chemsense_powercontrol_test/coresense/build/core/variant.cpp.o
                0x0000000020070b6c                rx_buffer1
 .bss.Serial1   0x0000000020070bf4       0x28 /media/rajesh/Bharadwaja/github/waggle/coresensors/v3/qa_testing/Airsense_Chemsense_powercontrol_test/coresense/build/core/variant.cpp.o
                0x0000000020070bf4                Serial1
 .bss.Serial2   0x0000000020070c1c       0x28 /media/rajesh/Bharadwaja/github/waggle/coresensors/v3/qa_testing/Airsense_Chemsense_powercontrol_test/coresense/build/core/variant.cpp.o
                0x0000000020070c1c                Serial2
 .bss.Serial3   0x0000000020070c44       0x28 /media/rajesh/Bharadwaja/github/waggle/coresensors/v3/qa_testing/Airsense_Chemsense_powercontrol_test/coresense/build/core/variant.cpp.o
                0x0000000020070c44                Serial3
 .bss.tx_buffer3
                0x0000000020070c6c       0x88 /media/rajesh/Bharadwaja/github/waggle/coresensors/v3/qa_testing/Airsense_Chemsense_powercontrol_test/coresense/build/core/variant.cpp.o
                0x0000000020070c6c                tx_buffer3
 .bss.tx_buffer4
                0x0000000020070cf4       0x88 /media/rajesh/Bharadwaja/github/waggle/coresensors/v3/qa_testing/Airsense_Chemsense_powercontrol_test/coresense/build/core/variant.cpp.o
                0x0000000020070cf4                tx_buffer4
 .bss.rx_buffer2
                0x0000000020070d7c       0x88 /media/rajesh/Bharadwaja/github/waggle/coresensors/v3/qa_testing/Airsense_Chemsense_powercontrol_test/coresense/build/core/variant.cpp.o
                0x0000000020070d7c                rx_buffer2
 .bss.rx_buffer3
                0x0000000020070e04       0x88 /media/rajesh/Bharadwaja/github/waggle/coresensors/v3/qa_testing/Airsense_Chemsense_powercontrol_test/coresense/build/core/variant.cpp.o
                0x0000000020070e04                rx_buffer3
 .bss.rx_buffer4
                0x0000000020070e8c       0x88 /media/rajesh/Bharadwaja/github/waggle/coresensors/v3/qa_testing/Airsense_Chemsense_powercontrol_test/coresense/build/core/variant.cpp.o
                0x0000000020070e8c                rx_buffer4
 .bss.gpf_isr   0x0000000020070f14        0x4 /home/rajesh/.arduino15/packages/arduino/hardware/sam/1.6.6/variants/arduino_due_x/libsam_sam3x8e_gcc_rel.a(uotghs.o)
                0x0000000020070f14                gpf_isr
 .bss.callbacksPioA
                0x0000000020070f18       0x80 ./build/core/core.a(WInterrupts.c.o)
 .bss.callbacksPioB
                0x0000000020070f98       0x80 ./build/core/core.a(WInterrupts.c.o)
 .bss.callbacksPioC
                0x0000000020071018       0x80 ./build/core/core.a(WInterrupts.c.o)
 .bss.callbacksPioD
                0x0000000020071098       0x80 ./build/core/core.a(WInterrupts.c.o)
 .bss.pinEnabled
                0x0000000020071118       0x4f ./build/core/core.a(wiring_analog.c.o)
 *fill*         0x0000000020071167        0x1 
 .bss.cdc_rx_buffer
                0x0000000020071168      0x208 ./build/core/core.a(CDC.cpp.o)
                0x0000000020071168                cdc_rx_buffer
 .bss._ZZN7Serial_6acceptEvE5guard
                0x0000000020071370        0x4 ./build/core/core.a(CDC.cpp.o)
 .bss.SerialUSB
                0x0000000020071374       0x14 ./build/core/core.a(CDC.cpp.o)
                0x0000000020071374                SerialUSB
 .bss._cmark    0x0000000020071388        0x2 ./build/core/core.a(USBCore.cpp.o)
                0x0000000020071388                _cmark
 .bss._ZL14isEndpointHalt
                0x000000002007138a        0x1 ./build/core/core.a(USBCore.cpp.o)
 *fill*         0x000000002007138b        0x1 
 .bss._cdcComposite
                0x000000002007138c        0x4 ./build/core/core.a(USBCore.cpp.o)
                0x000000002007138c                _cdcComposite
 .bss._ZL21isRemoteWakeUpEnabled
                0x0000000020071390        0x1 ./build/core/core.a(USBCore.cpp.o)
 *fill*         0x0000000020071391        0x3 
 .bss._usbInitialized
                0x0000000020071394        0x4 ./build/core/core.a(USBCore.cpp.o)
                0x0000000020071394                _usbInitialized
 .bss.USBDevice
                0x0000000020071398        0x1 ./build/core/core.a(USBCore.cpp.o)
                0x0000000020071398                USBDevice
 *fill*         0x0000000020071399        0x3 
 .bss._usbSetInterface
                0x000000002007139c        0x4 ./build/core/core.a(USBCore.cpp.o)
                0x000000002007139c                _usbSetInterface
 .bss._cend     0x00000000200713a0        0x2 ./build/core/core.a(USBCore.cpp.o)
                0x00000000200713a0                _cend
 *fill*         0x00000000200713a2        0x2 
 .bss._usbConfiguration
                0x00000000200713a4        0x4 ./build/core/core.a(USBCore.cpp.o)
                0x00000000200713a4                _usbConfiguration
 .bss._ZZ12PluggableUSBvE3obj
                0x00000000200713a8        0x8 ./build/core/core.a(PluggableUSB.cpp.o)
 .bss._ZGVZ12PluggableUSBvE3obj
                0x00000000200713b0        0x4 ./build/core/core.a(PluggableUSB.cpp.o)
 .bss._dwTickCount
                0x00000000200713b4        0x4 /home/rajesh/.arduino15/packages/arduino/hardware/sam/1.6.6/variants/arduino_due_x/libsam_sam3x8e_gcc_rel.a(timetick.o)
 .bss.ul_recv_fifo_ptr
                0x00000000200713b8       0x28 /home/rajesh/.arduino15/packages/arduino/hardware/sam/1.6.6/variants/arduino_due_x/libsam_sam3x8e_gcc_rel.a(uotghs_device.o)
 .bss.ul_send_fifo_ptr
                0x00000000200713e0       0x28 /home/rajesh/.arduino15/packages/arduino/hardware/sam/1.6.6/variants/arduino_due_x/libsam_sam3x8e_gcc_rel.a(uotghs_device.o)
 .bss.__malloc_max_total_mem
                0x0000000020071408        0x4 /media/rajesh/Bharadwaja/github/arduino-1.6.7/Atmel_SAM/packages/arduino/tools/arm-none-eabi-gcc/4.8.3-2014q1/bin/../lib/gcc/arm-none-eabi/4.8.3/../../../../arm-none-eabi/lib/armv7-m/libg.a(lib_a-mallocr.o)
                0x0000000020071408                __malloc_max_total_mem
 .bss.__malloc_max_sbrked_mem
                0x000000002007140c        0x4 /media/rajesh/Bharadwaja/github/arduino-1.6.7/Atmel_SAM/packages/arduino/tools/arm-none-eabi-gcc/4.8.3-2014q1/bin/../lib/gcc/arm-none-eabi/4.8.3/../../../../arm-none-eabi/lib/armv7-m/libg.a(lib_a-mallocr.o)
                0x000000002007140c                __malloc_max_sbrked_mem
 .bss.__malloc_top_pad
                0x0000000020071410        0x4 /media/rajesh/Bharadwaja/github/arduino-1.6.7/Atmel_SAM/packages/arduino/tools/arm-none-eabi-gcc/4.8.3-2014q1/bin/../lib/gcc/arm-none-eabi/4.8.3/../../../../arm-none-eabi/lib/armv7-m/libg.a(lib_a-mallocr.o)
                0x0000000020071410                __malloc_top_pad
 .bss.__malloc_current_mallinfo
                0x0000000020071414       0x28 /media/rajesh/Bharadwaja/github/arduino-1.6.7/Atmel_SAM/packages/arduino/tools/arm-none-eabi-gcc/4.8.3-2014q1/bin/../lib/gcc/arm-none-eabi/4.8.3/../../../../arm-none-eabi/lib/armv7-m/libg.a(lib_a-mallocr.o)
                0x0000000020071414                __malloc_current_mallinfo
 *(COMMON)
 COMMON         0x000000002007143c        0x4 /media/rajesh/Bharadwaja/github/arduino-1.6.7/Atmel_SAM/packages/arduino/tools/arm-none-eabi-gcc/4.8.3-2014q1/bin/../lib/gcc/arm-none-eabi/4.8.3/../../../../arm-none-eabi/lib/armv7-m/libg.a(lib_a-reent.o)
                0x000000002007143c                errno
                0x0000000020071440                . = ALIGN (0x4)
                0x0000000020071440                _ebss = .
                0x0000000020071440                _ezero = .
                0x0000000020071440                . = ALIGN (0x4)
                0x0000000020071440                _end = .

.stack_dummy    0x0000000020071440        0x0
 *(.stack*)
                0x0000000020088000                __StackTop = (ORIGIN (ram) + 0x18000)
                0x0000000020088000                __StackLimit = (__StackTop - SIZEOF (.stack_dummy))
                0x0000000020088000                PROVIDE (_sstack, __StackLimit)
                0x0000000020088000                PROVIDE (_estack, __StackTop)
OUTPUT(./build/coresense.ino.elf elf32-littlearm)

.ARM.attributes
                0x0000000000000000       0x29
 .ARM.attributes
                0x0000000000000000       0x1d /media/rajesh/Bharadwaja/github/arduino-1.6.7/Atmel_SAM/packages/arduino/tools/arm-none-eabi-gcc/4.8.3-2014q1/bin/../lib/gcc/arm-none-eabi/4.8.3/armv7-m/crti.o
 .ARM.attributes
                0x000000000000001d       0x2d /media/rajesh/Bharadwaja/github/arduino-1.6.7/Atmel_SAM/packages/arduino/tools/arm-none-eabi-gcc/4.8.3-2014q1/bin/../lib/gcc/arm-none-eabi/4.8.3/armv7-m/crtbegin.o
 .ARM.attributes
                0x000000000000004a       0x33 ./build/core/syscalls_sam3.c.o
 .ARM.attributes
                0x000000000000007d       0x33 /media/rajesh/Bharadwaja/github/waggle/coresensors/v3/qa_testing/Airsense_Chemsense_powercontrol_test/coresense/build/sketch/coresense.ino.cpp.o
 .ARM.attributes
                0x00000000000000b0       0x33 /media/rajesh/Bharadwaja/github/waggle/coresensors/v3/qa_testing/Airsense_Chemsense_powercontrol_test/coresense/build/libraries/Wire/Wire.cpp.o
 .ARM.attributes
                0x00000000000000e3       0x33 /media/rajesh/Bharadwaja/github/waggle/coresensors/v3/qa_testing/Airsense_Chemsense_powercontrol_test/coresense/build/libraries/OneWire/OneWire.cpp.o
 .ARM.attributes
                0x0000000000000116       0x33 /media/rajesh/Bharadwaja/github/waggle/coresensors/v3/qa_testing/Airsense_Chemsense_powercontrol_test/coresense/build/core/variant.cpp.o
 .ARM.attributes